#
# There is insufficient memory for the Java Runtime Environment to continue.
# Native memory allocation (malloc) failed to allocate 1147008 bytes for Chunk::new
# Possible reasons:
#   The system is out of physical RAM or swap space
#   The process is running with CompressedOops enabled, and the Java Heap may be blocking the growth of the native heap
# Possible solutions:
#   Reduce memory load on the system
#   Increase physical memory or swap space
#   Check if swap backing store is full
#   Decrease Java heap size (-Xmx/-Xms)
#   Decrease number of Java threads
#   Decrease Java thread stack sizes (-Xss)
#   Set larger code cache with -XX:ReservedCodeCacheSize=
#   JVM is running with Unscaled Compressed Oops mode in which the Java heap is
#     placed in the first 4GB address space. The Java Heap base address is the
#     maximum limit for the native heap growth. Please use -XX:HeapBaseMinAddress
#     to set the Java Heap base and to place the Java Heap above 4GB virtual address.
# This output file may be truncated or incomplete.
#
#  Out of Memory Error (arena.cpp:168), pid=14144, tid=23960
#
# JRE version: Java(TM) SE Runtime Environment (21.0.7+8) (build 21.0.7+8-LTS-245)
# Java VM: Java HotSpot(TM) 64-Bit Server VM (21.0.7+8-LTS-245, mixed mode, sharing, tiered, compressed oops, compressed class ptrs, g1 gc, windows-amd64)
# No core dump will be written. Minidumps are not enabled by default on client versions of Windows
#

---------------  S U M M A R Y ------------

Command Line: -javaagent:C:\Program Files\JetBrains\IntelliJ IDEA Community Edition 2025.1.2\lib\idea_rt.jar=55559 -Dfile.encoding=UTF-8 -Dsun.stdout.encoding=UTF-8 -Dsun.stderr.encoding=UTF-8 com.cwa.GestionDeSalleDeSportV2.GestionDeSalleDeSportV2Application

Host: Intel(R) Core(TM) i5-8300H CPU @ 2.30GHz, 8 cores, 7G,  Windows 11 , 64 bit Build 26100 (10.0.26100.5074)
Time: Sat Oct 11 16:26:20 2025 Greenwich elapsed time: 31.854644 seconds (0d 0h 0m 31s)

---------------  T H R E A D  ---------------

Current thread (0x000002180616eac0):  JavaThread "C2 CompilerThread2" daemon [_thread_in_native, id=23960, stack(0x00000054d2600000,0x00000054d2700000) (1024K)]


Current CompileTask:
C2:  31855 9806       4       org.springframework.util.ReflectionUtils::findMethod (109 bytes)

Stack: [0x00000054d2600000,0x00000054d2700000]
Native frames: (J=compiled Java code, j=interpreted, Vv=VM code, C=native code)
V  [jvm.dll+0x6cae19]
V  [jvm.dll+0x855741]
V  [jvm.dll+0x857c6e]
V  [jvm.dll+0x858343]
V  [jvm.dll+0x27e0b6]
V  [jvm.dll+0xc4ecd]
V  [jvm.dll+0xc5403]
V  [jvm.dll+0x3b578c]
V  [jvm.dll+0x381e25]
V  [jvm.dll+0x38129a]
V  [jvm.dll+0x246b30]
V  [jvm.dll+0x24610f]
V  [jvm.dll+0x1c6efe]
V  [jvm.dll+0x255819]
V  [jvm.dll+0x253daa]
V  [jvm.dll+0x3eebb6]
V  [jvm.dll+0x7ffa1b]
V  [jvm.dll+0x6c94fd]
C  [ucrtbase.dll+0x37b0]
C  [KERNEL32.DLL+0x2e8d7]
C  [ntdll.dll+0x8d9c]


---------------  P R O C E S S  ---------------

Threads class SMR info:
_java_thread_list=0x0000021805c520a0, length=21, elements={
0x000002179fbec1c0, 0x00000217be6a2050, 0x00000217be6a28b0, 0x00000217be6ab930,
0x00000217be6ac340, 0x00000217be6ad9b0, 0x00000217be6b4160, 0x00000217be6c6990,
0x00000217be6e72a0, 0x00000217be6ee7b0, 0x0000021804437420, 0x0000021804437a80,
0x000002180467c360, 0x00000218044977d0, 0x0000021805cc99e0, 0x0000021805cca070,
0x000002180616cf80, 0x000002180616eac0, 0x0000021805cc7280, 0x0000021805cc7fa0,
0x0000021805cc8cc0
}

Java Threads: ( => current thread )
  0x000002179fbec1c0 JavaThread "main"                              [_thread_blocked, id=3760, stack(0x00000054d0500000,0x00000054d0600000) (1024K)]
  0x00000217be6a2050 JavaThread "Reference Handler"          daemon [_thread_blocked, id=7624, stack(0x00000054d0d00000,0x00000054d0e00000) (1024K)]
  0x00000217be6a28b0 JavaThread "Finalizer"                  daemon [_thread_blocked, id=18296, stack(0x00000054d0e00000,0x00000054d0f00000) (1024K)]
  0x00000217be6ab930 JavaThread "Signal Dispatcher"          daemon [_thread_blocked, id=6292, stack(0x00000054d0f00000,0x00000054d1000000) (1024K)]
  0x00000217be6ac340 JavaThread "Attach Listener"            daemon [_thread_blocked, id=26348, stack(0x00000054d1000000,0x00000054d1100000) (1024K)]
  0x00000217be6ad9b0 JavaThread "Service Thread"             daemon [_thread_blocked, id=22100, stack(0x00000054d1100000,0x00000054d1200000) (1024K)]
  0x00000217be6b4160 JavaThread "Monitor Deflation Thread"   daemon [_thread_blocked, id=22444, stack(0x00000054d1200000,0x00000054d1300000) (1024K)]
  0x00000217be6c6990 JavaThread "C2 CompilerThread0"         daemon [_thread_in_native, id=13920, stack(0x00000054d1300000,0x00000054d1400000) (1024K)]
  0x00000217be6e72a0 JavaThread "C1 CompilerThread0"         daemon [_thread_in_native, id=11716, stack(0x00000054d1400000,0x00000054d1500000) (1024K)]
  0x00000217be6ee7b0 JavaThread "Common-Cleaner"             daemon [_thread_blocked, id=24260, stack(0x00000054d1500000,0x00000054d1600000) (1024K)]
  0x0000021804437420 JavaThread "Monitor Ctrl-Break"         daemon [_thread_in_native, id=5108, stack(0x00000054d1700000,0x00000054d1800000) (1024K)]
  0x0000021804437a80 JavaThread "Notification Thread"        daemon [_thread_blocked, id=8160, stack(0x00000054d1800000,0x00000054d1900000) (1024K)]
  0x000002180467c360 JavaThread "Thread-0"                          [_thread_blocked, id=25192, stack(0x00000054d1d00000,0x00000054d1e00000) (1024K)]
  0x00000218044977d0 JavaThread "restartedMain"                     [_thread_in_native, id=18600, stack(0x00000054d1e00000,0x00000054d1f00000) (1024K)]
  0x0000021805cc99e0 JavaThread "mysql-cj-abandoned-connection-cleanup" daemon [_thread_blocked, id=18416, stack(0x00000054d2400000,0x00000054d2500000) (1024K)]
  0x0000021805cca070 JavaThread "HikariPool-1 housekeeper"   daemon [_thread_blocked, id=21744, stack(0x00000054d1600000,0x00000054d1700000) (1024K)]
  0x000002180616cf80 JavaThread "C2 CompilerThread1"         daemon [_thread_in_native, id=10428, stack(0x00000054d2300000,0x00000054d2400000) (1024K)]
=>0x000002180616eac0 JavaThread "C2 CompilerThread2"         daemon [_thread_in_native, id=23960, stack(0x00000054d2600000,0x00000054d2700000) (1024K)]
  0x0000021805cc7280 JavaThread "Catalina-utility-1"                [_thread_blocked, id=8900, stack(0x00000054d2700000,0x00000054d2800000) (1024K)]
  0x0000021805cc7fa0 JavaThread "Catalina-utility-2"                [_thread_blocked, id=23228, stack(0x00000054d2800000,0x00000054d2900000) (1024K)]
  0x0000021805cc8cc0 JavaThread "container-0"                       [_thread_blocked, id=14420, stack(0x00000054d2900000,0x00000054d2a00000) (1024K)]
Total: 21

Other Threads:
  0x00000217be687ca0 VMThread "VM Thread"                           [id=20168, stack(0x00000054d0c00000,0x00000054d0d00000) (1024K)]
  0x00000217be673f60 WatcherThread "VM Periodic Task Thread"        [id=11296, stack(0x00000054d0b00000,0x00000054d0c00000) (1024K)]
  0x00000217a004daa0 WorkerThread "GC Thread#0"                     [id=12252, stack(0x00000054d0600000,0x00000054d0700000) (1024K)]
  0x000002180490d700 WorkerThread "GC Thread#1"                     [id=20396, stack(0x00000054d1900000,0x00000054d1a00000) (1024K)]
  0x000002180490daa0 WorkerThread "GC Thread#2"                     [id=19816, stack(0x00000054d1a00000,0x00000054d1b00000) (1024K)]
  0x000002180468dbe0 WorkerThread "GC Thread#3"                     [id=9532, stack(0x00000054d1b00000,0x00000054d1c00000) (1024K)]
  0x0000021804500c90 WorkerThread "GC Thread#4"                     [id=24480, stack(0x00000054d1c00000,0x00000054d1d00000) (1024K)]
  0x0000021804c8ad20 WorkerThread "GC Thread#5"                     [id=16652, stack(0x00000054d2000000,0x00000054d2100000) (1024K)]
  0x0000021804959870 WorkerThread "GC Thread#6"                     [id=1368, stack(0x00000054d2100000,0x00000054d2200000) (1024K)]
  0x0000021804ac6570 WorkerThread "GC Thread#7"                     [id=1052, stack(0x00000054d2200000,0x00000054d2300000) (1024K)]
  0x000002179fcade20 ConcurrentGCThread "G1 Main Marker"            [id=24816, stack(0x00000054d0700000,0x00000054d0800000) (1024K)]
  0x000002179fcaea80 WorkerThread "G1 Conc#0"                       [id=27100, stack(0x00000054d0800000,0x00000054d0900000) (1024K)]
  0x0000021804dd9960 WorkerThread "G1 Conc#1"                       [id=22888, stack(0x00000054d1f00000,0x00000054d2000000) (1024K)]
  0x00000217be538920 ConcurrentGCThread "G1 Refine#0"               [id=6604, stack(0x00000054d0900000,0x00000054d0a00000) (1024K)]
  0x00000217be53be70 ConcurrentGCThread "G1 Service"                [id=26180, stack(0x00000054d0a00000,0x00000054d0b00000) (1024K)]
Total: 15

Threads with active compile tasks:
C2 CompilerThread0    32035 9563   !   4       org.springframework.util.ReflectionUtils::doWithMethods (186 bytes)
C2 CompilerThread1    32035 9808   !   4       org.springframework.core.annotation.AnnotationsScanner::processMethodHierarchy (276 bytes)
C2 CompilerThread2    32035 9806       4       org.springframework.util.ReflectionUtils::findMethod (109 bytes)
Total: 3

VM state: not at safepoint (normal execution)

VM Mutex/Monitor currently owned by a thread: None

Heap address: 0x0000000083200000, size: 1998 MB, Compressed Oops mode: 32-bit

CDS archive(s) mapped at: [0x00000217bf000000-0x00000217bfc90000-0x00000217bfc90000), size 13172736, SharedBaseAddress: 0x00000217bf000000, ArchiveRelocationMode: 1.
Compressed class space mapped at: 0x00000217c0000000-0x0000021800000000, reserved size: 1073741824
Narrow klass base: 0x00000217bf000000, Narrow klass shift: 0, Narrow klass range: 0x100000000

GC Precious Log:
 CardTable entry size: 512
 Card Set container configuration: InlinePtr #cards 5 size 8 Array Of Cards #cards 12 size 40 Howl #buckets 4 coarsen threshold 1843 Howl Bitmap #cards 512 size 80 coarsen threshold 460 Card regions per heap region 1 cards per card region 2048
 CPUs: 8 total, 8 available
 Memory: 7985M
 Large Page Support: Disabled
 NUMA Support: Disabled
 Compressed Oops: Enabled (32-bit)
 Heap Region Size: 1M
 Heap Min Capacity: 8M
 Heap Initial Capacity: 126M
 Heap Max Capacity: 1998M
 Pre-touch: Disabled
 Parallel Workers: 8
 Concurrent Workers: 2
 Concurrent Refinement Workers: 8
 Periodic GC: Disabled

Heap:
 garbage-first heap   total 95232K, used 52267K [0x0000000083200000, 0x0000000100000000)
  region size 1024K, 10 young (10240K), 5 survivors (5120K)
 Metaspace       used 76645K, committed 77568K, reserved 1179648K
  class space    used 10253K, committed 10688K, reserved 1048576K

Heap Regions: E=young(eden), S=young(survivor), O=old, HS=humongous(starts), HC=humongous(continues), CS=collection set, F=free, TAMS=top-at-mark-start, PB=parsable bottom
|   0|0x0000000083200000, 0x0000000083300000, 0x0000000083300000|100%|HS|  |TAMS 0x0000000083200000| PB 0x0000000083200000| Complete 
|   1|0x0000000083300000, 0x0000000083400000, 0x0000000083400000|100%| O|  |TAMS 0x0000000083300000| PB 0x0000000083300000| Untracked 
|   2|0x0000000083400000, 0x0000000083500000, 0x0000000083500000|100%| O|  |TAMS 0x0000000083400000| PB 0x0000000083400000| Untracked 
|   3|0x0000000083500000, 0x0000000083600000, 0x0000000083600000|100%| O|  |TAMS 0x0000000083500000| PB 0x0000000083500000| Untracked 
|   4|0x0000000083600000, 0x00000000836ffff8, 0x0000000083700000| 99%| O|  |TAMS 0x0000000083600000| PB 0x0000000083600000| Untracked 
|   5|0x0000000083700000, 0x0000000083800000, 0x0000000083800000|100%| O|  |TAMS 0x0000000083700000| PB 0x0000000083700000| Untracked 
|   6|0x0000000083800000, 0x0000000083900000, 0x0000000083900000|100%| O|  |TAMS 0x0000000083800000| PB 0x0000000083800000| Untracked 
|   7|0x0000000083900000, 0x0000000083a00000, 0x0000000083a00000|100%| O|  |TAMS 0x0000000083900000| PB 0x0000000083900000| Untracked 
|   8|0x0000000083a00000, 0x0000000083b00000, 0x0000000083b00000|100%| O|  |TAMS 0x0000000083a00000| PB 0x0000000083a00000| Untracked 
|   9|0x0000000083b00000, 0x0000000083c00000, 0x0000000083c00000|100%| O|  |TAMS 0x0000000083b00000| PB 0x0000000083b00000| Untracked 
|  10|0x0000000083c00000, 0x0000000083d00000, 0x0000000083d00000|100%| O|  |TAMS 0x0000000083c00000| PB 0x0000000083c00000| Untracked 
|  11|0x0000000083d00000, 0x0000000083e00000, 0x0000000083e00000|100%| O|  |TAMS 0x0000000083d00000| PB 0x0000000083d00000| Untracked 
|  12|0x0000000083e00000, 0x0000000083f00000, 0x0000000083f00000|100%| O|  |TAMS 0x0000000083e00000| PB 0x0000000083e00000| Untracked 
|  13|0x0000000083f00000, 0x0000000084000000, 0x0000000084000000|100%| O|  |TAMS 0x0000000083f00000| PB 0x0000000083f00000| Untracked 
|  14|0x0000000084000000, 0x0000000084100000, 0x0000000084100000|100%| O|  |TAMS 0x0000000084000000| PB 0x0000000084000000| Untracked 
|  15|0x0000000084100000, 0x0000000084200000, 0x0000000084200000|100%| O|  |TAMS 0x0000000084100000| PB 0x0000000084100000| Untracked 
|  16|0x0000000084200000, 0x0000000084300000, 0x0000000084300000|100%| O|  |TAMS 0x0000000084200000| PB 0x0000000084200000| Untracked 
|  17|0x0000000084300000, 0x0000000084400000, 0x0000000084400000|100%| O|  |TAMS 0x0000000084300000| PB 0x0000000084300000| Untracked 
|  18|0x0000000084400000, 0x0000000084500000, 0x0000000084500000|100%| O|  |TAMS 0x0000000084400000| PB 0x0000000084400000| Untracked 
|  19|0x0000000084500000, 0x0000000084600000, 0x0000000084600000|100%| O|  |TAMS 0x0000000084500000| PB 0x0000000084500000| Untracked 
|  20|0x0000000084600000, 0x0000000084700000, 0x0000000084700000|100%| O|  |TAMS 0x0000000084600000| PB 0x0000000084600000| Untracked 
|  21|0x0000000084700000, 0x0000000084800000, 0x0000000084800000|100%| O|  |TAMS 0x0000000084700000| PB 0x0000000084700000| Untracked 
|  22|0x0000000084800000, 0x0000000084900000, 0x0000000084900000|100%| O|  |TAMS 0x0000000084800000| PB 0x0000000084800000| Untracked 
|  23|0x0000000084900000, 0x0000000084a00000, 0x0000000084a00000|100%| O|  |TAMS 0x0000000084900000| PB 0x0000000084900000| Untracked 
|  24|0x0000000084a00000, 0x0000000084b00000, 0x0000000084b00000|100%| O|  |TAMS 0x0000000084a00000| PB 0x0000000084a00000| Untracked 
|  25|0x0000000084b00000, 0x0000000084c00000, 0x0000000084c00000|100%| O|  |TAMS 0x0000000084b00000| PB 0x0000000084b00000| Untracked 
|  26|0x0000000084c00000, 0x0000000084d00000, 0x0000000084d00000|100%| O|  |TAMS 0x0000000084c00000| PB 0x0000000084c00000| Untracked 
|  27|0x0000000084d00000, 0x0000000084e00000, 0x0000000084e00000|100%| O|  |TAMS 0x0000000084d00000| PB 0x0000000084d00000| Untracked 
|  28|0x0000000084e00000, 0x0000000084f00000, 0x0000000084f00000|100%| O|  |TAMS 0x0000000084e00000| PB 0x0000000084e00000| Untracked 
|  29|0x0000000084f00000, 0x0000000085000000, 0x0000000085000000|100%| O|  |TAMS 0x0000000084f00000| PB 0x0000000084f00000| Untracked 
|  30|0x0000000085000000, 0x0000000085100000, 0x0000000085100000|100%| O|  |TAMS 0x0000000085000000| PB 0x0000000085000000| Untracked 
|  31|0x0000000085100000, 0x0000000085200000, 0x0000000085200000|100%| O|  |TAMS 0x0000000085100000| PB 0x0000000085100000| Untracked 
|  32|0x0000000085200000, 0x0000000085300000, 0x0000000085300000|100%| O|  |TAMS 0x0000000085200000| PB 0x0000000085200000| Untracked 
|  33|0x0000000085300000, 0x0000000085400000, 0x0000000085400000|100%| O|  |TAMS 0x0000000085300000| PB 0x0000000085300000| Untracked 
|  34|0x0000000085400000, 0x0000000085500000, 0x0000000085500000|100%| O|  |TAMS 0x0000000085400000| PB 0x0000000085400000| Untracked 
|  35|0x0000000085500000, 0x0000000085600000, 0x0000000085600000|100%| O|  |TAMS 0x0000000085500000| PB 0x0000000085500000| Untracked 
|  36|0x0000000085600000, 0x0000000085700000, 0x0000000085700000|100%| O|  |TAMS 0x0000000085600000| PB 0x0000000085600000| Untracked 
|  37|0x0000000085700000, 0x0000000085800000, 0x0000000085800000|100%| O|  |TAMS 0x0000000085700000| PB 0x0000000085700000| Untracked 
|  38|0x0000000085800000, 0x0000000085900000, 0x0000000085900000|100%| O|  |TAMS 0x0000000085800000| PB 0x0000000085800000| Untracked 
|  39|0x0000000085900000, 0x0000000085a00000, 0x0000000085a00000|100%| O|  |TAMS 0x0000000085900000| PB 0x0000000085900000| Untracked 
|  40|0x0000000085a00000, 0x0000000085a18600, 0x0000000085b00000|  9%| O|  |TAMS 0x0000000085a00000| PB 0x0000000085a00000| Untracked 
|  41|0x0000000085b00000, 0x0000000085b00000, 0x0000000085c00000|  0%| F|  |TAMS 0x0000000085b00000| PB 0x0000000085b00000| Untracked 
|  42|0x0000000085c00000, 0x0000000085c00000, 0x0000000085d00000|  0%| F|  |TAMS 0x0000000085c00000| PB 0x0000000085c00000| Untracked 
|  43|0x0000000085d00000, 0x0000000085d00000, 0x0000000085e00000|  0%| F|  |TAMS 0x0000000085d00000| PB 0x0000000085d00000| Untracked 
|  44|0x0000000085e00000, 0x0000000085e00000, 0x0000000085f00000|  0%| F|  |TAMS 0x0000000085e00000| PB 0x0000000085e00000| Untracked 
|  45|0x0000000085f00000, 0x0000000085f00000, 0x0000000086000000|  0%| F|  |TAMS 0x0000000085f00000| PB 0x0000000085f00000| Untracked 
|  46|0x0000000086000000, 0x0000000086000000, 0x0000000086100000|  0%| F|  |TAMS 0x0000000086000000| PB 0x0000000086000000| Untracked 
|  47|0x0000000086100000, 0x0000000086100000, 0x0000000086200000|  0%| F|  |TAMS 0x0000000086100000| PB 0x0000000086100000| Untracked 
|  48|0x0000000086200000, 0x0000000086200000, 0x0000000086300000|  0%| F|  |TAMS 0x0000000086200000| PB 0x0000000086200000| Untracked 
|  49|0x0000000086300000, 0x00000000863f29f8, 0x0000000086400000| 94%| S|CS|TAMS 0x0000000086300000| PB 0x0000000086300000| Complete 
|  50|0x0000000086400000, 0x0000000086400000, 0x0000000086500000|  0%| F|  |TAMS 0x0000000086400000| PB 0x0000000086400000| Untracked 
|  51|0x0000000086500000, 0x0000000086600000, 0x0000000086600000|100%| S|CS|TAMS 0x0000000086500000| PB 0x0000000086500000| Complete 
|  52|0x0000000086600000, 0x0000000086700000, 0x0000000086700000|100%| S|CS|TAMS 0x0000000086600000| PB 0x0000000086600000| Complete 
|  53|0x0000000086700000, 0x0000000086800000, 0x0000000086800000|100%| S|CS|TAMS 0x0000000086700000| PB 0x0000000086700000| Complete 
|  54|0x0000000086800000, 0x0000000086900000, 0x0000000086900000|100%| S|CS|TAMS 0x0000000086800000| PB 0x0000000086800000| Complete 
|  55|0x0000000086900000, 0x0000000086900000, 0x0000000086a00000|  0%| F|  |TAMS 0x0000000086900000| PB 0x0000000086900000| Untracked 
|  56|0x0000000086a00000, 0x0000000086a00000, 0x0000000086b00000|  0%| F|  |TAMS 0x0000000086a00000| PB 0x0000000086a00000| Untracked 
|  57|0x0000000086b00000, 0x0000000086b00000, 0x0000000086c00000|  0%| F|  |TAMS 0x0000000086b00000| PB 0x0000000086b00000| Untracked 
|  58|0x0000000086c00000, 0x0000000086c00000, 0x0000000086d00000|  0%| F|  |TAMS 0x0000000086c00000| PB 0x0000000086c00000| Untracked 
|  59|0x0000000086d00000, 0x0000000086d00000, 0x0000000086e00000|  0%| F|  |TAMS 0x0000000086d00000| PB 0x0000000086d00000| Untracked 
|  60|0x0000000086e00000, 0x0000000086e00000, 0x0000000086f00000|  0%| F|  |TAMS 0x0000000086e00000| PB 0x0000000086e00000| Untracked 
|  61|0x0000000086f00000, 0x0000000086f00000, 0x0000000087000000|  0%| F|  |TAMS 0x0000000086f00000| PB 0x0000000086f00000| Untracked 
|  62|0x0000000087000000, 0x0000000087000000, 0x0000000087100000|  0%| F|  |TAMS 0x0000000087000000| PB 0x0000000087000000| Untracked 
|  63|0x0000000087100000, 0x0000000087100000, 0x0000000087200000|  0%| F|  |TAMS 0x0000000087100000| PB 0x0000000087100000| Untracked 
|  64|0x0000000087200000, 0x0000000087200000, 0x0000000087300000|  0%| F|  |TAMS 0x0000000087200000| PB 0x0000000087200000| Untracked 
|  65|0x0000000087300000, 0x0000000087300000, 0x0000000087400000|  0%| F|  |TAMS 0x0000000087300000| PB 0x0000000087300000| Untracked 
|  66|0x0000000087400000, 0x0000000087400000, 0x0000000087500000|  0%| F|  |TAMS 0x0000000087400000| PB 0x0000000087400000| Untracked 
|  67|0x0000000087500000, 0x0000000087500000, 0x0000000087600000|  0%| F|  |TAMS 0x0000000087500000| PB 0x0000000087500000| Untracked 
|  68|0x0000000087600000, 0x0000000087600000, 0x0000000087700000|  0%| F|  |TAMS 0x0000000087600000| PB 0x0000000087600000| Untracked 
|  69|0x0000000087700000, 0x0000000087700000, 0x0000000087800000|  0%| F|  |TAMS 0x0000000087700000| PB 0x0000000087700000| Untracked 
|  70|0x0000000087800000, 0x0000000087800000, 0x0000000087900000|  0%| F|  |TAMS 0x0000000087800000| PB 0x0000000087800000| Untracked 
|  71|0x0000000087900000, 0x0000000087900000, 0x0000000087a00000|  0%| F|  |TAMS 0x0000000087900000| PB 0x0000000087900000| Untracked 
|  72|0x0000000087a00000, 0x0000000087a00000, 0x0000000087b00000|  0%| F|  |TAMS 0x0000000087a00000| PB 0x0000000087a00000| Untracked 
|  73|0x0000000087b00000, 0x0000000087b00000, 0x0000000087c00000|  0%| F|  |TAMS 0x0000000087b00000| PB 0x0000000087b00000| Untracked 
|  74|0x0000000087c00000, 0x0000000087c00000, 0x0000000087d00000|  0%| F|  |TAMS 0x0000000087c00000| PB 0x0000000087c00000| Untracked 
|  75|0x0000000087d00000, 0x0000000087d00000, 0x0000000087e00000|  0%| F|  |TAMS 0x0000000087d00000| PB 0x0000000087d00000| Untracked 
|  76|0x0000000087e00000, 0x0000000087e00000, 0x0000000087f00000|  0%| F|  |TAMS 0x0000000087e00000| PB 0x0000000087e00000| Untracked 
|  77|0x0000000087f00000, 0x0000000087f00000, 0x0000000088000000|  0%| F|  |TAMS 0x0000000087f00000| PB 0x0000000087f00000| Untracked 
|  78|0x0000000088000000, 0x0000000088000000, 0x0000000088100000|  0%| F|  |TAMS 0x0000000088000000| PB 0x0000000088000000| Untracked 
|  79|0x0000000088100000, 0x0000000088100000, 0x0000000088200000|  0%| F|  |TAMS 0x0000000088100000| PB 0x0000000088100000| Untracked 
|  80|0x0000000088200000, 0x0000000088200000, 0x0000000088300000|  0%| F|  |TAMS 0x0000000088200000| PB 0x0000000088200000| Untracked 
|  81|0x0000000088300000, 0x0000000088300000, 0x0000000088400000|  0%| F|  |TAMS 0x0000000088300000| PB 0x0000000088300000| Untracked 
|  82|0x0000000088400000, 0x0000000088400000, 0x0000000088500000|  0%| F|  |TAMS 0x0000000088400000| PB 0x0000000088400000| Untracked 
| 104|0x0000000089a00000, 0x0000000089a00000, 0x0000000089b00000|  0%| F|  |TAMS 0x0000000089a00000| PB 0x0000000089a00000| Untracked 
| 105|0x0000000089b00000, 0x0000000089b00000, 0x0000000089c00000|  0%| F|  |TAMS 0x0000000089b00000| PB 0x0000000089b00000| Untracked 
| 106|0x0000000089c00000, 0x0000000089c00000, 0x0000000089d00000|  0%| F|  |TAMS 0x0000000089c00000| PB 0x0000000089c00000| Untracked 
| 107|0x0000000089d00000, 0x0000000089e00000, 0x0000000089e00000|100%| E|  |TAMS 0x0000000089d00000| PB 0x0000000089d00000| Complete 
| 108|0x0000000089e00000, 0x0000000089f00000, 0x0000000089f00000|100%| E|CS|TAMS 0x0000000089e00000| PB 0x0000000089e00000| Complete 
| 109|0x0000000089f00000, 0x000000008a000000, 0x000000008a000000|100%| E|CS|TAMS 0x0000000089f00000| PB 0x0000000089f00000| Complete 
| 125|0x000000008af00000, 0x000000008b000000, 0x000000008b000000|100%| E|CS|TAMS 0x000000008af00000| PB 0x000000008af00000| Complete 
|1995|0x00000000ffd00000, 0x00000000ffe00000, 0x00000000ffe00000|100%| E|CS|TAMS 0x00000000ffd00000| PB 0x00000000ffd00000| Complete 
|1996|0x00000000ffe00000, 0x00000000fff00000, 0x00000000fff00000|100%| O|  |TAMS 0x00000000ffe00000| PB 0x00000000ffe00000| Untracked 
|1997|0x00000000fff00000, 0x0000000100000000, 0x0000000100000000|100%| O|  |TAMS 0x00000000fff00000| PB 0x00000000fff00000| Untracked 

Card table byte_map: [0x00000217b98b0000,0x00000217b9ca0000] _byte_map_base: 0x00000217b9497000

Marking Bits: (CMBitMap*) 0x00000217a004e1a0
 Bits: [0x00000217b9ca0000, 0x00000217bbbd8000)

Polling page: 0x00000217a00b0000

Metaspace:

Usage:
  Non-class:     64.85 MB used.
      Class:     10.01 MB used.
       Both:     74.87 MB used.

Virtual space:
  Non-class space:      128.00 MB reserved,      65.31 MB ( 51%) committed,  2 nodes.
      Class space:        1.00 GB reserved,      10.44 MB (  1%) committed,  1 nodes.
             Both:        1.12 GB reserved,      75.75 MB (  7%) committed. 

Chunk freelists:
   Non-Class:  14.56 MB
       Class:  5.41 MB
        Both:  19.97 MB

MaxMetaspaceSize: unlimited
CompressedClassSpaceSize: 1.00 GB
Initial GC threshold: 21.00 MB
Current GC threshold: 114.94 MB
CDS: on
 - commit_granule_bytes: 65536.
 - commit_granule_words: 8192.
 - virtual_space_node_default_size: 8388608.
 - enlarge_chunks_in_place: 1.
 - use_allocation_guard: 0.


Internal statistics:

num_allocs_failed_limit: 8.
num_arena_births: 1316.
num_arena_deaths: 0.
num_vsnodes_births: 3.
num_vsnodes_deaths: 0.
num_space_committed: 1212.
num_space_uncommitted: 0.
num_chunks_returned_to_freelist: 8.
num_chunks_taken_from_freelist: 4258.
num_chunk_merges: 8.
num_chunk_splits: 2966.
num_chunks_enlarged: 2183.
num_inconsistent_stats: 0.

CodeHeap 'non-profiled nmethods': size=120000Kb used=5362Kb max_used=5362Kb free=114637Kb
 bounds [0x00000217b1520000, 0x00000217b1a60000, 0x00000217b8a50000]
CodeHeap 'profiled nmethods': size=120000Kb used=16165Kb max_used=16165Kb free=103834Kb
 bounds [0x00000217a9a50000, 0x00000217aaa20000, 0x00000217b0f80000]
CodeHeap 'non-nmethods': size=5760Kb used=1694Kb max_used=1835Kb free=4065Kb
 bounds [0x00000217b0f80000, 0x00000217b11f0000, 0x00000217b1520000]
 total_blobs=9173 nmethods=8449 adapters=627
 compilation: enabled
              stopped_count=0, restarted_count=0
 full_count=0

Compilation events (20 events):
Event: 31.621 Thread 0x00000217be6e72a0 9833       3       org.springframework.aop.support.ClassFilters$IntersectionClassFilter::matches (44 bytes)
Event: 31.622 Thread 0x00000217be6e72a0 nmethod 9833 0x00000217aaa11790 code [0x00000217aaa11960, 0x00000217aaa11c80]
Event: 31.623 Thread 0x00000217be6e72a0 9834       3       org.springframework.core.MethodParameter::getMethodAnnotations (14 bytes)
Event: 31.624 Thread 0x00000217be6e72a0 nmethod 9834 0x00000217aaa11e10 code [0x00000217aaa11fe0, 0x00000217aaa123f8]
Event: 31.624 Thread 0x00000217be6e72a0 9835       3       org.springframework.beans.factory.support.ConstructorResolver$ConstructorDependencyDescriptor::resolveShortcut (25 bytes)
Event: 31.625 Thread 0x00000217be6e72a0 nmethod 9835 0x00000217aaa12590 code [0x00000217aaa12760, 0x00000217aaa12a78]
Event: 31.625 Thread 0x00000217be6e72a0 9836       3       org.springframework.beans.factory.config.DependencyDescriptor::getResolvableType (49 bytes)
Event: 31.626 Thread 0x00000217be6e72a0 nmethod 9836 0x00000217aaa12b90 code [0x00000217aaa12dc0, 0x00000217aaa13550]
Event: 31.660 Thread 0x00000217be6e72a0 9837       3       org.springframework.beans.factory.config.ConstructorArgumentValues::getIndexedArgumentValue (97 bytes)
Event: 31.662 Thread 0x00000217be6e72a0 nmethod 9837 0x00000217aaa13810 code [0x00000217aaa13ac0, 0x00000217aaa14780]
Event: 31.666 Thread 0x00000217be6e72a0 9838       3       org.springframework.beans.factory.annotation.InitDestroyAnnotationBeanPostProcessor::buildLifecycleMetadata (155 bytes)
Event: 31.669 Thread 0x00000217be6e72a0 nmethod 9838 0x00000217aaa14c10 code [0x00000217aaa14fa0, 0x00000217aaa16968]
Event: 31.687 Thread 0x00000217be6e72a0 9840       2       org.springframework.core.ResolvableType::forMethodParameter (40 bytes)
Event: 31.688 Thread 0x00000217be6e72a0 nmethod 9840 0x00000217aaa17110 code [0x00000217aaa17320, 0x00000217aaa176e0]
Event: 31.712 Thread 0x00000217be6e72a0 9842       2       java.lang.invoke.LambdaForm$MH/0x00000217c042d400::invoke (42 bytes)
Event: 31.714 Thread 0x00000217be6e72a0 nmethod 9842 0x00000217aaa17910 code [0x00000217aaa17b00, 0x00000217aaa17e98]
Event: 31.726 Thread 0x00000217be6e72a0 9843   !   3       jdk.proxy2.$Proxy57::annotationType (29 bytes)
Event: 31.727 Thread 0x00000217be6e72a0 nmethod 9843 0x00000217aaa18110 code [0x00000217aaa182e0, 0x00000217aaa186e0]
Event: 31.728 Thread 0x00000217be6e72a0 9844       2       org.springframework.aop.scope.ScopedProxyUtils::isScopedTarget (19 bytes)
Event: 31.729 Thread 0x00000217be6e72a0 nmethod 9844 0x00000217aaa18890 code [0x00000217aaa18a40, 0x00000217aaa18b80]

GC Heap History (20 events):
Event: 23.208 GC heap before
{Heap before GC invocations=15 (full 0):
 garbage-first heap   total 71680K, used 63398K [0x0000000083200000, 0x0000000100000000)
  region size 1024K, 30 young (30720K), 2 survivors (2048K)
 Metaspace       used 62540K, committed 63296K, reserved 1114112K
  class space    used 8151K, committed 8512K, reserved 1048576K
}
Event: 23.218 GC heap after
{Heap after GC invocations=16 (full 0):
 garbage-first heap   total 71680K, used 37705K [0x0000000083200000, 0x0000000100000000)
  region size 1024K, 4 young (4096K), 4 survivors (4096K)
 Metaspace       used 62540K, committed 63296K, reserved 1114112K
  class space    used 8151K, committed 8512K, reserved 1048576K
}
Event: 23.897 GC heap before
{Heap before GC invocations=16 (full 0):
 garbage-first heap   total 71680K, used 63305K [0x0000000083200000, 0x0000000100000000)
  region size 1024K, 29 young (29696K), 4 survivors (4096K)
 Metaspace       used 63462K, committed 64192K, reserved 1114112K
  class space    used 8304K, committed 8640K, reserved 1048576K
}
Event: 23.909 GC heap after
{Heap after GC invocations=17 (full 0):
 garbage-first heap   total 71680K, used 38359K [0x0000000083200000, 0x0000000100000000)
  region size 1024K, 2 young (2048K), 2 survivors (2048K)
 Metaspace       used 63462K, committed 64192K, reserved 1114112K
  class space    used 8304K, committed 8640K, reserved 1048576K
}
Event: 25.751 GC heap before
{Heap before GC invocations=17 (full 0):
 garbage-first heap   total 71680K, used 62935K [0x0000000083200000, 0x0000000100000000)
  region size 1024K, 27 young (27648K), 2 survivors (2048K)
 Metaspace       used 67804K, committed 68544K, reserved 1114112K
  class space    used 9102K, committed 9408K, reserved 1048576K
}
Event: 25.761 GC heap after
{Heap after GC invocations=18 (full 0):
 garbage-first heap   total 71680K, used 40503K [0x0000000083200000, 0x0000000100000000)
  region size 1024K, 4 young (4096K), 4 survivors (4096K)
 Metaspace       used 67804K, committed 68544K, reserved 1114112K
  class space    used 9102K, committed 9408K, reserved 1048576K
}
Event: 26.513 GC heap before
{Heap before GC invocations=19 (full 0):
 garbage-first heap   total 78848K, used 62007K [0x0000000083200000, 0x0000000100000000)
  region size 1024K, 25 young (25600K), 4 survivors (4096K)
 Metaspace       used 69417K, committed 70080K, reserved 1114112K
  class space    used 9315K, committed 9600K, reserved 1048576K
}
Event: 26.522 GC heap after
{Heap after GC invocations=20 (full 0):
 garbage-first heap   total 78848K, used 41754K [0x0000000083200000, 0x0000000100000000)
  region size 1024K, 2 young (2048K), 2 survivors (2048K)
 Metaspace       used 69417K, committed 70080K, reserved 1114112K
  class space    used 9315K, committed 9600K, reserved 1048576K
}
Event: 26.993 GC heap before
{Heap before GC invocations=20 (full 0):
 garbage-first heap   total 78848K, used 70426K [0x0000000083200000, 0x0000000100000000)
  region size 1024K, 30 young (30720K), 2 survivors (2048K)
 Metaspace       used 69738K, committed 70400K, reserved 1114112K
  class space    used 9361K, committed 9664K, reserved 1048576K
}
Event: 27.003 GC heap after
{Heap after GC invocations=21 (full 0):
 garbage-first heap   total 78848K, used 42022K [0x0000000083200000, 0x0000000100000000)
  region size 1024K, 3 young (3072K), 3 survivors (3072K)
 Metaspace       used 69738K, committed 70400K, reserved 1114112K
  class space    used 9361K, committed 9664K, reserved 1048576K
}
Event: 27.353 GC heap before
{Heap before GC invocations=21 (full 0):
 garbage-first heap   total 78848K, used 69670K [0x0000000083200000, 0x0000000100000000)
  region size 1024K, 30 young (30720K), 3 survivors (3072K)
 Metaspace       used 69869K, committed 70592K, reserved 1114112K
  class space    used 9386K, committed 9728K, reserved 1048576K
}
Event: 27.358 GC heap after
{Heap after GC invocations=22 (full 0):
 garbage-first heap   total 78848K, used 42515K [0x0000000083200000, 0x0000000100000000)
  region size 1024K, 3 young (3072K), 3 survivors (3072K)
 Metaspace       used 69869K, committed 70592K, reserved 1114112K
  class space    used 9386K, committed 9728K, reserved 1048576K
}
Event: 28.136 GC heap before
{Heap before GC invocations=23 (full 0):
 garbage-first heap   total 78848K, used 70163K [0x0000000083200000, 0x0000000100000000)
  region size 1024K, 30 young (30720K), 3 survivors (3072K)
 Metaspace       used 70671K, committed 71360K, reserved 1114112K
  class space    used 9484K, committed 9792K, reserved 1048576K
}
Event: 28.148 GC heap after
{Heap after GC invocations=24 (full 0):
 garbage-first heap   total 78848K, used 43807K [0x0000000083200000, 0x0000000100000000)
  region size 1024K, 3 young (3072K), 3 survivors (3072K)
 Metaspace       used 70671K, committed 71360K, reserved 1114112K
  class space    used 9484K, committed 9792K, reserved 1048576K
}
Event: 29.236 GC heap before
{Heap before GC invocations=24 (full 0):
 garbage-first heap   total 78848K, used 69407K [0x0000000083200000, 0x0000000100000000)
  region size 1024K, 28 young (28672K), 3 survivors (3072K)
 Metaspace       used 72936K, committed 73728K, reserved 1114112K
  class space    used 9801K, committed 10176K, reserved 1048576K
}
Event: 29.247 GC heap after
{Heap after GC invocations=25 (full 0):
 garbage-first heap   total 95232K, used 44507K [0x0000000083200000, 0x0000000100000000)
  region size 1024K, 3 young (3072K), 3 survivors (3072K)
 Metaspace       used 72936K, committed 73728K, reserved 1114112K
  class space    used 9801K, committed 10176K, reserved 1048576K
}
Event: 29.770 GC heap before
{Heap before GC invocations=25 (full 0):
 garbage-first heap   total 95232K, used 85467K [0x0000000083200000, 0x0000000100000000)
  region size 1024K, 43 young (44032K), 3 survivors (3072K)
 Metaspace       used 73589K, committed 74368K, reserved 1114112K
  class space    used 9857K, committed 10240K, reserved 1048576K
}
Event: 29.777 GC heap after
{Heap after GC invocations=26 (full 0):
 garbage-first heap   total 95232K, used 45735K [0x0000000083200000, 0x0000000100000000)
  region size 1024K, 5 young (5120K), 5 survivors (5120K)
 Metaspace       used 73589K, committed 74368K, reserved 1114112K
  class space    used 9857K, committed 10240K, reserved 1048576K
}
Event: 31.526 GC heap before
{Heap before GC invocations=26 (full 0):
 garbage-first heap   total 95232K, used 82599K [0x0000000083200000, 0x0000000100000000)
  region size 1024K, 41 young (41984K), 5 survivors (5120K)
 Metaspace       used 75950K, committed 76864K, reserved 1179648K
  class space    used 10149K, committed 10560K, reserved 1048576K
}
Event: 31.546 GC heap after
{Heap after GC invocations=27 (full 0):
 garbage-first heap   total 95232K, used 48171K [0x0000000083200000, 0x0000000100000000)
  region size 1024K, 5 young (5120K), 5 survivors (5120K)
 Metaspace       used 75950K, committed 76864K, reserved 1179648K
  class space    used 10149K, committed 10560K, reserved 1048576K
}

Dll operation events (13 events):
Event: 0.027 Loaded shared library C:\Java\bin\java.dll
Event: 0.085 Loaded shared library C:\Java\bin\jsvml.dll
Event: 0.271 Loaded shared library C:\Java\bin\zip.dll
Event: 0.276 Loaded shared library C:\java\bin\instrument.dll
Event: 0.285 Loaded shared library C:\java\bin\net.dll
Event: 0.287 Loaded shared library C:\java\bin\nio.dll
Event: 0.291 Loaded shared library C:\java\bin\zip.dll
Event: 0.457 Loaded shared library C:\java\bin\extnet.dll
Event: 0.519 Loaded shared library C:\java\bin\jimage.dll
Event: 1.240 Loaded shared library C:\java\bin\management.dll
Event: 1.242 Loaded shared library C:\java\bin\management_ext.dll
Event: 9.588 Loaded shared library C:\java\bin\sunmscapi.dll
Event: 12.684 Loaded shared library C:\Java\bin\verify.dll

Deoptimization events (20 events):
Event: 30.743 Thread 0x00000218044977d0 Uncommon trap: trap_request=0xffffffde fr.pc=0x00000217b16ce634 relative=0x00000000000000f4
Event: 30.743 Thread 0x00000218044977d0 Uncommon trap: reason=class_check action=maybe_recompile pc=0x00000217b16ce634 method=org.springframework.core.SerializableTypeWrapper.unwrap(Ljava/lang/reflect/Type;)Ljava/lang/reflect/Type; @ 10 c2
Event: 30.743 Thread 0x00000218044977d0 DEOPT PACKING pc=0x00000217b16ce634 sp=0x00000054d1ef9920
Event: 30.743 Thread 0x00000218044977d0 DEOPT UNPACKING pc=0x00000217b0fd46a2 sp=0x00000054d1ef98a8 mode 2
Event: 30.758 Thread 0x00000218044977d0 Uncommon trap: trap_request=0xffffffde fr.pc=0x00000217b16ce61c relative=0x00000000000000dc
Event: 30.758 Thread 0x00000218044977d0 Uncommon trap: reason=class_check action=maybe_recompile pc=0x00000217b16ce61c method=org.springframework.core.SerializableTypeWrapper.unwrap(Ljava/lang/reflect/Type;)Ljava/lang/reflect/Type; @ 20 c2
Event: 30.758 Thread 0x00000218044977d0 DEOPT PACKING pc=0x00000217b16ce61c sp=0x00000054d1ef9bb0
Event: 30.758 Thread 0x00000218044977d0 DEOPT UNPACKING pc=0x00000217b0fd46a2 sp=0x00000054d1ef9b38 mode 2
Event: 31.022 Thread 0x00000218044977d0 Uncommon trap: trap_request=0xffffff45 fr.pc=0x00000217b1a06a38 relative=0x0000000000000098
Event: 31.022 Thread 0x00000218044977d0 Uncommon trap: reason=unstable_if action=reinterpret pc=0x00000217b1a06a38 method=java.lang.reflect.Method.isDefault()Z @ 19 c2
Event: 31.022 Thread 0x00000218044977d0 DEOPT PACKING pc=0x00000217b1a06a38 sp=0x00000054d1ef8060
Event: 31.022 Thread 0x00000218044977d0 DEOPT UNPACKING pc=0x00000217b0fd46a2 sp=0x00000054d1ef7ff0 mode 2
Event: 31.483 Thread 0x00000218044977d0 Uncommon trap: trap_request=0xffffff45 fr.pc=0x00000217b152a9cc relative=0x00000000000000ac
Event: 31.483 Thread 0x00000218044977d0 Uncommon trap: reason=unstable_if action=reinterpret pc=0x00000217b152a9cc method=java.lang.String.isLatin1()Z @ 10 c2
Event: 31.483 Thread 0x00000218044977d0 DEOPT PACKING pc=0x00000217b152a9cc sp=0x00000054d1efd940
Event: 31.483 Thread 0x00000218044977d0 DEOPT UNPACKING pc=0x00000217b0fd46a2 sp=0x00000054d1efd870 mode 2
Event: 31.556 Thread 0x00000218044977d0 Uncommon trap: trap_request=0xffffffc6 fr.pc=0x00000217b18accb4 relative=0x00000000000002f4
Event: 31.556 Thread 0x00000218044977d0 Uncommon trap: reason=bimorphic_or_optimized_type_check action=maybe_recompile pc=0x00000217b18accb4 method=java.util.stream.AbstractPipeline.spliterator()Ljava/util/Spliterator; @ 112 c2
Event: 31.556 Thread 0x00000218044977d0 DEOPT PACKING pc=0x00000217b18accb4 sp=0x00000054d1efdbc0
Event: 31.556 Thread 0x00000218044977d0 DEOPT UNPACKING pc=0x00000217b0fd46a2 sp=0x00000054d1efdb68 mode 2

Classes loaded (20 events):
Event: 28.911 Loading class javax/crypto/SecretKeyFactorySpi
Event: 28.912 Loading class javax/crypto/SecretKeyFactorySpi done
Event: 28.912 Loading class com/sun/crypto/provider/PBKDF2Core done
Event: 28.912 Loading class com/sun/crypto/provider/PBKDF2Core$HmacSHA256 done
Event: 29.687 Loading class java/lang/invoke/BoundMethodHandle$Species_LLLLLLLLLL
Event: 29.687 Loading class java/lang/invoke/BoundMethodHandle$Species_LLLLLLLLLL done
Event: 29.692 Loading class java/lang/invoke/BoundMethodHandle$Species_LLLLLLLLLLL
Event: 29.692 Loading class java/lang/invoke/BoundMethodHandle$Species_LLLLLLLLLLL done
Event: 30.160 Loading class java/time/Duration$1
Event: 30.160 Loading class java/time/Duration$1 done
Event: 30.289 Loading class java/util/Comparators$NullComparator
Event: 30.289 Loading class java/util/Comparators$NullComparator done
Event: 30.946 Loading class java/util/EnumMap$EntrySet
Event: 30.947 Loading class java/util/EnumMap$EntrySet done
Event: 30.948 Loading class java/util/EnumMap$EntryIterator
Event: 30.948 Loading class java/util/EnumMap$EnumMapIterator
Event: 30.949 Loading class java/util/EnumMap$EnumMapIterator done
Event: 30.949 Loading class java/util/EnumMap$EntryIterator done
Event: 30.966 Loading class java/lang/reflect/MalformedParametersException
Event: 30.966 Loading class java/lang/reflect/MalformedParametersException done

Classes unloaded (0 events):
No events

Classes redefined (0 events):
No events

Internal exceptions (20 events):
Event: 23.692 Thread 0x00000218044977d0 Exception <a 'java/lang/IncompatibleClassChangeError'{0x0000000086c26180}: Found class java.lang.Object, but interface was expected> (0x0000000086c26180) 
thrown [s\open\src\hotspot\share\interpreter\linkResolver.cpp, line 840]
Event: 24.079 Thread 0x00000218044977d0 Exception <a 'java/lang/NoSuchMethodError'{0x000000008afdc258}: 'java.lang.Object java.lang.invoke.Invokers$Holder.invoke_MT(java.lang.Object, java.lang.Object, java.lang.Object, java.lang.Object, java.lang.Object, java.lang.Object, java.lang.Object, java.lang.Object, java.lang.Object)'> (0x000000008afdc258) 
thrown [s\open\src\hotspot\share\interpreter\linkResolver.cpp, line 773]
Event: 24.084 Thread 0x00000218044977d0 Exception <a 'java/lang/IncompatibleClassChangeError'{0x0000000089f03970}: Found class java.lang.Object, but interface was expected> (0x0000000089f03970) 
thrown [s\open\src\hotspot\share\interpreter\linkResolver.cpp, line 840]
Event: 26.311 Thread 0x00000218044977d0 Exception <a 'java/lang/NoSuchMethodError'{0x0000000087110548}: 'long java.lang.invoke.DirectMethodHandle$Holder.invokeVirtual(java.lang.Object, java.lang.Object)'> (0x0000000087110548) 
thrown [s\open\src\hotspot\share\interpreter\linkResolver.cpp, line 773]
Event: 26.336 Thread 0x00000218044977d0 Exception <a 'java/io/FileNotFoundException'{0x0000000087137250}> (0x0000000087137250) 
thrown [s\open\src\hotspot\share\prims\jni.cpp, line 520]
Event: 27.628 Thread 0x00000218044977d0 Exception <a 'java/io/FileNotFoundException'{0x0000000089a1eba8}> (0x0000000089a1eba8) 
thrown [s\open\src\hotspot\share\prims\jni.cpp, line 520]
Event: 27.631 Thread 0x00000218044977d0 Exception <a 'java/io/FileNotFoundException'{0x0000000089a28df8}> (0x0000000089a28df8) 
thrown [s\open\src\hotspot\share\prims\jni.cpp, line 520]
Event: 27.813 Thread 0x00000218044977d0 Exception <a 'java/lang/NoSuchMethodError'{0x0000000086a53540}: 'java.lang.Object java.lang.invoke.DirectMethodHandle$Holder.newInvokeSpecial(java.lang.Object, java.lang.Object, java.lang.Object, java.lang.Object, java.lang.Object, java.lang.Object, java.lang.Object, java.lang.Object, java.lang.Object)'> (0x0000000086a53540) 
thrown [s\open\src\hotspot\share\interpreter\linkResolver.cpp, line 773]
Event: 27.822 Thread 0x00000218044977d0 Exception <a 'java/lang/NoSuchMethodError'{0x0000000086a90140}: 'java.lang.Object java.lang.invoke.DirectMethodHandle$Holder.newInvokeSpecial(java.lang.Object, java.lang.Object, java.lang.Object, java.lang.Object, java.lang.Object, java.lang.Object, java.lang.Object, java.lang.Object)'> (0x0000000086a90140) 
thrown [s\open\src\hotspot\share\interpreter\linkResolver.cpp, line 773]
Event: 28.614 Thread 0x00000218044977d0 Exception <a 'java/lang/NoSuchMethodError'{0x000000008746ddb0}: 'java.lang.Object java.lang.invoke.DirectMethodHandle$Holder.invokeVirtual(java.lang.Object, java.lang.Object, java.lang.Object, java.lang.Object, java.lang.Object, java.lang.Object, java.lang.Object)'> (0x000000008746ddb0) 
thrown [s\open\src\hotspot\share\interpreter\linkResolver.cpp, line 773]
Event: 28.780 Thread 0x00000218044977d0 Exception <a 'sun/nio/fs/WindowsException'{0x00000000872f8a28}> (0x00000000872f8a28) 
thrown [s\open\src\hotspot\share\prims\jni.cpp, line 520]
Event: 28.943 Thread 0x00000218044977d0 Implicit null exception at 0x00000217b163bad2 to 0x00000217b163bbaf
Event: 29.247 Thread 0x00000218044977d0 Implicit null exception at 0x00000217b1552540 to 0x00000217b155281c
Event: 29.689 Thread 0x00000218044977d0 Exception <a 'java/lang/NoSuchMethodError'{0x0000000086b1f360}: 'java.lang.Object java.lang.invoke.DirectMethodHandle$Holder.invokeStatic(java.lang.Object, java.lang.Object, java.lang.Object, java.lang.Object, java.lang.Object, java.lang.Object, java.lang.Object, java.lang.Object, java.lang.Object, java.lang.Object, java.lang.Object, java.lang.Object, java.lang.Object)'> (0x0000000086b1f360) 
thrown [s\open\src\hotspot\share\interpreter\linkResolver.cpp, line 773]
Event: 29.693 Thread 0x00000218044977d0 Exception <a 'java/lang/NoSuchMethodError'{0x0000000086b3d7d0}: 'java.lang.Object java.lang.invoke.DirectMethodHandle$Holder.invokeStatic(java.lang.Object, java.lang.Object, java.lang.Object, java.lang.Object, java.lang.Object, java.lang.Object, java.lang.Object, java.lang.Object, java.lang.Object, java.lang.Object, java.lang.Object, java.lang.Object, java.lang.Object, java.lang.Object)'> (0x0000000086b3d7d0) 
thrown [s\open\src\hotspot\share\interpreter\linkResolver.cpp, line 773]
Event: 30.190 Thread 0x00000218044977d0 Implicit null exception at 0x00000217b170dd00 to 0x00000217b170ddb8
Event: 30.190 Thread 0x00000218044977d0 Implicit null exception at 0x00000217b170dd00 to 0x00000217b170ddb8
Event: 31.112 Thread 0x00000218044977d0 Exception <a 'java/lang/IncompatibleClassChangeError'{0x0000000086cc77e0}: Found class java.lang.Object, but interface was expected> (0x0000000086cc77e0) 
thrown [s\open\src\hotspot\share\interpreter\linkResolver.cpp, line 840]
Event: 31.588 Thread 0x00000218044977d0 Exception <a 'java/lang/NoSuchMethodError'{0x00000000ffd6cc48}: 'java.lang.Object java.lang.invoke.DirectMethodHandle$Holder.invokeInterface(java.lang.Object, java.lang.Object, java.lang.Object, java.lang.Object)'> (0x00000000ffd6cc48) 
thrown [s\open\src\hotspot\share\interpreter\linkResolver.cpp, line 773]
Event: 31.703 Thread 0x00000218044977d0 Exception <a 'java/lang/NoSuchMethodError'{0x0000000089f14ee0}: 'void java.lang.invoke.DirectMethodHandle$Holder.invokeVirtual(java.lang.Object, java.lang.Object, long)'> (0x0000000089f14ee0) 
thrown [s\open\src\hotspot\share\interpreter\linkResolver.cpp, line 773]

ZGC Phase Switch (0 events):
No events

VM Operations (20 events):
Event: 28.785 Executing VM operation: HandshakeAllThreads (Deoptimize)
Event: 28.785 Executing VM operation: HandshakeAllThreads (Deoptimize) done
Event: 28.906 Executing VM operation: HandshakeAllThreads (Deoptimize)
Event: 28.906 Executing VM operation: HandshakeAllThreads (Deoptimize) done
Event: 29.235 Executing VM operation: G1CollectForAllocation (G1 Evacuation Pause)
Event: 29.247 Executing VM operation: G1CollectForAllocation (G1 Evacuation Pause) done
Event: 29.770 Executing VM operation: G1CollectForAllocation (G1 Evacuation Pause)
Event: 29.777 Executing VM operation: G1CollectForAllocation (G1 Evacuation Pause) done
Event: 30.444 Executing VM operation: HandshakeAllThreads (Deoptimize)
Event: 30.444 Executing VM operation: HandshakeAllThreads (Deoptimize) done
Event: 30.480 Executing VM operation: HandshakeAllThreads (Deoptimize)
Event: 30.481 Executing VM operation: HandshakeAllThreads (Deoptimize) done
Event: 30.546 Executing VM operation: HandshakeAllThreads (Deoptimize)
Event: 30.546 Executing VM operation: HandshakeAllThreads (Deoptimize) done
Event: 30.550 Executing VM operation: HandshakeAllThreads (Deoptimize)
Event: 30.550 Executing VM operation: HandshakeAllThreads (Deoptimize) done
Event: 31.526 Executing VM operation: G1CollectForAllocation (G1 Evacuation Pause)
Event: 31.546 Executing VM operation: G1CollectForAllocation (G1 Evacuation Pause) done
Event: 31.638 Executing VM operation: HandshakeAllThreads (Deoptimize)
Event: 31.638 Executing VM operation: HandshakeAllThreads (Deoptimize) done

Events (20 events):
Event: 27.482 Thread 0x00000217be687ca0 flushing nmethod 0x00000217a9df1010
Event: 27.482 Thread 0x00000217be687ca0 flushing nmethod 0x00000217a9df4e10
Event: 27.482 Thread 0x00000217be687ca0 flushing nmethod 0x00000217a9df8810
Event: 27.482 Thread 0x00000217be687ca0 flushing nmethod 0x00000217a9e3c490
Event: 27.482 Thread 0x00000217be687ca0 flushing nmethod 0x00000217a9f34990
Event: 27.482 Thread 0x00000217be687ca0 flushing nmethod 0x00000217a9f3d010
Event: 27.482 Thread 0x00000217be687ca0 flushing nmethod 0x00000217aa093b90
Event: 27.482 Thread 0x00000217be687ca0 flushing nmethod 0x00000217aa0ebe10
Event: 27.482 Thread 0x00000217be687ca0 flushing nmethod 0x00000217aa0ec390
Event: 27.482 Thread 0x00000217be687ca0 flushing nmethod 0x00000217aa141c10
Event: 27.482 Thread 0x00000217be687ca0 flushing nmethod 0x00000217aa2a1a10
Event: 27.482 Thread 0x00000217be687ca0 flushing nmethod 0x00000217aa584b10
Event: 27.482 Thread 0x00000217be687ca0 flushing nmethod 0x00000217aa587290
Event: 27.482 Thread 0x00000217be687ca0 flushing nmethod 0x00000217aa5a3810
Event: 27.482 Thread 0x00000217be687ca0 flushing nmethod 0x00000217aa5f2090
Event: 27.482 Thread 0x00000217be687ca0 flushing nmethod 0x00000217aa717810
Event: 27.482 Thread 0x00000217be687ca0 flushing nmethod 0x00000217aa7d7610
Event: 27.482 Thread 0x00000217be687ca0 flushing nmethod 0x00000217aa7d7e90
Event: 27.482 Thread 0x00000217be687ca0 flushing nmethod 0x00000217aa7d8890
Event: 27.482 Thread 0x00000217be687ca0 flushing nmethod 0x00000217aa7e2490


Dynamic libraries:
0x00007ff6a41a0000 - 0x00007ff6a41b0000 	C:\Java\bin\java.exe
0x00007ff910c60000 - 0x00007ff910ec9000 	C:\WINDOWS\SYSTEM32\ntdll.dll
0x00007ff90f6a0000 - 0x00007ff90f769000 	C:\WINDOWS\System32\KERNEL32.DLL
0x00007ff90e290000 - 0x00007ff90e683000 	C:\WINDOWS\System32\KERNELBASE.dll
0x00007ff90e690000 - 0x00007ff90e7db000 	C:\WINDOWS\System32\ucrtbase.dll
0x00007ff8cd130000 - 0x00007ff8cd14b000 	C:\Java\bin\VCRUNTIME140.dll
0x00007ff8cd6f0000 - 0x00007ff8cd709000 	C:\Java\bin\jli.dll
0x00007ff90eae0000 - 0x00007ff90eb94000 	C:\WINDOWS\System32\ADVAPI32.dll
0x00007ff90f900000 - 0x00007ff90f9a9000 	C:\WINDOWS\System32\msvcrt.dll
0x00007ff90edd0000 - 0x00007ff90ee76000 	C:\WINDOWS\System32\sechost.dll
0x00007ff90f2a0000 - 0x00007ff90f3b8000 	C:\WINDOWS\System32\RPCRT4.dll
0x00007ff90f3c0000 - 0x00007ff90f584000 	C:\WINDOWS\System32\USER32.dll
0x00007ff8f3830000 - 0x00007ff8f3ac3000 	C:\WINDOWS\WinSxS\amd64_microsoft.windows.common-controls_6595b64144ccf1df_6.0.26100.5074_none_3e0d6f78e32fd63f\COMCTL32.dll
0x00007ff90e1d0000 - 0x00007ff90e1f7000 	C:\WINDOWS\System32\win32u.dll
0x00007ff90ee80000 - 0x00007ff90eeab000 	C:\WINDOWS\System32\GDI32.dll
0x00007ff90df30000 - 0x00007ff90e05d000 	C:\WINDOWS\System32\gdi32full.dll
0x00007ff90e060000 - 0x00007ff90e103000 	C:\WINDOWS\System32\msvcp_win.dll
0x00007ff8fe1f0000 - 0x00007ff8fe1fb000 	C:\WINDOWS\SYSTEM32\VERSION.dll
0x00007ff90ea00000 - 0x00007ff90ea2f000 	C:\WINDOWS\System32\IMM32.DLL
0x00007ff8cd6e0000 - 0x00007ff8cd6ec000 	C:\Java\bin\vcruntime140_1.dll
0x00007ff8c5bb0000 - 0x00007ff8c5c3e000 	C:\Java\bin\msvcp140.dll
0x00007ff85f2b0000 - 0x00007ff85ffca000 	C:\Java\bin\server\jvm.dll
0x00007ff90f220000 - 0x00007ff90f294000 	C:\WINDOWS\System32\WS2_32.dll
0x00007ff90dc20000 - 0x00007ff90dc7e000 	C:\WINDOWS\SYSTEM32\POWRPROF.dll
0x00007ff8ef480000 - 0x00007ff8ef4b5000 	C:\WINDOWS\SYSTEM32\WINMM.dll
0x00007ff90dc00000 - 0x00007ff90dc14000 	C:\WINDOWS\SYSTEM32\UMPDC.dll
0x00007ff90cb60000 - 0x00007ff90cb7b000 	C:\WINDOWS\SYSTEM32\kernel.appcore.dll
0x00007ff8cc650000 - 0x00007ff8cc65a000 	C:\Java\bin\jimage.dll
0x00007ff90b620000 - 0x00007ff90b862000 	C:\WINDOWS\SYSTEM32\DBGHELP.DLL
0x00007ff910190000 - 0x00007ff91050b000 	C:\WINDOWS\System32\combase.dll
0x00007ff910670000 - 0x00007ff910747000 	C:\WINDOWS\System32\OLEAUT32.dll
0x00007ff8f5ea0000 - 0x00007ff8f5edd000 	C:\WINDOWS\SYSTEM32\dbgcore.DLL
0x00007ff90e960000 - 0x00007ff90e9f9000 	C:\WINDOWS\System32\bcryptPrimitives.dll
0x00007ff903220000 - 0x00007ff90322f000 	C:\Java\bin\instrument.dll
0x00007ff8cbc30000 - 0x00007ff8cbc4f000 	C:\Java\bin\java.dll
0x00007ff90fa40000 - 0x00007ff91018d000 	C:\WINDOWS\System32\SHELL32.dll
0x00007ff90ddc0000 - 0x00007ff90df2c000 	C:\WINDOWS\System32\wintypes.dll
0x00007ff90ba00000 - 0x00007ff90c259000 	C:\WINDOWS\SYSTEM32\windows.storage.dll
0x00007ff90ef70000 - 0x00007ff90f060000 	C:\WINDOWS\System32\SHCORE.dll
0x00007ff90ea50000 - 0x00007ff90eab2000 	C:\WINDOWS\System32\shlwapi.dll
0x00007ff90dce0000 - 0x00007ff90dd09000 	C:\WINDOWS\SYSTEM32\profapi.dll
0x00007ff8c4db0000 - 0x00007ff8c4e87000 	C:\Java\bin\jsvml.dll
0x00007ff8cb170000 - 0x00007ff8cb188000 	C:\Java\bin\zip.dll
0x00007ff8cbc20000 - 0x00007ff8cbc30000 	C:\java\bin\net.dll
0x00007ff9029b0000 - 0x00007ff902acf000 	C:\WINDOWS\SYSTEM32\WINHTTP.dll
0x00007ff90d0c0000 - 0x00007ff90d12b000 	C:\WINDOWS\system32\mswsock.dll
0x00007ff8cbc00000 - 0x00007ff8cbc16000 	C:\java\bin\nio.dll
0x00007ff8cac70000 - 0x00007ff8cac79000 	C:\java\bin\extnet.dll
0x00007ff8cac60000 - 0x00007ff8cac6a000 	C:\java\bin\management.dll
0x00007ff8caa00000 - 0x00007ff8caa0b000 	C:\java\bin\management_ext.dll
0x00007ff90f070000 - 0x00007ff90f078000 	C:\WINDOWS\System32\PSAPI.DLL
0x00007ff90d490000 - 0x00007ff90d4ab000 	C:\WINDOWS\SYSTEM32\CRYPTSP.dll
0x00007ff90cac0000 - 0x00007ff90cafb000 	C:\WINDOWS\system32\rsaenh.dll
0x00007ff90d160000 - 0x00007ff90d18b000 	C:\WINDOWS\SYSTEM32\USERENV.dll
0x00007ff90dcb0000 - 0x00007ff90dcd6000 	C:\WINDOWS\SYSTEM32\bcrypt.dll
0x00007ff90d2f0000 - 0x00007ff90d2fc000 	C:\WINDOWS\SYSTEM32\CRYPTBASE.dll
0x00007ff90c560000 - 0x00007ff90c594000 	C:\WINDOWS\SYSTEM32\IPHLPAPI.DLL
0x00007ff90fa30000 - 0x00007ff90fa3a000 	C:\WINDOWS\System32\NSI.dll
0x00007ff8cac80000 - 0x00007ff8cac8e000 	C:\java\bin\sunmscapi.dll
0x00007ff90e7e0000 - 0x00007ff90e957000 	C:\WINDOWS\System32\CRYPT32.dll
0x00007ff90d5e0000 - 0x00007ff90d610000 	C:\WINDOWS\SYSTEM32\ncrypt.dll
0x00007ff90d590000 - 0x00007ff90d5cf000 	C:\WINDOWS\SYSTEM32\NTASN1.dll
0x00007ff903210000 - 0x00007ff903220000 	C:\Java\bin\verify.dll
0x00007ff90c5f0000 - 0x00007ff90c716000 	C:\WINDOWS\SYSTEM32\DNSAPI.dll
0x00007ff903920000 - 0x00007ff90392b000 	C:\Windows\System32\rasadhlp.dll
0x00007ff8ff6e0000 - 0x00007ff8ff766000 	C:\WINDOWS\System32\fwpuclnt.dll

dbghelp: loaded successfully - version: 4.0.5 - missing functions: none
symbol engine: initialized successfully - sym options: 0x614 - pdb path: .;C:\Java\bin;C:\WINDOWS\SYSTEM32;C:\WINDOWS\WinSxS\amd64_microsoft.windows.common-controls_6595b64144ccf1df_6.0.26100.5074_none_3e0d6f78e32fd63f;C:\Java\bin\server

VM Arguments:
jvm_args: -javaagent:C:\Program Files\JetBrains\IntelliJ IDEA Community Edition 2025.1.2\lib\idea_rt.jar=55559 -Dfile.encoding=UTF-8 -Dsun.stdout.encoding=UTF-8 -Dsun.stderr.encoding=UTF-8 
java_command: com.cwa.GestionDeSalleDeSportV2.GestionDeSalleDeSportV2Application
java_class_path (initial): C:\Users\admin\Desktop\zouPasTouche\app\poject2.0\Soutenance\Backend\v2.0\GestionDeSalleDeSportV2\target\classes;C:\Users\admin\.m2\repository\org\springframework\boot\spring-boot-starter-data-jpa\3.1.5\spring-boot-starter-data-jpa-3.1.5.jar;C:\Users\admin\.m2\repository\org\springframework\boot\spring-boot-starter-aop\3.1.5\spring-boot-starter-aop-3.1.5.jar;C:\Users\admin\.m2\repository\org\aspectj\aspectjweaver\1.9.20\aspectjweaver-1.9.20.jar;C:\Users\admin\.m2\repository\org\springframework\boot\spring-boot-starter-jdbc\3.1.5\spring-boot-starter-jdbc-3.1.5.jar;C:\Users\admin\.m2\repository\com\zaxxer\HikariCP\5.0.1\HikariCP-5.0.1.jar;C:\Users\admin\.m2\repository\org\springframework\spring-jdbc\6.0.13\spring-jdbc-6.0.13.jar;C:\Users\admin\.m2\repository\org\hibernate\orm\hibernate-core\6.2.13.Final\hibernate-core-6.2.13.Final.jar;C:\Users\admin\.m2\repository\jakarta\persistence\jakarta.persistence-api\3.1.0\jakarta.persistence-api-3.1.0.jar;C:\Users\admin\.m2\repository\jakarta\transaction\jakarta.transaction-api\2.0.1\jakarta.transaction-api-2.0.1.jar;C:\Users\admin\.m2\repository\org\jboss\logging\jboss-logging\3.5.3.Final\jboss-logging-3.5.3.Final.jar;C:\Users\admin\.m2\repository\org\hibernate\common\hibernate-commons-annotations\6.0.6.Final\hibernate-commons-annotations-6.0.6.Final.jar;C:\Users\admin\.m2\repository\io\smallrye\jandex\3.0.5\jandex-3.0.5.jar;C:\Users\admin\.m2\repository\com\fasterxml\classmate\1.5.1\classmate-1.5.1.jar;C:\Users\admin\.m2\repository\net\bytebuddy\byte-buddy\1.14.9\byte-buddy-1.14.9.jar;C:\Users\admin\.m2\repository\org\glassfish\jaxb\jaxb-runtime\4.0.3\jaxb-runtime-4.0.3.jar;C:\Users\admin\.m2\repository\org\glassfish\jaxb\jaxb-core\4.0.3\jaxb-core-4.0.3.jar;C:\Users\admin\.m2\repository\org\glassfish\jaxb\txw2\4.0.3\txw2-4.0.3.jar;C:\Users\admin\.m2\repository\com\sun\istack\istack-commons-runtime\4.1.2\istack-commons-runtime-4.1.2.jar;C:\Users\admin\.m2\repository\jakarta\inject\jakarta.inject-api\2.0.1\jakarta.inject-api-2.0.1.jar;C:\Users\admin\.m2\repository\org\antlr\antlr4-runtime\4.10.1\antlr4-runtime-4.10.1.jar;C:\Users\admin\.m2\repository\org\springframework\data\spring-data-jpa\3.1.5\spring-data-jpa-3.1.5.jar;C:\Users\admin\.m2\repository\org\springframework\data\spring-data-commons\3.1.5\spring-data-commons-3.1.5.jar;C:\Users\admin\.m2\repository\org\springframework\spring-orm\6.0.13\spring-orm-6.0.13.jar;C:\Users\admin\.m2\repository\org\springframework\spring-context\6.0.13\spring-context-6.0.13.jar;C:\Users\admin\.m2\repository\org\springframework\spring-tx\6.0.13\spring-tx-6.0.13.jar;C:\Users\admin\.m2\repository\org\springframework\spring-beans\6.0.13\spring-beans-6.0.13.jar;C:\Users\admin\.m2\repository\jakarta\annotation\jakarta.annotation-api\2.1.1\jakarta.annotation-api-2.1.1.jar;C:\Users\admin\.m2\repository\org\springframework\spring-aspects\6.0.13\spring-aspects-6.0.13.jar;C:\Users\admin\.m2\repository\org\springframework\boot\spring-boot-starter-security\3.1.5\spring-boot-starter-security-3.1.5.jar;C:\Users\admin\.m2\repository\org\springframework\boot\spring-boot-starter\3.1.5\spring-boot-starter-3.1.5.jar;C:\Users\admin\.m2\repository\org\yaml\snakeyaml\1.33\snakeyaml-1.33.jar;C:\Users\admin\.m2\repository\org\springframework\spring-aop\6.0.13\spring-aop-6.0.13.jar;C:\Users\admin\.m2\repository\org\springframework\security\spring-security-config\6.1.5\spring-security-config-6.1.5.jar;C:\Users\admin\.m2\repository\org\springframework\security\spring-security-web\6.1.5\spring-security-web-6.1.5.jar;C:\Users\admin\.m2\repository\org\springframework\spring-expression\6.0.13\spring-expression-6.0.13.jar;C:\Users\admin\.m2\repository\org\springframework\boot\spring-boot-starter-web\3.1.5\spring-boot-starter-web-3.1.5.jar;C:\Users\admin\.m2\repository\org\springframework\boot\spring-boot-starter-json\3.1.5\spring-boot-starter-json-3.1.5.jar;C:\Users\admin\.m2\repository\com\fasterxml\jackson\datatype\jackson-datatype-jdk8\2.15.3\jackson-datatype-jdk8-2.15.3.jar;C:\Users\admin\.m2\repository\com\fasterxml\jackson\module\jackson-module-parameter-names\2.15.3\jackson-module-parameter-names-2.15.3.jar;C:\Users\admin\.m2\repository\org\springframework\boot\spring-boot-starter-tomcat\3.1.5\spring-boot-starter-tomcat-3.1.5.jar;C:\Users\admin\.m2\repository\org\apache\tomcat\embed\tomcat-embed-core\10.1.15\tomcat-embed-core-10.1.15.jar;C:\Users\admin\.m2\repository\org\apache\tomcat\embed\tomcat-embed-websocket\10.1.15\tomcat-embed-websocket-10.1.15.jar;C:\Users\admin\.m2\repository\org\springframework\spring-web\6.0.13\spring-web-6.0.13.jar;C:\Users\admin\.m2\repository\io\micrometer\micrometer-observation\1.11.5\micrometer-observation-1.11.5.jar;C:\Users\admin\.m2\repository\io\micrometer\micrometer-commons\1.11.5\micrometer-commons-1.11.5.jar;C:\Users\admin\.m2\repository\org\springframework\spring-webmvc\6.0.13\spring-webmvc-6.0.13.jar;C:\Users\admin\.m2\repository\com\mysql\mysql-connector-j\8.0.33\mysql-connector-j-8.0.33.jar;C:\Users\admin\.m2\repository\jakarta\validation\jakarta.validation-api\3.0.2\jakarta.validation-api-3.0.2.jar;C:\Users\admin\.m2\repository\org\springframework\boot\spring-boot-starter-validation\3.1.5\spring-boot-starter-validation-3.1.5.jar;C:\Users\admin\.m2\repository\org\apache\tomcat\embed\tomcat-embed-el\10.1.15\tomcat-embed-el-10.1.15.jar;C:\Users\admin\.m2\repository\org\hibernate\validator\hibernate-validator\8.0.1.Final\hibernate-validator-8.0.1.Final.jar;C:\Users\admin\.m2\repository\org\springframework\boot\spring-boot-starter-mail\3.1.5\spring-boot-starter-mail-3.1.5.jar;C:\Users\admin\.m2\repository\org\springframework\spring-context-support\6.0.13\spring-context-support-6.0.13.jar;C:\Users\admin\.m2\repository\org\eclipse\angus\jakarta.mail\1.1.0\jakarta.mail-1.1.0.jar;C:\Users\admin\.m2\repository\jakarta\activation\jakarta.activation-api\2.1.2\jakarta.activation-api-2.1.2.jar;C:\Users\admin\.m2\repository\org\eclipse\angus\angus-activation\2.0.1\angus-activation-2.0.1.jar;C:\Users\admin\.m2\repository\org\springdoc\springdoc-openapi-starter-webmvc-ui\2.1.0\springdoc-openapi-starter-webmvc-ui-2.1.0.jar;C:\Users\admin\.m2\repository\org\springdoc\springdoc-openapi-starter-webmvc-api\2.1.0\springdoc-openapi-starter-webmvc-api-2.1.0.jar;C:\Users\admin\.m2\repository\org\springdoc\springdoc-openapi-starter-common\2.1.0\springdoc-openapi-starter-common-2.1.0.jar;C:\Users\admin\.m2\repository\io\swagger\core\v3\swagger-core-jakarta\2.2.9\swagger-core-jakarta-2.2.9.jar;C:\Users\admin\.m2\repository\org\apache\commons\commons-lang3\3.12.0\commons-lang3-3.12.0.jar;C:\Users\admin\.m2\repository\io\swagger\core\v3\swagger-annotations-jakarta\2.2.9\swagger-annotations-jakarta-2.2.9.jar;C:\Users\admin\.m2\repository\io\swagger\core\v3\swagger-models-jakarta\2.2.9\swagger-models-jakarta-2.2.9.jar;C:\Users\admin\.m2\repository\com\fasterxml\jackson\dataformat\jackson-dataformat-yaml\2.15.3\jackson-dataformat-yaml-2.15.3.jar;C:\Users\admin\.m2\repository\org\webjars\swagger-ui\4.18.2\swagger-ui-4.18.2.jar;C:\Users\admin\.m2\repository\com\itextpdf\kernel\7.2.3\kernel-7.2.3.jar;C:\Users\admin\.m2\repository\com\itextpdf\io\7.2.3\io-7.2.3.jar;C:\Users\admin\.m2\repository\com\itextpdf\commons\7.2.3\commons-7.2.3.jar;C:\Users\admin\.m2\repository\org\bouncycastle\bcpkix-jdk15on\1.70\bcpkix-jdk15on-1.70.jar;C:\Users\admin\.m2\repository\org\bouncycastle\bcutil-jdk15on\1.70\bcutil-jdk15on-1.70.jar;C:\Users\admin\.m2\repository\org\bouncycastle\bcprov-jdk15on\1.70\bcprov-jdk15on-1.70.jar;C:\Users\admin\.m2\repository\org\slf4j\slf4j-api\2.0.9\slf4j-api-2.0.9.jar;C:\Users\admin\.m2\repository\com\itextpdf\layout\7.2.3\layout-7.2.3.jar;C:\Users\admin\.m2\repository\io\jsonwebtoken\jjwt-api\0.11.5\jjwt-api-0.11.5.jar;C:\Users\admin\.m2\repository\io\jsonwebtoken\jjwt-impl\0.11.5\jjwt-impl-0.11.5.jar;C:\Users\admin\.m2\repository\io\jsonwebtoken\jjwt-jackson\0.11.5\jjwt-jackson-0.11.5.jar;C:\Users\admin\.m2\repository\com\fasterxml\jackson\core\jackson-databind\2.15.3\jackson-databind-2.15.3.jar;C:\Users\admin\.m2\repository\org\springframework\boot\spring-boot-devtools\3.1.5\spring-boot-devtools-3.1.5.jar;C:\Users\admin\.m2\repository\org\springframework\boot\spring-boot\3.1.5\spring-boot-3.1.5.jar;C:\Users\admin\.m2\repository\org\springframework\boot\spring-boot-autoconfigure\3.1.5\spring-boot-autoconfigure-3.1.5.jar;C:\Users\admin\.m2\repository\jakarta\xml\bind\jakarta.xml.bind-api\4.0.1\jakarta.xml.bind-api-4.0.1.jar;C:\Users\admin\.m2\repository\org\springframework\spring-core\6.0.13\spring-core-6.0.13.jar;C:\Users\admin\.m2\repository\org\springframework\spring-jcl\6.0.13\spring-jcl-6.0.13.jar;C:\Users\admin\.m2\repository\org\springframework\security\spring-security-core\6.1.5\spring-security-core-6.1.5.jar;C:\Users\admin\.m2\repository\org\springframework\security\spring-security-crypto\6.1.5\spring-security-crypto-6.1.5.jar;C:\Users\admin\.m2\repository\org\springframework\boot\spring-boot-starter-logging\3.1.5\spring-boot-starter-logging-3.1.5.jar;C:\Users\admin\.m2\repository\ch\qos\logback\logback-classic\1.4.11\logback-classic-1.4.11.jar;C:\Users\admin\.m2\repository\ch\qos\logback\logback-core\1.4.11\logback-core-1.4.11.jar;C:\Users\admin\.m2\repository\org\apache\logging\log4j\log4j-to-slf4j\2.20.0\log4j-to-slf4j-2.20.0.jar;C:\Users\admin\.m2\repository\org\apache\logging\log4j\log4j-api\2.20.0\log4j-api-2.20.0.jar;C:\Users\admin\.m2\repository\org\slf4j\jul-to-slf4j\2.0.9\jul-to-slf4j-2.0.9.jar;C:\Users\admin\.m2\repository\com\fasterxml\jackson\datatype\jackson-datatype-jsr310\2.15.2\jackson-datatype-jsr310-2.15.2.jar;C:\Users\admin\.m2\repository\com\fasterxml\jackson\core\jackson-annotations\2.15.3\jackson-annotations-2.15.3.jar;C:\Users\admin\.m2\repository\com\fasterxml\jackson\core\jackson-core\2.15.3\jackson-core-2.15.3.jar
Launcher Type: SUN_STANDARD

[Global flags]
     intx CICompilerCount                          = 4                                         {product} {ergonomic}
     uint ConcGCThreads                            = 2                                         {product} {ergonomic}
     uint G1ConcRefinementThreads                  = 8                                         {product} {ergonomic}
   size_t G1HeapRegionSize                         = 1048576                                   {product} {ergonomic}
    uintx GCDrainStackTargetSize                   = 64                                        {product} {ergonomic}
   size_t InitialHeapSize                          = 132120576                                 {product} {ergonomic}
   size_t MarkStackSize                            = 4194304                                   {product} {ergonomic}
   size_t MaxHeapSize                              = 2095054848                                {product} {ergonomic}
   size_t MaxNewSize                               = 1256194048                                {product} {ergonomic}
   size_t MinHeapDeltaBytes                        = 1048576                                   {product} {ergonomic}
   size_t MinHeapSize                              = 8388608                                   {product} {ergonomic}
    uintx NonNMethodCodeHeapSize                   = 5839372                                {pd product} {ergonomic}
    uintx NonProfiledCodeHeapSize                  = 122909434                              {pd product} {ergonomic}
    uintx ProfiledCodeHeapSize                     = 122909434                              {pd product} {ergonomic}
    uintx ReservedCodeCacheSize                    = 251658240                              {pd product} {ergonomic}
     bool SegmentedCodeCache                       = true                                      {product} {ergonomic}
   size_t SoftMaxHeapSize                          = 2095054848                             {manageable} {ergonomic}
     bool UseCompressedOops                        = true                           {product lp64_product} {ergonomic}
     bool UseG1GC                                  = true                                      {product} {ergonomic}
     bool UseLargePagesIndividualAllocation        = false                                  {pd product} {ergonomic}

Logging:
Log output configuration:
 #0: stdout all=warning uptime,level,tags foldmultilines=false
 #1: stderr all=off uptime,level,tags foldmultilines=false

Environment Variables:
JAVA_HOME=C:\java
PATH=C:\Program Files\Common Files\Oracle\Java\javapath;C:\WINDOWS\system32;C:\WINDOWS;C:\WINDOWS\System32\Wbem;C:\WINDOWS\System32\WindowsPowerShell\v1.0\;C:\WINDOWS\System32\OpenSSH\;C:\Program Files\dotnet\;C:\java;C:\Users\admin\Desktop\zouPasTouche\maven\apache-maven-3.9.10\bin;C:\Program Files\Git\cmd;C:\Program Files\nodejs\;C:\flutter\bin;C:\Users\admin\AppData\Local\Android\Sdk\cmdline-tools\latest\bin;C:\Users\admin\AppData\Local\Android\Sdk\platform-tools;C:\Users\admin\AppData\Local\Microsoft\WindowsApps;C:\Users\admin\AppData\Local\Programs\Microsoft VS Code\bin;C:\Program Files\JetBrains\IntelliJ IDEA Community Edition 2025.1.2\bin;;C:\Users\admin\AppData\Roaming\npm
USERNAME=admin
OS=Windows_NT
PROCESSOR_IDENTIFIER=Intel64 Family 6 Model 158 Stepping 10, GenuineIntel
TMP=C:\Users\admin\AppData\Local\Temp
TEMP=C:\Users\admin\AppData\Local\Temp




Periodic native trim disabled

---------------  S Y S T E M  ---------------

OS:
 Windows 11 , 64 bit Build 26100 (10.0.26100.5074)
OS uptime: 10 days 0:32 hours
Hyper-V role detected

CPU: total 8 (initial active 8) (4 cores per cpu, 2 threads per core) family 6 model 158 stepping 10 microcode 0xf8, cx8, cmov, fxsr, ht, mmx, 3dnowpref, sse, sse2, sse3, ssse3, sse4.1, sse4.2, popcnt, lzcnt, tsc, tscinvbit, avx, avx2, aes, erms, clmul, bmi1, bmi2, adx, fma, vzeroupper, clflush, clflushopt, hv, rdtscp, f16c
Processor Information for all 8 processors :
  Max Mhz: 2304, Current Mhz: 1502, Mhz Limit: 2304

Memory: 4k page, system-wide physical 7985M (654M free)
TotalPageFile size 23273M (AvailPageFile size 20M)
current process WorkingSet (physical memory assigned to process): 328M, peak: 341M
current process commit charge ("private bytes"): 365M, peak: 378M

vm_info: Java HotSpot(TM) 64-Bit Server VM (21.0.7+8-LTS-245) for windows-amd64 JRE (21.0.7+8-LTS-245), built on 2025-02-21T05:11:27Z by "mach5one" with MS VC++ 17.6 (VS2022)

END.
