#
# There is insufficient memory for the Java Runtime Environment to continue.
# Native memory allocation (malloc) failed to allocate 127216 bytes for Chunk::new
# Possible reasons:
#   The system is out of physical RAM or swap space
#   The process is running with CompressedOops enabled, and the Java Heap may be blocking the growth of the native heap
# Possible solutions:
#   Reduce memory load on the system
#   Increase physical memory or swap space
#   Check if swap backing store is full
#   Decrease Java heap size (-Xmx/-Xms)
#   Decrease number of Java threads
#   Decrease Java thread stack sizes (-Xss)
#   Set larger code cache with -XX:ReservedCodeCacheSize=
#   JVM is running with Unscaled Compressed Oops mode in which the Java heap is
#     placed in the first 4GB address space. The Java Heap base address is the
#     maximum limit for the native heap growth. Please use -XX:HeapBaseMinAddress
#     to set the Java Heap base and to place the Java Heap above 4GB virtual address.
# This output file may be truncated or incomplete.
#
#  Out of Memory Error (arena.cpp:168), pid=10172, tid=15424
#
# JRE version: Java(TM) SE Runtime Environment (21.0.7+8) (build 21.0.7+8-LTS-245)
# Java VM: Java HotSpot(TM) 64-Bit Server VM (21.0.7+8-LTS-245, mixed mode, sharing, tiered, compressed oops, compressed class ptrs, g1 gc, windows-amd64)
# No core dump will be written. Minidumps are not enabled by default on client versions of Windows
#

---------------  S U M M A R Y ------------

Command Line: -javaagent:C:\Program Files\JetBrains\IntelliJ IDEA Community Edition 2025.1.2\lib\idea_rt.jar=58646 -Dfile.encoding=UTF-8 -Dsun.stdout.encoding=UTF-8 -Dsun.stderr.encoding=UTF-8 com.cwa.GestionDeSalleDeSportV2.GestionDeSalleDeSportV2Application

Host: Intel(R) Core(TM) i5-8300H CPU @ 2.30GHz, 8 cores, 7G,  Windows 11 , 64 bit Build 26100 (10.0.26100.5074)
Time: Mon Sep 29 11:41:14 2025 Greenwich elapsed time: 686.469442 seconds (0d 0h 11m 26s)

---------------  T H R E A D  ---------------

Current thread (0x000001e937bc7470):  JavaThread "C2 CompilerThread0" daemon [_thread_in_native, id=15424, stack(0x0000001171f00000,0x0000001172000000) (1024K)]


Current CompileTask:
C2: 686470 13635       4       java.io.File::listFiles (52 bytes)

Stack: [0x0000001171f00000,0x0000001172000000]
Native frames: (J=compiled Java code, j=interpreted, Vv=VM code, C=native code)
V  [jvm.dll+0x6cae19]
V  [jvm.dll+0x855741]
V  [jvm.dll+0x857c6e]
V  [jvm.dll+0x858343]
V  [jvm.dll+0x27e0b6]
V  [jvm.dll+0xc4ecd]
V  [jvm.dll+0xc5403]
V  [jvm.dll+0x2f145d]
V  [jvm.dll+0x5f5a8a]
V  [jvm.dll+0x24fbc2]
V  [jvm.dll+0x24852f]
V  [jvm.dll+0x246004]
V  [jvm.dll+0x1c6efe]
V  [jvm.dll+0x255819]
V  [jvm.dll+0x253daa]
V  [jvm.dll+0x3eebb6]
V  [jvm.dll+0x7ffa1b]
V  [jvm.dll+0x6c94fd]
C  [ucrtbase.dll+0x37b0]
C  [KERNEL32.DLL+0x2e8d7]
C  [ntdll.dll+0x8d9c]


---------------  P R O C E S S  ---------------

Threads class SMR info:
_java_thread_list=0x000001e9009c0f90, length=31, elements={
0x000001e937bab420, 0x000001e937bac880, 0x000001e937bb6a70, 0x000001e937bb8830,
0x000001e937bbd9e0, 0x000001e937bc1770, 0x000001e937bc7470, 0x000001e937bc6200,
0x000001e97d0add90, 0x000001e97d648080, 0x000001e97d306220, 0x000001e97f355230,
0x000001e97f354ba0, 0x000001e97f354510, 0x000001e97f353e80, 0x000001e97f3565e0,
0x000001e97f3558c0, 0x000001e97d6089d0, 0x000001e97d6096f0, 0x000001e97d609d80,
0x000001e97d60a410, 0x000001e97d608340, 0x000001e97d609060, 0x000001e97d60b130,
0x000001e97d60aaa0, 0x000001e97d607cb0, 0x000001e97d60b7c0, 0x000001e97d60d890,
0x000001e97d60d200, 0x000001e97d60df20, 0x000001e97d60e5b0
}

Java Threads: ( => current thread )
  0x000001e937bab420 JavaThread "Reference Handler"          daemon [_thread_blocked, id=19988, stack(0x0000001171900000,0x0000001171a00000) (1024K)]
  0x000001e937bac880 JavaThread "Finalizer"                  daemon [_thread_blocked, id=13016, stack(0x0000001171a00000,0x0000001171b00000) (1024K)]
  0x000001e937bb6a70 JavaThread "Signal Dispatcher"          daemon [_thread_blocked, id=13516, stack(0x0000001171b00000,0x0000001171c00000) (1024K)]
  0x000001e937bb8830 JavaThread "Attach Listener"            daemon [_thread_blocked, id=13348, stack(0x0000001171c00000,0x0000001171d00000) (1024K)]
  0x000001e937bbd9e0 JavaThread "Service Thread"             daemon [_thread_blocked, id=17204, stack(0x0000001171d00000,0x0000001171e00000) (1024K)]
  0x000001e937bc1770 JavaThread "Monitor Deflation Thread"   daemon [_thread_blocked, id=13256, stack(0x0000001171e00000,0x0000001171f00000) (1024K)]
=>0x000001e937bc7470 JavaThread "C2 CompilerThread0"         daemon [_thread_in_native, id=15424, stack(0x0000001171f00000,0x0000001172000000) (1024K)]
  0x000001e937bc6200 JavaThread "C1 CompilerThread0"         daemon [_thread_blocked, id=12340, stack(0x0000001172000000,0x0000001172100000) (1024K)]
  0x000001e97d0add90 JavaThread "Common-Cleaner"             daemon [_thread_blocked, id=23144, stack(0x0000001172100000,0x0000001172200000) (1024K)]
  0x000001e97d648080 JavaThread "Monitor Ctrl-Break"         daemon [_thread_in_native, id=9448, stack(0x0000001172300000,0x0000001172400000) (1024K)]
  0x000001e97d306220 JavaThread "Notification Thread"        daemon [_thread_blocked, id=16080, stack(0x0000001172400000,0x0000001172500000) (1024K)]
  0x000001e97f355230 JavaThread "mysql-cj-abandoned-connection-cleanup" daemon [_thread_blocked, id=20152, stack(0x0000001172f00000,0x0000001173000000) (1024K)]
  0x000001e97f354ba0 JavaThread "HikariPool-1 housekeeper"   daemon [_thread_blocked, id=11584, stack(0x0000001173100000,0x0000001173200000) (1024K)]
  0x000001e97f354510 JavaThread "Catalina-utility-1"                [_thread_blocked, id=23408, stack(0x0000001173300000,0x0000001173400000) (1024K)]
  0x000001e97f353e80 JavaThread "Catalina-utility-2"                [_thread_blocked, id=16516, stack(0x0000001173400000,0x0000001173500000) (1024K)]
  0x000001e97f3565e0 JavaThread "container-0"                       [_thread_blocked, id=12944, stack(0x0000001173500000,0x0000001173600000) (1024K)]
  0x000001e97f3558c0 JavaThread "Live Reload Server"         daemon [_thread_in_native, id=18760, stack(0x0000001173700000,0x0000001173800000) (1024K)]
  0x000001e97d6089d0 JavaThread "http-nio-0.0.0.0-8080-exec-1" daemon [_thread_blocked, id=21984, stack(0x0000001173600000,0x0000001173700000) (1024K)]
  0x000001e97d6096f0 JavaThread "http-nio-0.0.0.0-8080-exec-2" daemon [_thread_blocked, id=9312, stack(0x0000001173800000,0x0000001173900000) (1024K)]
  0x000001e97d609d80 JavaThread "http-nio-0.0.0.0-8080-exec-3" daemon [_thread_blocked, id=10908, stack(0x0000001173900000,0x0000001173a00000) (1024K)]
  0x000001e97d60a410 JavaThread "http-nio-0.0.0.0-8080-exec-4" daemon [_thread_blocked, id=20172, stack(0x0000001173a00000,0x0000001173b00000) (1024K)]
  0x000001e97d608340 JavaThread "http-nio-0.0.0.0-8080-exec-5" daemon [_thread_blocked, id=5428, stack(0x0000001173b00000,0x0000001173c00000) (1024K)]
  0x000001e97d609060 JavaThread "http-nio-0.0.0.0-8080-exec-6" daemon [_thread_blocked, id=13632, stack(0x0000001173c00000,0x0000001173d00000) (1024K)]
  0x000001e97d60b130 JavaThread "http-nio-0.0.0.0-8080-exec-7" daemon [_thread_blocked, id=8820, stack(0x0000001173d00000,0x0000001173e00000) (1024K)]
  0x000001e97d60aaa0 JavaThread "http-nio-0.0.0.0-8080-exec-8" daemon [_thread_blocked, id=2828, stack(0x0000001173e00000,0x0000001173f00000) (1024K)]
  0x000001e97d607cb0 JavaThread "http-nio-0.0.0.0-8080-exec-9" daemon [_thread_blocked, id=4228, stack(0x0000001173f00000,0x0000001174000000) (1024K)]
  0x000001e97d60b7c0 JavaThread "http-nio-0.0.0.0-8080-exec-10" daemon [_thread_blocked, id=19968, stack(0x0000001174000000,0x0000001174100000) (1024K)]
  0x000001e97d60d890 JavaThread "http-nio-0.0.0.0-8080-Poller" daemon [_thread_in_native, id=11516, stack(0x0000001174100000,0x0000001174200000) (1024K)]
  0x000001e97d60d200 JavaThread "http-nio-0.0.0.0-8080-Acceptor" daemon [_thread_in_native, id=9952, stack(0x0000001174200000,0x0000001174300000) (1024K)]
  0x000001e97d60df20 JavaThread "scheduling-1"                      [_thread_blocked, id=3264, stack(0x0000001174300000,0x0000001174400000) (1024K)]
  0x000001e97d60e5b0 JavaThread "DestroyJavaVM"                     [_thread_blocked, id=22432, stack(0x0000001171100000,0x0000001171200000) (1024K)]
Total: 31

Other Threads:
  0x000001e937b8f690 VMThread "VM Thread"                           [id=15480, stack(0x0000001171800000,0x0000001171900000) (1024K)]
  0x000001e937b7a340 WatcherThread "VM Periodic Task Thread"        [id=17424, stack(0x0000001171700000,0x0000001171800000) (1024K)]
  0x000001e919539f60 WorkerThread "GC Thread#0"                     [id=4216, stack(0x0000001171200000,0x0000001171300000) (1024K)]
  0x000001e97d8935c0 WorkerThread "GC Thread#1"                     [id=13172, stack(0x0000001172500000,0x0000001172600000) (1024K)]
  0x000001e97d893960 WorkerThread "GC Thread#2"                     [id=19404, stack(0x0000001172600000,0x0000001172700000) (1024K)]
  0x000001e97d992cb0 WorkerThread "GC Thread#3"                     [id=15640, stack(0x0000001172700000,0x0000001172800000) (1024K)]
  0x000001e97d993050 WorkerThread "GC Thread#4"                     [id=19200, stack(0x0000001172800000,0x0000001172900000) (1024K)]
  0x000001e97e2b2b50 WorkerThread "GC Thread#5"                     [id=15716, stack(0x0000001172c00000,0x0000001172d00000) (1024K)]
  0x000001e97e3a5360 WorkerThread "GC Thread#6"                     [id=19748, stack(0x0000001172d00000,0x0000001172e00000) (1024K)]
  0x000001e97e3a8d60 WorkerThread "GC Thread#7"                     [id=10268, stack(0x0000001172e00000,0x0000001172f00000) (1024K)]
  0x000001e91954a980 ConcurrentGCThread "G1 Main Marker"            [id=18352, stack(0x0000001171300000,0x0000001171400000) (1024K)]
  0x000001e91954b480 WorkerThread "G1 Conc#0"                       [id=9416, stack(0x0000001171400000,0x0000001171500000) (1024K)]
  0x000001e97e095120 WorkerThread "G1 Conc#1"                       [id=22004, stack(0x0000001172b00000,0x0000001172c00000) (1024K)]
  0x000001e91959e930 ConcurrentGCThread "G1 Refine#0"               [id=14680, stack(0x0000001171500000,0x0000001171600000) (1024K)]
  0x000001e937a4c0d0 ConcurrentGCThread "G1 Service"                [id=20444, stack(0x0000001171600000,0x0000001171700000) (1024K)]
Total: 15

Threads with active compile tasks:
C2 CompilerThread0   686570 13635       4       java.io.File::listFiles (52 bytes)
Total: 1

VM state: not at safepoint (normal execution)

VM Mutex/Monitor currently owned by a thread: None

OutOfMemory and StackOverflow Exception counts:
StackOverflowErrors=26
LinkageErrors=161

Heap address: 0x0000000083200000, size: 1998 MB, Compressed Oops mode: 32-bit

CDS archive(s) mapped at: [0x000001e938000000-0x000001e938c90000-0x000001e938c90000), size 13172736, SharedBaseAddress: 0x000001e938000000, ArchiveRelocationMode: 1.
Compressed class space mapped at: 0x000001e939000000-0x000001e979000000, reserved size: 1073741824
Narrow klass base: 0x000001e938000000, Narrow klass shift: 0, Narrow klass range: 0x100000000

GC Precious Log:
 CardTable entry size: 512
 Card Set container configuration: InlinePtr #cards 5 size 8 Array Of Cards #cards 12 size 40 Howl #buckets 4 coarsen threshold 1843 Howl Bitmap #cards 512 size 80 coarsen threshold 460 Card regions per heap region 1 cards per card region 2048
 CPUs: 8 total, 8 available
 Memory: 7985M
 Large Page Support: Disabled
 NUMA Support: Disabled
 Compressed Oops: Enabled (32-bit)
 Heap Region Size: 1M
 Heap Min Capacity: 8M
 Heap Initial Capacity: 126M
 Heap Max Capacity: 1998M
 Pre-touch: Disabled
 Parallel Workers: 8
 Concurrent Workers: 2
 Concurrent Refinement Workers: 8
 Periodic GC: Disabled

Heap:
 garbage-first heap   total 137216K, used 100407K [0x0000000083200000, 0x0000000100000000)
  region size 1024K, 51 young (52224K), 1 survivors (1024K)
 Metaspace       used 86859K, committed 87872K, reserved 1179648K
  class space    used 11404K, committed 11904K, reserved 1048576K

Heap Regions: E=young(eden), S=young(survivor), O=old, HS=humongous(starts), HC=humongous(continues), CS=collection set, F=free, TAMS=top-at-mark-start, PB=parsable bottom
|   0|0x0000000083200000, 0x0000000083300000, 0x0000000083300000|100%|HS|  |TAMS 0x0000000083200000| PB 0x0000000083200000| Complete 
|   1|0x0000000083300000, 0x0000000083400000, 0x0000000083400000|100%| O|  |TAMS 0x0000000083300000| PB 0x0000000083300000| Untracked 
|   2|0x0000000083400000, 0x0000000083500000, 0x0000000083500000|100%| O|  |TAMS 0x0000000083400000| PB 0x0000000083400000| Untracked 
|   3|0x0000000083500000, 0x0000000083600000, 0x0000000083600000|100%| O|  |TAMS 0x0000000083500000| PB 0x0000000083500000| Untracked 
|   4|0x0000000083600000, 0x0000000083700000, 0x0000000083700000|100%| O|  |TAMS 0x0000000083600000| PB 0x0000000083600000| Untracked 
|   5|0x0000000083700000, 0x0000000083800000, 0x0000000083800000|100%| O|  |TAMS 0x0000000083700000| PB 0x0000000083700000| Untracked 
|   6|0x0000000083800000, 0x0000000083900000, 0x0000000083900000|100%| O|  |TAMS 0x0000000083800000| PB 0x0000000083800000| Untracked 
|   7|0x0000000083900000, 0x0000000083a00000, 0x0000000083a00000|100%| O|  |TAMS 0x0000000083900000| PB 0x0000000083900000| Untracked 
|   8|0x0000000083a00000, 0x0000000083b00000, 0x0000000083b00000|100%| O|  |TAMS 0x0000000083a00000| PB 0x0000000083a00000| Untracked 
|   9|0x0000000083b00000, 0x0000000083c00000, 0x0000000083c00000|100%| O|  |TAMS 0x0000000083b00000| PB 0x0000000083b00000| Untracked 
|  10|0x0000000083c00000, 0x0000000083d00000, 0x0000000083d00000|100%| O|  |TAMS 0x0000000083c00000| PB 0x0000000083c00000| Untracked 
|  11|0x0000000083d00000, 0x0000000083e00000, 0x0000000083e00000|100%| O|  |TAMS 0x0000000083d00000| PB 0x0000000083d00000| Untracked 
|  12|0x0000000083e00000, 0x0000000083f00000, 0x0000000083f00000|100%| O|  |TAMS 0x0000000083e00000| PB 0x0000000083e00000| Untracked 
|  13|0x0000000083f00000, 0x0000000084000000, 0x0000000084000000|100%| O|  |TAMS 0x0000000083f00000| PB 0x0000000083f00000| Untracked 
|  14|0x0000000084000000, 0x00000000840d35c8, 0x0000000084100000| 82%| O|  |TAMS 0x0000000084000000| PB 0x0000000084000000| Untracked 
|  15|0x0000000084100000, 0x0000000084200000, 0x0000000084200000|100%| O|  |TAMS 0x0000000084100000| PB 0x0000000084100000| Untracked 
|  16|0x0000000084200000, 0x0000000084200000, 0x0000000084300000|  0%| F|  |TAMS 0x0000000084200000| PB 0x0000000084200000| Untracked 
|  17|0x0000000084300000, 0x0000000084400000, 0x0000000084400000|100%| O|  |TAMS 0x0000000084300000| PB 0x0000000084300000| Untracked 
|  18|0x0000000084400000, 0x0000000084500000, 0x0000000084500000|100%| O|  |TAMS 0x0000000084400000| PB 0x0000000084400000| Untracked 
|  19|0x0000000084500000, 0x0000000084600000, 0x0000000084600000|100%| O|  |TAMS 0x0000000084500000| PB 0x0000000084500000| Untracked 
|  20|0x0000000084600000, 0x0000000084700000, 0x0000000084700000|100%| O|  |TAMS 0x0000000084600000| PB 0x0000000084600000| Untracked 
|  21|0x0000000084700000, 0x0000000084800000, 0x0000000084800000|100%| O|  |TAMS 0x0000000084700000| PB 0x0000000084700000| Untracked 
|  22|0x0000000084800000, 0x0000000084900000, 0x0000000084900000|100%| O|  |TAMS 0x0000000084800000| PB 0x0000000084800000| Untracked 
|  23|0x0000000084900000, 0x0000000084a00000, 0x0000000084a00000|100%| O|  |TAMS 0x0000000084900000| PB 0x0000000084900000| Untracked 
|  24|0x0000000084a00000, 0x0000000084b00000, 0x0000000084b00000|100%| O|  |TAMS 0x0000000084a00000| PB 0x0000000084a00000| Untracked 
|  25|0x0000000084b00000, 0x0000000084c00000, 0x0000000084c00000|100%| O|  |TAMS 0x0000000084b00000| PB 0x0000000084b00000| Untracked 
|  26|0x0000000084c00000, 0x0000000084d00000, 0x0000000084d00000|100%| O|  |TAMS 0x0000000084c00000| PB 0x0000000084c00000| Untracked 
|  27|0x0000000084d00000, 0x0000000084e00000, 0x0000000084e00000|100%| O|  |TAMS 0x0000000084d00000| PB 0x0000000084d00000| Untracked 
|  28|0x0000000084e00000, 0x0000000084f00000, 0x0000000084f00000|100%| O|  |TAMS 0x0000000084e00000| PB 0x0000000084e00000| Untracked 
|  29|0x0000000084f00000, 0x0000000085000000, 0x0000000085000000|100%| O|  |TAMS 0x0000000084f00000| PB 0x0000000084f00000| Untracked 
|  30|0x0000000085000000, 0x0000000085100000, 0x0000000085100000|100%| O|  |TAMS 0x0000000085000000| PB 0x0000000085000000| Untracked 
|  31|0x0000000085100000, 0x0000000085200000, 0x0000000085200000|100%| O|  |TAMS 0x0000000085100000| PB 0x0000000085100000| Untracked 
|  32|0x0000000085200000, 0x0000000085300000, 0x0000000085300000|100%| O|  |TAMS 0x0000000085200000| PB 0x0000000085200000| Untracked 
|  33|0x0000000085300000, 0x0000000085400000, 0x0000000085400000|100%| O|  |TAMS 0x0000000085300000| PB 0x0000000085300000| Untracked 
|  34|0x0000000085400000, 0x0000000085500000, 0x0000000085500000|100%| O|  |TAMS 0x0000000085400000| PB 0x0000000085400000| Untracked 
|  35|0x0000000085500000, 0x0000000085600000, 0x0000000085600000|100%| O|  |TAMS 0x0000000085500000| PB 0x0000000085500000| Untracked 
|  36|0x0000000085600000, 0x0000000085700000, 0x0000000085700000|100%| O|  |TAMS 0x0000000085600000| PB 0x0000000085600000| Untracked 
|  37|0x0000000085700000, 0x0000000085800000, 0x0000000085800000|100%| O|  |TAMS 0x0000000085700000| PB 0x0000000085700000| Untracked 
|  38|0x0000000085800000, 0x0000000085900000, 0x0000000085900000|100%| O|  |TAMS 0x0000000085800000| PB 0x0000000085800000| Untracked 
|  39|0x0000000085900000, 0x0000000085a00000, 0x0000000085a00000|100%| O|  |TAMS 0x0000000085900000| PB 0x0000000085900000| Untracked 
|  40|0x0000000085a00000, 0x0000000085b00000, 0x0000000085b00000|100%| O|  |TAMS 0x0000000085a00000| PB 0x0000000085a00000| Untracked 
|  41|0x0000000085b00000, 0x0000000085c00000, 0x0000000085c00000|100%| O|  |TAMS 0x0000000085b00000| PB 0x0000000085b00000| Untracked 
|  42|0x0000000085c00000, 0x0000000085d00000, 0x0000000085d00000|100%| O|  |TAMS 0x0000000085c00000| PB 0x0000000085c00000| Untracked 
|  43|0x0000000085d00000, 0x0000000085e00000, 0x0000000085e00000|100%| O|  |TAMS 0x0000000085d00000| PB 0x0000000085d00000| Untracked 
|  44|0x0000000085e00000, 0x0000000085f00000, 0x0000000085f00000|100%| O|  |TAMS 0x0000000085e00000| PB 0x0000000085e00000| Untracked 
|  45|0x0000000085f00000, 0x0000000086000000, 0x0000000086000000|100%| O|  |TAMS 0x0000000085f00000| PB 0x0000000085f00000| Untracked 
|  46|0x0000000086000000, 0x0000000086100000, 0x0000000086100000|100%| O|  |TAMS 0x0000000086000000| PB 0x0000000086000000| Untracked 
|  47|0x0000000086100000, 0x0000000086200000, 0x0000000086200000|100%| O|  |TAMS 0x0000000086100000| PB 0x0000000086100000| Untracked 
|  48|0x0000000086200000, 0x0000000086200000, 0x0000000086300000|  0%| F|  |TAMS 0x0000000086200000| PB 0x0000000086200000| Untracked 
|  49|0x0000000086300000, 0x0000000086300000, 0x0000000086400000|  0%| F|  |TAMS 0x0000000086300000| PB 0x0000000086300000| Untracked 
|  50|0x0000000086400000, 0x0000000086500000, 0x0000000086500000|100%| O|  |TAMS 0x0000000086400000| PB 0x0000000086400000| Untracked 
|  51|0x0000000086500000, 0x0000000086500000, 0x0000000086600000|  0%| F|  |TAMS 0x0000000086500000| PB 0x0000000086500000| Untracked 
|  52|0x0000000086600000, 0x0000000086700000, 0x0000000086700000|100%| O|  |TAMS 0x0000000086600000| PB 0x0000000086600000| Untracked 
|  53|0x0000000086700000, 0x0000000086700000, 0x0000000086800000|  0%| F|  |TAMS 0x0000000086700000| PB 0x0000000086700000| Untracked 
|  54|0x0000000086800000, 0x0000000086800000, 0x0000000086900000|  0%| F|  |TAMS 0x0000000086800000| PB 0x0000000086800000| Untracked 
|  55|0x0000000086900000, 0x0000000086900000, 0x0000000086a00000|  0%| F|  |TAMS 0x0000000086900000| PB 0x0000000086900000| Untracked 
|  56|0x0000000086a00000, 0x0000000086b00000, 0x0000000086b00000|100%| O|  |TAMS 0x0000000086a00000| PB 0x0000000086a00000| Untracked 
|  57|0x0000000086b00000, 0x0000000086b00000, 0x0000000086c00000|  0%| F|  |TAMS 0x0000000086b00000| PB 0x0000000086b00000| Untracked 
|  58|0x0000000086c00000, 0x0000000086c00000, 0x0000000086d00000|  0%| F|  |TAMS 0x0000000086c00000| PB 0x0000000086c00000| Untracked 
|  59|0x0000000086d00000, 0x0000000086d00000, 0x0000000086e00000|  0%| F|  |TAMS 0x0000000086d00000| PB 0x0000000086d00000| Untracked 
|  60|0x0000000086e00000, 0x0000000086e00000, 0x0000000086f00000|  0%| F|  |TAMS 0x0000000086e00000| PB 0x0000000086e00000| Untracked 
|  61|0x0000000086f00000, 0x0000000086f3a720, 0x0000000087000000| 22%| S|CS|TAMS 0x0000000086f00000| PB 0x0000000086f00000| Complete 
|  62|0x0000000087000000, 0x0000000087000000, 0x0000000087100000|  0%| F|  |TAMS 0x0000000087000000| PB 0x0000000087000000| Untracked 
|  63|0x0000000087100000, 0x0000000087100000, 0x0000000087200000|  0%| F|  |TAMS 0x0000000087100000| PB 0x0000000087100000| Untracked 
|  64|0x0000000087200000, 0x0000000087200000, 0x0000000087300000|  0%| F|  |TAMS 0x0000000087200000| PB 0x0000000087200000| Untracked 
|  65|0x0000000087300000, 0x0000000087300000, 0x0000000087400000|  0%| F|  |TAMS 0x0000000087300000| PB 0x0000000087300000| Untracked 
|  66|0x0000000087400000, 0x0000000087400000, 0x0000000087500000|  0%| F|  |TAMS 0x0000000087400000| PB 0x0000000087400000| Untracked 
|  67|0x0000000087500000, 0x0000000087500000, 0x0000000087600000|  0%| F|  |TAMS 0x0000000087500000| PB 0x0000000087500000| Untracked 
|  68|0x0000000087600000, 0x0000000087600000, 0x0000000087700000|  0%| F|  |TAMS 0x0000000087600000| PB 0x0000000087600000| Untracked 
|  69|0x0000000087700000, 0x0000000087700000, 0x0000000087800000|  0%| F|  |TAMS 0x0000000087700000| PB 0x0000000087700000| Untracked 
|  70|0x0000000087800000, 0x0000000087800000, 0x0000000087900000|  0%| F|  |TAMS 0x0000000087800000| PB 0x0000000087800000| Untracked 
|  71|0x0000000087900000, 0x0000000087900000, 0x0000000087a00000|  0%| F|  |TAMS 0x0000000087900000| PB 0x0000000087900000| Untracked 
|  72|0x0000000087a00000, 0x0000000087a00000, 0x0000000087b00000|  0%| F|  |TAMS 0x0000000087a00000| PB 0x0000000087a00000| Untracked 
|  73|0x0000000087b00000, 0x0000000087b00000, 0x0000000087c00000|  0%| F|  |TAMS 0x0000000087b00000| PB 0x0000000087b00000| Untracked 
|  74|0x0000000087c00000, 0x0000000087c00000, 0x0000000087d00000|  0%| F|  |TAMS 0x0000000087c00000| PB 0x0000000087c00000| Untracked 
|  75|0x0000000087d00000, 0x0000000087d00000, 0x0000000087e00000|  0%| F|  |TAMS 0x0000000087d00000| PB 0x0000000087d00000| Untracked 
|  76|0x0000000087e00000, 0x0000000087e00000, 0x0000000087f00000|  0%| F|  |TAMS 0x0000000087e00000| PB 0x0000000087e00000| Untracked 
|  77|0x0000000087f00000, 0x0000000087f00000, 0x0000000088000000|  0%| F|  |TAMS 0x0000000087f00000| PB 0x0000000087f00000| Untracked 
|  78|0x0000000088000000, 0x0000000088000000, 0x0000000088100000|  0%| F|  |TAMS 0x0000000088000000| PB 0x0000000088000000| Untracked 
|  79|0x0000000088100000, 0x0000000088100000, 0x0000000088200000|  0%| F|  |TAMS 0x0000000088100000| PB 0x0000000088100000| Untracked 
|  80|0x0000000088200000, 0x0000000088200000, 0x0000000088300000|  0%| F|  |TAMS 0x0000000088200000| PB 0x0000000088200000| Untracked 
|  81|0x0000000088300000, 0x0000000088300000, 0x0000000088400000|  0%| F|  |TAMS 0x0000000088300000| PB 0x0000000088300000| Untracked 
|  82|0x0000000088400000, 0x0000000088400000, 0x0000000088500000|  0%| F|  |TAMS 0x0000000088400000| PB 0x0000000088400000| Untracked 
|  83|0x0000000088500000, 0x0000000088500000, 0x0000000088600000|  0%| F|  |TAMS 0x0000000088500000| PB 0x0000000088500000| Untracked 
|  84|0x0000000088600000, 0x00000000886f87d8, 0x0000000088700000| 97%| E|  |TAMS 0x0000000088600000| PB 0x0000000088600000| Complete 
|  85|0x0000000088700000, 0x0000000088800000, 0x0000000088800000|100%| E|CS|TAMS 0x0000000088700000| PB 0x0000000088700000| Complete 
|  86|0x0000000088800000, 0x0000000088900000, 0x0000000088900000|100%| E|CS|TAMS 0x0000000088800000| PB 0x0000000088800000| Complete 
|  87|0x0000000088900000, 0x0000000088a00000, 0x0000000088a00000|100%| E|CS|TAMS 0x0000000088900000| PB 0x0000000088900000| Complete 
|  88|0x0000000088a00000, 0x0000000088b00000, 0x0000000088b00000|100%| E|CS|TAMS 0x0000000088a00000| PB 0x0000000088a00000| Complete 
|  89|0x0000000088b00000, 0x0000000088c00000, 0x0000000088c00000|100%| E|CS|TAMS 0x0000000088b00000| PB 0x0000000088b00000| Complete 
|  90|0x0000000088c00000, 0x0000000088d00000, 0x0000000088d00000|100%| E|CS|TAMS 0x0000000088c00000| PB 0x0000000088c00000| Complete 
|  91|0x0000000088d00000, 0x0000000088e00000, 0x0000000088e00000|100%| E|CS|TAMS 0x0000000088d00000| PB 0x0000000088d00000| Complete 
|  92|0x0000000088e00000, 0x0000000088f00000, 0x0000000088f00000|100%| E|CS|TAMS 0x0000000088e00000| PB 0x0000000088e00000| Complete 
|  93|0x0000000088f00000, 0x0000000089000000, 0x0000000089000000|100%| E|CS|TAMS 0x0000000088f00000| PB 0x0000000088f00000| Complete 
|  94|0x0000000089000000, 0x0000000089100000, 0x0000000089100000|100%| E|CS|TAMS 0x0000000089000000| PB 0x0000000089000000| Complete 
|  95|0x0000000089100000, 0x0000000089200000, 0x0000000089200000|100%| E|CS|TAMS 0x0000000089100000| PB 0x0000000089100000| Complete 
|  96|0x0000000089200000, 0x0000000089300000, 0x0000000089300000|100%| E|CS|TAMS 0x0000000089200000| PB 0x0000000089200000| Complete 
|  97|0x0000000089300000, 0x0000000089400000, 0x0000000089400000|100%| E|CS|TAMS 0x0000000089300000| PB 0x0000000089300000| Complete 
|  98|0x0000000089400000, 0x0000000089500000, 0x0000000089500000|100%| E|CS|TAMS 0x0000000089400000| PB 0x0000000089400000| Complete 
|  99|0x0000000089500000, 0x0000000089600000, 0x0000000089600000|100%| E|CS|TAMS 0x0000000089500000| PB 0x0000000089500000| Complete 
| 100|0x0000000089600000, 0x0000000089700000, 0x0000000089700000|100%| E|CS|TAMS 0x0000000089600000| PB 0x0000000089600000| Complete 
| 101|0x0000000089700000, 0x0000000089800000, 0x0000000089800000|100%| E|CS|TAMS 0x0000000089700000| PB 0x0000000089700000| Complete 
| 102|0x0000000089800000, 0x0000000089900000, 0x0000000089900000|100%| E|CS|TAMS 0x0000000089800000| PB 0x0000000089800000| Complete 
| 103|0x0000000089900000, 0x0000000089a00000, 0x0000000089a00000|100%| E|  |TAMS 0x0000000089900000| PB 0x0000000089900000| Complete 
| 104|0x0000000089a00000, 0x0000000089b00000, 0x0000000089b00000|100%| E|CS|TAMS 0x0000000089a00000| PB 0x0000000089a00000| Complete 
| 105|0x0000000089b00000, 0x0000000089c00000, 0x0000000089c00000|100%| E|CS|TAMS 0x0000000089b00000| PB 0x0000000089b00000| Complete 
| 106|0x0000000089c00000, 0x0000000089d00000, 0x0000000089d00000|100%| E|CS|TAMS 0x0000000089c00000| PB 0x0000000089c00000| Complete 
| 107|0x0000000089d00000, 0x0000000089e00000, 0x0000000089e00000|100%| E|CS|TAMS 0x0000000089d00000| PB 0x0000000089d00000| Complete 
| 108|0x0000000089e00000, 0x0000000089f00000, 0x0000000089f00000|100%| E|CS|TAMS 0x0000000089e00000| PB 0x0000000089e00000| Complete 
| 109|0x0000000089f00000, 0x000000008a000000, 0x000000008a000000|100%| E|CS|TAMS 0x0000000089f00000| PB 0x0000000089f00000| Complete 
| 110|0x000000008a000000, 0x000000008a100000, 0x000000008a100000|100%| E|CS|TAMS 0x000000008a000000| PB 0x000000008a000000| Complete 
| 111|0x000000008a100000, 0x000000008a200000, 0x000000008a200000|100%| E|CS|TAMS 0x000000008a100000| PB 0x000000008a100000| Complete 
| 112|0x000000008a200000, 0x000000008a300000, 0x000000008a300000|100%| E|CS|TAMS 0x000000008a200000| PB 0x000000008a200000| Complete 
| 113|0x000000008a300000, 0x000000008a400000, 0x000000008a400000|100%| E|CS|TAMS 0x000000008a300000| PB 0x000000008a300000| Complete 
| 114|0x000000008a400000, 0x000000008a500000, 0x000000008a500000|100%| E|CS|TAMS 0x000000008a400000| PB 0x000000008a400000| Complete 
| 115|0x000000008a500000, 0x000000008a600000, 0x000000008a600000|100%| E|CS|TAMS 0x000000008a500000| PB 0x000000008a500000| Complete 
| 116|0x000000008a600000, 0x000000008a700000, 0x000000008a700000|100%| E|CS|TAMS 0x000000008a600000| PB 0x000000008a600000| Complete 
| 117|0x000000008a700000, 0x000000008a800000, 0x000000008a800000|100%| E|CS|TAMS 0x000000008a700000| PB 0x000000008a700000| Complete 
| 118|0x000000008a800000, 0x000000008a900000, 0x000000008a900000|100%| E|CS|TAMS 0x000000008a800000| PB 0x000000008a800000| Complete 
| 119|0x000000008a900000, 0x000000008aa00000, 0x000000008aa00000|100%| E|CS|TAMS 0x000000008a900000| PB 0x000000008a900000| Complete 
| 120|0x000000008aa00000, 0x000000008ab00000, 0x000000008ab00000|100%| E|CS|TAMS 0x000000008aa00000| PB 0x000000008aa00000| Complete 
| 121|0x000000008ab00000, 0x000000008ac00000, 0x000000008ac00000|100%| E|CS|TAMS 0x000000008ab00000| PB 0x000000008ab00000| Complete 
| 122|0x000000008ac00000, 0x000000008ad00000, 0x000000008ad00000|100%| E|CS|TAMS 0x000000008ac00000| PB 0x000000008ac00000| Complete 
| 123|0x000000008ad00000, 0x000000008ae00000, 0x000000008ae00000|100%| E|CS|TAMS 0x000000008ad00000| PB 0x000000008ad00000| Complete 
| 124|0x000000008ae00000, 0x000000008af00000, 0x000000008af00000|100%| E|CS|TAMS 0x000000008ae00000| PB 0x000000008ae00000| Complete 
| 125|0x000000008af00000, 0x000000008b000000, 0x000000008b000000|100%| E|CS|TAMS 0x000000008af00000| PB 0x000000008af00000| Complete 
| 126|0x000000008b000000, 0x000000008b100000, 0x000000008b100000|100%| E|CS|TAMS 0x000000008b000000| PB 0x000000008b000000| Complete 
| 127|0x000000008b100000, 0x000000008b200000, 0x000000008b200000|100%| E|CS|TAMS 0x000000008b100000| PB 0x000000008b100000| Complete 
| 128|0x000000008b200000, 0x000000008b300000, 0x000000008b300000|100%| E|CS|TAMS 0x000000008b200000| PB 0x000000008b200000| Complete 
| 129|0x000000008b300000, 0x000000008b400000, 0x000000008b400000|100%| E|CS|TAMS 0x000000008b300000| PB 0x000000008b300000| Complete 
| 130|0x000000008b400000, 0x000000008b500000, 0x000000008b500000|100%| E|CS|TAMS 0x000000008b400000| PB 0x000000008b400000| Complete 
| 131|0x000000008b500000, 0x000000008b600000, 0x000000008b600000|100%| E|CS|TAMS 0x000000008b500000| PB 0x000000008b500000| Complete 
| 132|0x000000008b600000, 0x000000008b700000, 0x000000008b700000|100%| E|CS|TAMS 0x000000008b600000| PB 0x000000008b600000| Complete 
|1997|0x00000000fff00000, 0x0000000100000000, 0x0000000100000000|100%| E|CS|TAMS 0x00000000fff00000| PB 0x00000000fff00000| Complete 

Card table byte_map: [0x000001e932dc0000,0x000001e9331b0000] _byte_map_base: 0x000001e9329a7000

Marking Bits: (CMBitMap*) 0x000001e91953a660
 Bits: [0x000001e9331b0000, 0x000001e9350e8000)

Polling page: 0x000001e9195a0000

Metaspace:

Usage:
  Non-class:     73.69 MB used.
      Class:     11.14 MB used.
       Both:     84.82 MB used.

Virtual space:
  Non-class space:      128.00 MB reserved,      74.19 MB ( 58%) committed,  2 nodes.
      Class space:        1.00 GB reserved,      11.62 MB (  1%) committed,  1 nodes.
             Both:        1.12 GB reserved,      85.81 MB (  7%) committed. 

Chunk freelists:
   Non-Class:  5.00 MB
       Class:  4.25 MB
        Both:  9.25 MB

MaxMetaspaceSize: unlimited
CompressedClassSpaceSize: 1.00 GB
Initial GC threshold: 21.00 MB
Current GC threshold: 141.06 MB
CDS: on
 - commit_granule_bytes: 65536.
 - commit_granule_words: 8192.
 - virtual_space_node_default_size: 8388608.
 - enlarge_chunks_in_place: 1.
 - use_allocation_guard: 0.


Internal statistics:

num_allocs_failed_limit: 6.
num_arena_births: 1766.
num_arena_deaths: 88.
num_vsnodes_births: 3.
num_vsnodes_deaths: 0.
num_space_committed: 1373.
num_space_uncommitted: 0.
num_chunks_returned_to_freelist: 125.
num_chunks_taken_from_freelist: 5158.
num_chunk_merges: 40.
num_chunk_splits: 3548.
num_chunks_enlarged: 2581.
num_inconsistent_stats: 0.

CodeHeap 'non-profiled nmethods': size=120000Kb used=5324Kb max_used=5743Kb free=114675Kb
 bounds [0x000001e92aa20000, 0x000001e92afc0000, 0x000001e931f50000]
CodeHeap 'profiled nmethods': size=120000Kb used=16774Kb max_used=17408Kb free=103225Kb
 bounds [0x000001e922f50000, 0x000001e924050000, 0x000001e92a480000]
CodeHeap 'non-nmethods': size=5760Kb used=1739Kb max_used=1836Kb free=4020Kb
 bounds [0x000001e92a480000, 0x000001e92a6f0000, 0x000001e92aa20000]
 total_blobs=9748 nmethods=8987 adapters=664
 compilation: enabled
              stopped_count=0, restarted_count=0
 full_count=0

Compilation events (20 events):
Event: 623.366 Thread 0x000001e937bc6200 nmethod 13624 0x000001e923ac5b90 code [0x000001e923ac5e40, 0x000001e923ac68c8]
Event: 623.386 Thread 0x000001e937bc6200 13626       3       org.hibernate.engine.spi.SharedSessionContractImplementor::checkOpen (8 bytes)
Event: 623.387 Thread 0x000001e937bc6200 nmethod 13626 0x000001e923aa4090 code [0x000001e923aa4240, 0x000001e923aa4448]
Event: 623.399 Thread 0x000001e937bc6200 13627       3       org.hibernate.sql.results.internal.RowProcessingStateStandardImpl::<init> (40 bytes)
Event: 623.400 Thread 0x000001e937bc6200 nmethod 13627 0x000001e923ac5210 code [0x000001e923ac53e0, 0x000001e923ac5968]
Event: 623.430 Thread 0x000001e937bc6200 13628       3       com.fasterxml.jackson.databind.util.internal.PrivateMaxEntriesMap$EntryIterator::hasNext (10 bytes)
Event: 623.431 Thread 0x000001e937bc6200 nmethod 13628 0x000001e923ac4d90 code [0x000001e923ac4f40, 0x000001e923ac5118]
Event: 623.435 Thread 0x000001e937bc6200 13629       3       org.apache.catalina.connector.ResponseFacade::getHeaders (13 bytes)
Event: 623.435 Thread 0x000001e937bc6200 nmethod 13629 0x000001e923ac4710 code [0x000001e923ac4900, 0x000001e923ac4c28]
Event: 642.540 Thread 0x000001e937bc6200 13630   !   3       org.apache.catalina.core.ContainerBase::getRealmInternal (38 bytes)
Event: 642.542 Thread 0x000001e937bc6200 nmethod 13630 0x000001e923ac3a90 code [0x000001e923ac3cc0, 0x000001e923ac43e8]
Event: 652.543 Thread 0x000001e937bc6200 13631   !   3       org.apache.catalina.core.ContainerBase::getClusterInternal (38 bytes)
Event: 652.545 Thread 0x000001e937bc6200 nmethod 13631 0x000001e923ac2e10 code [0x000001e923ac3040, 0x000001e923ac3768]
Event: 652.545 Thread 0x000001e937bc6200 13633   !   3       org.apache.catalina.core.ContainerBase::backgroundProcess (168 bytes)
Event: 652.561 Thread 0x000001e937bc6200 nmethod 13633 0x000001e9236b5810 code [0x000001e9236b5b60, 0x000001e9236b7338]
Event: 652.561 Thread 0x000001e937bc6200 13632   !   3       org.apache.catalina.core.ContainerBase$ContainerBackgroundProcessor::processChildren (202 bytes)
Event: 652.571 Thread 0x000001e937bc6200 nmethod 13632 0x000001e9236b1c90 code [0x000001e9236b20c0, 0x000001e9236b4a80]
Event: 653.666 Thread 0x000001e937bc7470 13634       4       java.util.concurrent.ConcurrentHashMap$BaseIterator::<init> (21 bytes)
Event: 653.682 Thread 0x000001e937bc7470 nmethod 13634 0x000001e92aeea990 code [0x000001e92aeeab40, 0x000001e92aeeb0f8]
Event: 684.287 Thread 0x000001e937bc7470 13635       4       java.io.File::listFiles (52 bytes)

GC Heap History (20 events):
Event: 104.417 GC heap before
{Heap before GC invocations=29 (full 0):
 garbage-first heap   total 100352K, used 87242K [0x0000000083200000, 0x0000000100000000)
  region size 1024K, 44 young (45056K), 6 survivors (6144K)
 Metaspace       used 77990K, committed 78848K, reserved 1179648K
  class space    used 10427K, committed 10816K, reserved 1048576K
}
Event: 104.783 GC heap after
{Heap after GC invocations=30 (full 0):
 garbage-first heap   total 100352K, used 49707K [0x0000000083200000, 0x0000000100000000)
  region size 1024K, 2 young (2048K), 2 survivors (2048K)
 Metaspace       used 77990K, committed 78848K, reserved 1179648K
  class space    used 10427K, committed 10816K, reserved 1048576K
}
Event: 116.884 GC heap before
{Heap before GC invocations=31 (full 0):
 garbage-first heap   total 100352K, used 89643K [0x0000000083200000, 0x0000000100000000)
  region size 1024K, 42 young (43008K), 2 survivors (2048K)
 Metaspace       used 83603K, committed 84672K, reserved 1179648K
  class space    used 11167K, committed 11648K, reserved 1048576K
}
Event: 116.890 GC heap after
{Heap after GC invocations=32 (full 0):
 garbage-first heap   total 100352K, used 53539K [0x0000000083200000, 0x0000000100000000)
  region size 1024K, 6 young (6144K), 6 survivors (6144K)
 Metaspace       used 83603K, committed 84672K, reserved 1179648K
  class space    used 11167K, committed 11648K, reserved 1048576K
}
Event: 117.095 GC heap before
{Heap before GC invocations=32 (full 0):
 garbage-first heap   total 100352K, used 85283K [0x0000000083200000, 0x0000000100000000)
  region size 1024K, 38 young (38912K), 6 survivors (6144K)
 Metaspace       used 84369K, committed 85440K, reserved 1179648K
  class space    used 11267K, committed 11776K, reserved 1048576K
}
Event: 117.102 GC heap after
{Heap after GC invocations=33 (full 0):
 garbage-first heap   total 100352K, used 54133K [0x0000000083200000, 0x0000000100000000)
  region size 1024K, 3 young (3072K), 3 survivors (3072K)
 Metaspace       used 84369K, committed 85440K, reserved 1179648K
  class space    used 11267K, committed 11776K, reserved 1048576K
}
Event: 117.326 GC heap before
{Heap before GC invocations=33 (full 0):
 garbage-first heap   total 100352K, used 89973K [0x0000000083200000, 0x0000000100000000)
  region size 1024K, 39 young (39936K), 3 survivors (3072K)
 Metaspace       used 84583K, committed 85632K, reserved 1179648K
  class space    used 11267K, committed 11776K, reserved 1048576K
}
Event: 117.330 GC heap after
{Heap after GC invocations=34 (full 0):
 garbage-first heap   total 100352K, used 54733K [0x0000000083200000, 0x0000000100000000)
  region size 1024K, 3 young (3072K), 3 survivors (3072K)
 Metaspace       used 84583K, committed 85632K, reserved 1179648K
  class space    used 11267K, committed 11776K, reserved 1048576K
}
Event: 181.028 GC heap before
{Heap before GC invocations=35 (full 0):
 garbage-first heap   total 117760K, used 88525K [0x0000000083200000, 0x0000000100000000)
  region size 1024K, 37 young (37888K), 3 survivors (3072K)
 Metaspace       used 84791K, committed 85888K, reserved 1179648K
  class space    used 11266K, committed 11840K, reserved 1048576K
}
Event: 181.035 GC heap after
{Heap after GC invocations=36 (full 0):
 garbage-first heap   total 117760K, used 52407K [0x0000000083200000, 0x0000000100000000)
  region size 1024K, 1 young (1024K), 1 survivors (1024K)
 Metaspace       used 84791K, committed 85888K, reserved 1179648K
  class space    used 11266K, committed 11840K, reserved 1048576K
}
Event: 359.432 GC heap before
{Heap before GC invocations=36 (full 0):
 garbage-first heap   total 117760K, used 107703K [0x0000000083200000, 0x0000000100000000)
  region size 1024K, 56 young (57344K), 1 survivors (1024K)
 Metaspace       used 84966K, committed 86016K, reserved 1179648K
  class space    used 11268K, committed 11840K, reserved 1048576K
}
Event: 359.483 GC heap after
{Heap after GC invocations=37 (full 0):
 garbage-first heap   total 117760K, used 55590K [0x0000000083200000, 0x0000000100000000)
  region size 1024K, 4 young (4096K), 4 survivors (4096K)
 Metaspace       used 84966K, committed 86016K, reserved 1179648K
  class space    used 11268K, committed 11840K, reserved 1048576K
}
Event: 359.865 GC heap before
{Heap before GC invocations=37 (full 0):
 garbage-first heap   total 117760K, used 104742K [0x0000000083200000, 0x0000000100000000)
  region size 1024K, 53 young (54272K), 4 survivors (4096K)
 Metaspace       used 85089K, committed 86208K, reserved 1179648K
  class space    used 11269K, committed 11840K, reserved 1048576K
}
Event: 359.900 GC heap after
{Heap after GC invocations=38 (full 0):
 garbage-first heap   total 117760K, used 54031K [0x0000000083200000, 0x0000000100000000)
  region size 1024K, 3 young (3072K), 3 survivors (3072K)
 Metaspace       used 85089K, committed 86208K, reserved 1179648K
  class space    used 11269K, committed 11840K, reserved 1048576K
}
Event: 366.992 GC heap before
{Heap before GC invocations=38 (full 0):
 garbage-first heap   total 117760K, used 105231K [0x0000000083200000, 0x0000000100000000)
  region size 1024K, 54 young (55296K), 3 survivors (3072K)
 Metaspace       used 85349K, committed 86464K, reserved 1179648K
  class space    used 11272K, committed 11840K, reserved 1048576K
}
Event: 367.014 GC heap after
{Heap after GC invocations=39 (full 0):
 garbage-first heap   total 117760K, used 53494K [0x0000000083200000, 0x0000000100000000)
  region size 1024K, 2 young (2048K), 2 survivors (2048K)
 Metaspace       used 85349K, committed 86464K, reserved 1179648K
  class space    used 11272K, committed 11840K, reserved 1048576K
}
Event: 369.296 GC heap before
{Heap before GC invocations=40 (full 0):
 garbage-first heap   total 137216K, used 105718K [0x0000000083200000, 0x0000000100000000)
  region size 1024K, 54 young (55296K), 2 survivors (2048K)
 Metaspace       used 85849K, committed 86912K, reserved 1179648K
  class space    used 11287K, committed 11840K, reserved 1048576K
}
Event: 369.301 GC heap after
{Heap after GC invocations=41 (full 0):
 garbage-first heap   total 137216K, used 53900K [0x0000000083200000, 0x0000000100000000)
  region size 1024K, 3 young (3072K), 3 survivors (3072K)
 Metaspace       used 85849K, committed 86912K, reserved 1179648K
  class space    used 11287K, committed 11840K, reserved 1048576K
}
Event: 484.631 GC heap before
{Heap before GC invocations=41 (full 0):
 garbage-first heap   total 137216K, used 123532K [0x0000000083200000, 0x0000000100000000)
  region size 1024K, 72 young (73728K), 3 survivors (3072K)
 Metaspace       used 86065K, committed 87168K, reserved 1179648K
  class space    used 11287K, committed 11840K, reserved 1048576K
}
Event: 484.981 GC heap after
{Heap after GC invocations=42 (full 0):
 garbage-first heap   total 137216K, used 51255K [0x0000000083200000, 0x0000000100000000)
  region size 1024K, 1 young (1024K), 1 survivors (1024K)
 Metaspace       used 86065K, committed 87168K, reserved 1179648K
  class space    used 11287K, committed 11840K, reserved 1048576K
}

Dll operation events (13 events):
Event: 0.031 Loaded shared library C:\Java\bin\java.dll
Event: 0.095 Loaded shared library C:\Java\bin\jsvml.dll
Event: 0.250 Loaded shared library C:\Java\bin\zip.dll
Event: 0.255 Loaded shared library C:\java\bin\instrument.dll
Event: 0.263 Loaded shared library C:\java\bin\net.dll
Event: 0.265 Loaded shared library C:\java\bin\nio.dll
Event: 0.268 Loaded shared library C:\java\bin\zip.dll
Event: 0.421 Loaded shared library C:\java\bin\extnet.dll
Event: 0.466 Loaded shared library C:\java\bin\jimage.dll
Event: 0.865 Loaded shared library C:\java\bin\management.dll
Event: 0.867 Loaded shared library C:\java\bin\management_ext.dll
Event: 4.704 Loaded shared library C:\java\bin\sunmscapi.dll
Event: 5.858 Loaded shared library C:\Java\bin\verify.dll

Deoptimization events (20 events):
Event: 623.154 Thread 0x000001e97d609060 Uncommon trap: trap_request=0xffffffd6 fr.pc=0x000001e92abb245c relative=0x000000000000019c
Event: 623.154 Thread 0x000001e97d609060 Uncommon trap: reason=array_check action=maybe_recompile pc=0x000001e92abb245c method=org.hibernate.sql.results.graph.internal.ImmutableFetchList$Builder.add(Lorg/hibernate/sql/results/graph/Fetch;)V @ 16 c2
Event: 623.154 Thread 0x000001e97d609060 DEOPT PACKING pc=0x000001e92abb245c sp=0x0000001173cfa9f0
Event: 623.155 Thread 0x000001e97d609060 DEOPT UNPACKING pc=0x000001e92a4d46a2 sp=0x0000001173cfa9a0 mode 2
Event: 684.214 Thread 0x000001e97f3537f0 Uncommon trap: trap_request=0xffffff45 fr.pc=0x000001e92ab63394 relative=0x0000000000000cf4
Event: 684.226 Thread 0x000001e97f3537f0 Uncommon trap: reason=unstable_if action=reinterpret pc=0x000001e92ab63394 method=java.util.AbstractCollection.containsAll(Ljava/util/Collection;)Z @ 28 c2
Event: 684.232 Thread 0x000001e97f3537f0 DEOPT PACKING pc=0x000001e92ab63394 sp=0x00000011732fede0
Event: 684.244 Thread 0x000001e97f3537f0 DEOPT UNPACKING pc=0x000001e92a4d46a2 sp=0x00000011732feda0 mode 2
Event: 684.258 Thread 0x000001e97f3537f0 Uncommon trap: trap_request=0xffffff45 fr.pc=0x000001e92aeee1e0 relative=0x0000000000002a20
Event: 684.261 Thread 0x000001e97f3537f0 Uncommon trap: reason=unstable_if action=reinterpret pc=0x000001e92aeee1e0 method=org.springframework.boot.devtools.filewatch.DirectorySnapshot.collectFiles(Ljava/io/File;Ljava/util/Set;)V @ 73 c2
Event: 684.261 Thread 0x000001e97f3537f0 DEOPT PACKING pc=0x000001e92aeee1e0 sp=0x00000011732fec40
Event: 684.261 Thread 0x000001e97f3537f0 DEOPT UNPACKING pc=0x000001e92a4d46a2 sp=0x00000011732fec40 mode 2
Event: 684.321 Thread 0x000001e97f3537f0 Uncommon trap: trap_request=0xffffff45 fr.pc=0x000001e92af597c0 relative=0x0000000000000f20
Event: 684.321 Thread 0x000001e97f3537f0 Uncommon trap: reason=unstable_if action=reinterpret pc=0x000001e92af597c0 method=org.springframework.boot.devtools.filewatch.FileSnapshot.<init>(Ljava/io/File;)V @ 14 c2
Event: 684.322 Thread 0x000001e97f3537f0 DEOPT PACKING pc=0x000001e92af597c0 sp=0x00000011732febd0
Event: 684.322 Thread 0x000001e97f3537f0 DEOPT UNPACKING pc=0x000001e92a4d46a2 sp=0x00000011732febc0 mode 2
Event: 684.323 Thread 0x000001e97f3537f0 Uncommon trap: trap_request=0xffffff45 fr.pc=0x000001e92ad0ec64 relative=0x0000000000000044
Event: 684.323 Thread 0x000001e97f3537f0 Uncommon trap: reason=unstable_if action=reinterpret pc=0x000001e92ad0ec64 method=org.springframework.util.Assert.isTrue(ZLjava/lang/String;)V @ 1 c2
Event: 684.323 Thread 0x000001e97f3537f0 DEOPT PACKING pc=0x000001e92ad0ec64 sp=0x00000011732febb0
Event: 684.323 Thread 0x000001e97f3537f0 DEOPT UNPACKING pc=0x000001e92a4d46a2 sp=0x00000011732feb50 mode 2

Classes loaded (20 events):
Event: 116.688 Loading class java/util/concurrent/locks/ReentrantReadWriteLock$Sync$HoldCounter
Event: 116.691 Loading class java/util/concurrent/locks/ReentrantReadWriteLock$Sync$HoldCounter done
Event: 116.729 Loading class java/util/zip/DeflaterOutputStream
Event: 116.730 Loading class java/util/zip/DeflaterOutputStream done
Event: 116.730 Loading class java/util/zip/GZIPInputStream
Event: 116.731 Loading class java/util/zip/GZIPInputStream done
Event: 116.732 Loading class java/util/zip/GZIPOutputStream
Event: 116.732 Loading class java/util/zip/GZIPOutputStream done
Event: 116.974 Loading class java/math/BigDecimal$StringBuilderHelper
Event: 116.975 Loading class java/math/BigDecimal$StringBuilderHelper done
Event: 117.050 Loading class java/text/ParsePosition
Event: 117.051 Loading class java/text/ParsePosition done
Event: 117.051 Loading class java/time/format/DateTimeParseContext
Event: 117.051 Loading class java/time/format/DateTimeParseContext done
Event: 117.051 Loading class java/time/format/Parsed
Event: 117.052 Loading class java/time/format/Parsed done
Event: 684.389 Loading class java/lang/Throwable$WrappedPrintStream
Event: 684.421 Loading class java/lang/Throwable$PrintStreamOrWriter
Event: 684.428 Loading class java/lang/Throwable$PrintStreamOrWriter done
Event: 684.429 Loading class java/lang/Throwable$WrappedPrintStream done

Classes unloaded (20 events):
Event: 117.401 Thread 0x000001e937b8f690 Unloading class 0x000001e939b6fc00 'java/lang/invoke/LambdaForm$DMH+0x000001e939b6fc00'
Event: 117.401 Thread 0x000001e937b8f690 Unloading class 0x000001e939b6f400 'java/lang/invoke/LambdaForm$MH+0x000001e939b6f400'
Event: 117.401 Thread 0x000001e937b8f690 Unloading class 0x000001e939b6f000 'java/lang/invoke/LambdaForm$MH+0x000001e939b6f000'
Event: 117.401 Thread 0x000001e937b8f690 Unloading class 0x000001e939b6e800 'java/lang/invoke/LambdaForm$MH+0x000001e939b6e800'
Event: 117.401 Thread 0x000001e937b8f690 Unloading class 0x000001e939b6e000 'java/lang/invoke/LambdaForm$MH+0x000001e939b6e000'
Event: 117.401 Thread 0x000001e937b8f690 Unloading class 0x000001e939b6dc00 'java/lang/invoke/LambdaForm$MH+0x000001e939b6dc00'
Event: 117.401 Thread 0x000001e937b8f690 Unloading class 0x000001e939b6d800 'java/lang/invoke/LambdaForm$MH+0x000001e939b6d800'
Event: 117.401 Thread 0x000001e937b8f690 Unloading class 0x000001e939b6d000 'java/lang/invoke/LambdaForm$MH+0x000001e939b6d000'
Event: 117.401 Thread 0x000001e937b8f690 Unloading class 0x000001e939b6c800 'java/lang/invoke/LambdaForm$MH+0x000001e939b6c800'
Event: 117.401 Thread 0x000001e937b8f690 Unloading class 0x000001e939b6c000 'java/lang/invoke/LambdaForm$MH+0x000001e939b6c000'
Event: 117.401 Thread 0x000001e937b8f690 Unloading class 0x000001e939b6c400 'java/lang/invoke/LambdaForm$MH+0x000001e939b6c400'
Event: 117.401 Thread 0x000001e937b8f690 Unloading class 0x000001e939a2d000 'jdk/internal/reflect/GeneratedSerializationConstructorAccessor6'
Event: 117.401 Thread 0x000001e937b8f690 Unloading class 0x000001e939a2b000 'jdk/internal/reflect/GeneratedSerializationConstructorAccessor5'
Event: 117.401 Thread 0x000001e937b8f690 Unloading class 0x000001e939a2a000 'jdk/internal/reflect/GeneratedSerializationConstructorAccessor4'
Event: 117.401 Thread 0x000001e937b8f690 Unloading class 0x000001e939a29c00 'jdk/internal/reflect/GeneratedSerializationConstructorAccessor3'
Event: 117.401 Thread 0x000001e937b8f690 Unloading class 0x000001e939a21800 'jdk/internal/reflect/GeneratedSerializationConstructorAccessor2'
Event: 117.401 Thread 0x000001e937b8f690 Unloading class 0x000001e939980400 'jdk/internal/reflect/GeneratedSerializationConstructorAccessor1'
Event: 367.438 Thread 0x000001e937b8f690 Unloading class 0x000001e939b7c800 'java/lang/invoke/LambdaForm$MH+0x000001e939b7c800'
Event: 367.438 Thread 0x000001e937b8f690 Unloading class 0x000001e939b7c400 'java/lang/invoke/LambdaForm$MH+0x000001e939b7c400'
Event: 367.438 Thread 0x000001e937b8f690 Unloading class 0x000001e939b7c000 'java/lang/invoke/LambdaForm$MH+0x000001e939b7c000'

Classes redefined (0 events):
No events

Internal exceptions (20 events):
Event: 367.219 Thread 0x000001e97d6096f0 StackOverflowError at 0x000001e92ad44fe0
Event: 367.219 Thread 0x000001e97d6096f0 Exception <a 'java/lang/StackOverflowError'{0x0000000089279490}> (0x0000000089279490) 
thrown [s\open\src\hotspot\share\runtime\sharedRuntime.cpp, line 625]
Event: 367.288 Thread 0x000001e97d6089d0 StackOverflowError at 0x000001e92abad2c0
Event: 367.288 Thread 0x000001e97d6089d0 Exception <a 'java/lang/StackOverflowError'{0x0000000088dd7c48}> (0x0000000088dd7c48) 
thrown [s\open\src\hotspot\share\runtime\sharedRuntime.cpp, line 625]
Event: 369.260 Thread 0x000001e97d607cb0 StackOverflowError at 0x000001e92aad17a0
Event: 369.260 Thread 0x000001e97d607cb0 Exception <a 'java/lang/StackOverflowError'{0x000000008872f608}> (0x000000008872f608) 
thrown [s\open\src\hotspot\share\runtime\sharedRuntime.cpp, line 625]
Event: 369.330 Thread 0x000001e97d60b130 StackOverflowError at 0x000001e92aad17a0
Event: 369.330 Thread 0x000001e97d60b130 Exception <a 'java/lang/StackOverflowError'{0x000000008b13f118}> (0x000000008b13f118) 
thrown [s\open\src\hotspot\share\runtime\sharedRuntime.cpp, line 625]
Event: 369.479 Thread 0x000001e97d60a410 StackOverflowError at 0x000001e92abad2c0
Event: 369.479 Thread 0x000001e97d60a410 Exception <a 'java/lang/StackOverflowError'{0x000000008a213090}> (0x000000008a213090) 
thrown [s\open\src\hotspot\share\runtime\sharedRuntime.cpp, line 625]
Event: 369.511 Thread 0x000001e97d6089d0 StackOverflowError at 0x000001e92ad44fe0
Event: 369.511 Thread 0x000001e97d6089d0 Exception <a 'java/lang/StackOverflowError'{0x0000000089b32538}> (0x0000000089b32538) 
thrown [s\open\src\hotspot\share\runtime\sharedRuntime.cpp, line 625]
Event: 369.612 Thread 0x000001e97d608340 StackOverflowError at 0x000001e92abad2c0
Event: 369.612 Thread 0x000001e97d608340 Exception <a 'java/lang/StackOverflowError'{0x00000000891e1570}> (0x00000000891e1570) 
thrown [s\open\src\hotspot\share\runtime\sharedRuntime.cpp, line 625]
Event: 369.679 Thread 0x000001e97d609060 StackOverflowError at 0x000001e92abad2c0
Event: 369.679 Thread 0x000001e97d609060 Exception <a 'java/lang/StackOverflowError'{0x0000000088bcac60}> (0x0000000088bcac60) 
thrown [s\open\src\hotspot\share\runtime\sharedRuntime.cpp, line 625]
Event: 621.021 Thread 0x000001e97d6089d0 Exception <a 'java/lang/NoSuchMethodError'{0x00000000898c05d8}: 'java.lang.Object java.lang.invoke.DirectMethodHandle$Holder.invokeInterface(java.lang.Object, java.lang.Object, java.lang.Object, java.lang.Object, java.lang.Object)'> (0x00000000898c05d8) 
thrown [s\open\src\hotspot\share\interpreter\linkResolver.cpp, line 773]
Event: 621.981 Thread 0x000001e97d6089d0 Exception <a 'java/lang/NoSuchMethodError'{0x000000008962c760}: 'int java.lang.invoke.DirectMethodHandle$Holder.invokeStatic(java.lang.Object, java.lang.Object, int, int)'> (0x000000008962c760) 
thrown [s\open\src\hotspot\share\interpreter\linkResolver.cpp, line 773]
Event: 622.438 Thread 0x000001e97d6089d0 Exception <a 'java/lang/NoSuchMethodError'{0x00000000896a05f0}: 'int java.lang.invoke.Invokers$Holder.invokeExact_MT(java.lang.Object, java.lang.Object, java.lang.Object)'> (0x00000000896a05f0) 
thrown [s\open\src\hotspot\share\interpreter\linkResolver.cpp, line 773]
Event: 623.008 Thread 0x000001e97d6089d0 Implicit null exception at 0x000001e92abf7a56 to 0x000001e92abf8728

ZGC Phase Switch (0 events):
No events

VM Operations (20 events):
Event: 620.501 Executing VM operation: HandshakeAllThreads (Deoptimize)
Event: 620.508 Executing VM operation: HandshakeAllThreads (Deoptimize) done
Event: 621.515 Executing VM operation: Cleanup
Event: 621.547 Executing VM operation: Cleanup done
Event: 621.563 Executing VM operation: HandshakeAllThreads (Deoptimize)
Event: 621.563 Executing VM operation: HandshakeAllThreads (Deoptimize) done
Event: 622.576 Executing VM operation: Cleanup
Event: 622.608 Executing VM operation: Cleanup done
Event: 622.809 Executing VM operation: HandshakeAllThreads (Deoptimize)
Event: 622.809 Executing VM operation: HandshakeAllThreads (Deoptimize) done
Event: 623.823 Executing VM operation: Cleanup
Event: 623.823 Executing VM operation: Cleanup done
Event: 627.871 Executing VM operation: Cleanup
Event: 627.871 Executing VM operation: Cleanup done
Event: 661.402 Executing VM operation: HandshakeAllThreads (HandshakeForDeflation)
Event: 661.402 Executing VM operation: HandshakeAllThreads (HandshakeForDeflation) done
Event: 661.402 Executing VM operation: RendezvousGCThreads
Event: 661.402 Executing VM operation: RendezvousGCThreads done
Event: 663.427 Executing VM operation: Cleanup
Event: 663.429 Executing VM operation: Cleanup done

Events (20 events):
Event: 367.764 Thread 0x000001e937b8f690 flushing nmethod 0x000001e923071890
Event: 367.764 Thread 0x000001e937b8f690 flushing nmethod 0x000001e923074510
Event: 367.764 Thread 0x000001e937b8f690 flushing nmethod 0x000001e923077210
Event: 367.765 Thread 0x000001e937b8f690 flushing nmethod 0x000001e92307c610
Event: 367.765 Thread 0x000001e937b8f690 flushing nmethod 0x000001e923267b10
Event: 367.765 Thread 0x000001e937b8f690 flushing nmethod 0x000001e9233d2190
Event: 367.766 Thread 0x000001e937b8f690 flushing nmethod 0x000001e923479f10
Event: 367.766 Thread 0x000001e937b8f690 flushing nmethod 0x000001e92364d190
Event: 367.766 Thread 0x000001e937b8f690 flushing nmethod 0x000001e923754b10
Event: 367.766 Thread 0x000001e937b8f690 flushing nmethod 0x000001e923831b10
Event: 367.766 Thread 0x000001e937b8f690 flushing nmethod 0x000001e923866210
Event: 367.766 Thread 0x000001e937b8f690 flushing nmethod 0x000001e923b97c10
Event: 367.766 Thread 0x000001e937b8f690 flushing nmethod 0x000001e923c70390
Event: 367.766 Thread 0x000001e937b8f690 flushing nmethod 0x000001e923c70c10
Event: 367.766 Thread 0x000001e937b8f690 flushing nmethod 0x000001e923c72710
Event: 367.766 Thread 0x000001e937b8f690 flushing nmethod 0x000001e923caeb10
Event: 369.124 Thread 0x000001e97f64dbb0 Thread added: 0x000001e97f64dbb0
Event: 371.114 Thread 0x000001e97f64dbb0 Thread exited: 0x000001e97f64dbb0
Event: 620.859 Thread 0x000001e97d832870 Thread added: 0x000001e97d832870
Event: 621.619 Thread 0x000001e97d832870 Thread exited: 0x000001e97d832870


Dynamic libraries:
0x00007ff6db3e0000 - 0x00007ff6db3f0000 	C:\Java\bin\java.exe
0x00007ffb1b4a0000 - 0x00007ffb1b709000 	C:\WINDOWS\SYSTEM32\ntdll.dll
0x00007ffb19910000 - 0x00007ffb199d9000 	C:\WINDOWS\System32\KERNEL32.DLL
0x00007ffb18b80000 - 0x00007ffb18f73000 	C:\WINDOWS\System32\KERNELBASE.dll
0x00007ffb18f80000 - 0x00007ffb190cb000 	C:\WINDOWS\System32\ucrtbase.dll
0x00007ffb11510000 - 0x00007ffb11529000 	C:\Java\bin\jli.dll
0x00007ffb1b310000 - 0x00007ffb1b3c4000 	C:\WINDOWS\System32\ADVAPI32.dll
0x00007ffb196c0000 - 0x00007ffb19769000 	C:\WINDOWS\System32\msvcrt.dll
0x00007ffb199e0000 - 0x00007ffb19a86000 	C:\WINDOWS\System32\sechost.dll
0x00007ffb130e0000 - 0x00007ffb130fb000 	C:\Java\bin\VCRUNTIME140.dll
0x00007ffb1a990000 - 0x00007ffb1aaa8000 	C:\WINDOWS\System32\RPCRT4.dll
0x00007ffb19490000 - 0x00007ffb19654000 	C:\WINDOWS\System32\USER32.dll
0x00007ffafd2f0000 - 0x00007ffafd583000 	C:\WINDOWS\WinSxS\amd64_microsoft.windows.common-controls_6595b64144ccf1df_6.0.26100.5074_none_3e0d6f78e32fd63f\COMCTL32.dll
0x00007ffb18800000 - 0x00007ffb18827000 	C:\WINDOWS\System32\win32u.dll
0x00007ffb19660000 - 0x00007ffb1968b000 	C:\WINDOWS\System32\GDI32.dll
0x00007ffb189b0000 - 0x00007ffb18add000 	C:\WINDOWS\System32\gdi32full.dll
0x00007ffb18690000 - 0x00007ffb18733000 	C:\WINDOWS\System32\msvcp_win.dll
0x00007ffb0f940000 - 0x00007ffb0f94b000 	C:\WINDOWS\SYSTEM32\VERSION.dll
0x00007ffb19770000 - 0x00007ffb1979f000 	C:\WINDOWS\System32\IMM32.DLL
0x00007ffb11500000 - 0x00007ffb1150c000 	C:\Java\bin\vcruntime140_1.dll
0x00007ffb05ad0000 - 0x00007ffb05b5e000 	C:\Java\bin\msvcp140.dll
0x00007ffad2b10000 - 0x00007ffad382a000 	C:\Java\bin\server\jvm.dll
0x00007ffb19c50000 - 0x00007ffb19cc4000 	C:\WINDOWS\System32\WS2_32.dll
0x00007ffb18460000 - 0x00007ffb184be000 	C:\WINDOWS\SYSTEM32\POWRPROF.dll
0x00007ffafc570000 - 0x00007ffafc5a5000 	C:\WINDOWS\SYSTEM32\WINMM.dll
0x00007ffb18440000 - 0x00007ffb18454000 	C:\WINDOWS\SYSTEM32\UMPDC.dll
0x00007ffb173a0000 - 0x00007ffb173bb000 	C:\WINDOWS\SYSTEM32\kernel.appcore.dll
0x00007ffb114f0000 - 0x00007ffb114fa000 	C:\Java\bin\jimage.dll
0x00007ffb15cd0000 - 0x00007ffb15f12000 	C:\WINDOWS\SYSTEM32\DBGHELP.DLL
0x00007ffb19de0000 - 0x00007ffb1a15b000 	C:\WINDOWS\System32\combase.dll
0x00007ffb19240000 - 0x00007ffb19317000 	C:\WINDOWS\System32\OLEAUT32.dll
0x00007ffb00050000 - 0x00007ffb0008d000 	C:\WINDOWS\SYSTEM32\dbgcore.DLL
0x00007ffb18ae0000 - 0x00007ffb18b79000 	C:\WINDOWS\System32\bcryptPrimitives.dll
0x00007ffb0b9e0000 - 0x00007ffb0b9ef000 	C:\Java\bin\instrument.dll
0x00007ffb0bee0000 - 0x00007ffb0beff000 	C:\Java\bin\java.dll
0x00007ffb1abc0000 - 0x00007ffb1b30d000 	C:\WINDOWS\System32\SHELL32.dll
0x00007ffb190d0000 - 0x00007ffb1923c000 	C:\WINDOWS\System32\wintypes.dll
0x00007ffb16240000 - 0x00007ffb16a99000 	C:\WINDOWS\SYSTEM32\windows.storage.dll
0x00007ffb19cd0000 - 0x00007ffb19dc0000 	C:\WINDOWS\System32\SHCORE.dll
0x00007ffb1a5f0000 - 0x00007ffb1a652000 	C:\WINDOWS\System32\shlwapi.dll
0x00007ffb18520000 - 0x00007ffb18549000 	C:\WINDOWS\SYSTEM32\profapi.dll
0x00007ffadba30000 - 0x00007ffadbb07000 	C:\Java\bin\jsvml.dll
0x00007ffb0bab0000 - 0x00007ffb0bac8000 	C:\Java\bin\zip.dll
0x00007ffb0bb10000 - 0x00007ffb0bb20000 	C:\java\bin\net.dll
0x00007ffb0bd30000 - 0x00007ffb0be4f000 	C:\WINDOWS\SYSTEM32\WINHTTP.dll
0x00007ffb17900000 - 0x00007ffb1796b000 	C:\WINDOWS\system32\mswsock.dll
0x00007ffb0bad0000 - 0x00007ffb0bae6000 	C:\java\bin\nio.dll
0x00007ffb0baa0000 - 0x00007ffb0baa9000 	C:\java\bin\extnet.dll
0x00007ffb0ba90000 - 0x00007ffb0ba9a000 	C:\java\bin\management.dll
0x00007ffb0ba60000 - 0x00007ffb0ba6b000 	C:\java\bin\management_ext.dll
0x00007ffb1abb0000 - 0x00007ffb1abb8000 	C:\WINDOWS\System32\PSAPI.DLL
0x00007ffb17cd0000 - 0x00007ffb17ceb000 	C:\WINDOWS\SYSTEM32\CRYPTSP.dll
0x00007ffb17300000 - 0x00007ffb1733b000 	C:\WINDOWS\system32\rsaenh.dll
0x00007ffb179a0000 - 0x00007ffb179cb000 	C:\WINDOWS\SYSTEM32\USERENV.dll
0x00007ffb184f0000 - 0x00007ffb18516000 	C:\WINDOWS\SYSTEM32\bcrypt.dll
0x00007ffb17b30000 - 0x00007ffb17b3c000 	C:\WINDOWS\SYSTEM32\CRYPTBASE.dll
0x00007ffb16da0000 - 0x00007ffb16dd4000 	C:\WINDOWS\SYSTEM32\IPHLPAPI.DLL
0x00007ffb19330000 - 0x00007ffb1933a000 	C:\WINDOWS\System32\NSI.dll
0x00007ffb0bb00000 - 0x00007ffb0bb0e000 	C:\java\bin\sunmscapi.dll
0x00007ffb18830000 - 0x00007ffb189a7000 	C:\WINDOWS\System32\CRYPT32.dll
0x00007ffb17e20000 - 0x00007ffb17e50000 	C:\WINDOWS\SYSTEM32\ncrypt.dll
0x00007ffb17dd0000 - 0x00007ffb17e0f000 	C:\WINDOWS\SYSTEM32\NTASN1.dll
0x00007ffb05a90000 - 0x00007ffb05aa0000 	C:\Java\bin\verify.dll
0x00007ffb16e30000 - 0x00007ffb16f56000 	C:\WINDOWS\SYSTEM32\DNSAPI.dll
0x00007ffb0fc40000 - 0x00007ffb0fc4b000 	C:\Windows\System32\rasadhlp.dll
0x00007ffb0adf0000 - 0x00007ffb0ae76000 	C:\WINDOWS\System32\fwpuclnt.dll
0x00007ffaafbc0000 - 0x00007ffaafbc8000 	C:\WINDOWS\system32\wshunix.dll

dbghelp: loaded successfully - version: 4.0.5 - missing functions: none
symbol engine: initialized successfully - sym options: 0x614 - pdb path: .;C:\Java\bin;C:\WINDOWS\SYSTEM32;C:\WINDOWS\WinSxS\amd64_microsoft.windows.common-controls_6595b64144ccf1df_6.0.26100.5074_none_3e0d6f78e32fd63f;C:\Java\bin\server

VM Arguments:
jvm_args: -javaagent:C:\Program Files\JetBrains\IntelliJ IDEA Community Edition 2025.1.2\lib\idea_rt.jar=58646 -Dfile.encoding=UTF-8 -Dsun.stdout.encoding=UTF-8 -Dsun.stderr.encoding=UTF-8 
java_command: com.cwa.GestionDeSalleDeSportV2.GestionDeSalleDeSportV2Application
java_class_path (initial): C:\Users\admin\Desktop\zouPasTouche\app\poject2.0\Soutenance\Backend\v2.0\GestionDeSalleDeSportV2\target\classes;C:\Users\admin\.m2\repository\org\springframework\boot\spring-boot-starter-data-jpa\3.1.5\spring-boot-starter-data-jpa-3.1.5.jar;C:\Users\admin\.m2\repository\org\springframework\boot\spring-boot-starter-aop\3.1.5\spring-boot-starter-aop-3.1.5.jar;C:\Users\admin\.m2\repository\org\aspectj\aspectjweaver\1.9.20\aspectjweaver-1.9.20.jar;C:\Users\admin\.m2\repository\org\springframework\boot\spring-boot-starter-jdbc\3.1.5\spring-boot-starter-jdbc-3.1.5.jar;C:\Users\admin\.m2\repository\com\zaxxer\HikariCP\5.0.1\HikariCP-5.0.1.jar;C:\Users\admin\.m2\repository\org\springframework\spring-jdbc\6.0.13\spring-jdbc-6.0.13.jar;C:\Users\admin\.m2\repository\org\hibernate\orm\hibernate-core\6.2.13.Final\hibernate-core-6.2.13.Final.jar;C:\Users\admin\.m2\repository\jakarta\persistence\jakarta.persistence-api\3.1.0\jakarta.persistence-api-3.1.0.jar;C:\Users\admin\.m2\repository\jakarta\transaction\jakarta.transaction-api\2.0.1\jakarta.transaction-api-2.0.1.jar;C:\Users\admin\.m2\repository\org\jboss\logging\jboss-logging\3.5.3.Final\jboss-logging-3.5.3.Final.jar;C:\Users\admin\.m2\repository\org\hibernate\common\hibernate-commons-annotations\6.0.6.Final\hibernate-commons-annotations-6.0.6.Final.jar;C:\Users\admin\.m2\repository\io\smallrye\jandex\3.0.5\jandex-3.0.5.jar;C:\Users\admin\.m2\repository\com\fasterxml\classmate\1.5.1\classmate-1.5.1.jar;C:\Users\admin\.m2\repository\net\bytebuddy\byte-buddy\1.14.9\byte-buddy-1.14.9.jar;C:\Users\admin\.m2\repository\org\glassfish\jaxb\jaxb-runtime\4.0.3\jaxb-runtime-4.0.3.jar;C:\Users\admin\.m2\repository\org\glassfish\jaxb\jaxb-core\4.0.3\jaxb-core-4.0.3.jar;C:\Users\admin\.m2\repository\org\glassfish\jaxb\txw2\4.0.3\txw2-4.0.3.jar;C:\Users\admin\.m2\repository\com\sun\istack\istack-commons-runtime\4.1.2\istack-commons-runtime-4.1.2.jar;C:\Users\admin\.m2\repository\jakarta\inject\jakarta.inject-api\2.0.1\jakarta.inject-api-2.0.1.jar;C:\Users\admin\.m2\repository\org\antlr\antlr4-runtime\4.10.1\antlr4-runtime-4.10.1.jar;C:\Users\admin\.m2\repository\org\springframework\data\spring-data-jpa\3.1.5\spring-data-jpa-3.1.5.jar;C:\Users\admin\.m2\repository\org\springframework\data\spring-data-commons\3.1.5\spring-data-commons-3.1.5.jar;C:\Users\admin\.m2\repository\org\springframework\spring-orm\6.0.13\spring-orm-6.0.13.jar;C:\Users\admin\.m2\repository\org\springframework\spring-context\6.0.13\spring-context-6.0.13.jar;C:\Users\admin\.m2\repository\org\springframework\spring-tx\6.0.13\spring-tx-6.0.13.jar;C:\Users\admin\.m2\repository\org\springframework\spring-beans\6.0.13\spring-beans-6.0.13.jar;C:\Users\admin\.m2\repository\jakarta\annotation\jakarta.annotation-api\2.1.1\jakarta.annotation-api-2.1.1.jar;C:\Users\admin\.m2\repository\org\springframework\spring-aspects\6.0.13\spring-aspects-6.0.13.jar;C:\Users\admin\.m2\repository\org\springframework\boot\spring-boot-starter-security\3.1.5\spring-boot-starter-security-3.1.5.jar;C:\Users\admin\.m2\repository\org\springframework\boot\spring-boot-starter\3.1.5\spring-boot-starter-3.1.5.jar;C:\Users\admin\.m2\repository\org\yaml\snakeyaml\1.33\snakeyaml-1.33.jar;C:\Users\admin\.m2\repository\org\springframework\spring-aop\6.0.13\spring-aop-6.0.13.jar;C:\Users\admin\.m2\repository\org\springframework\security\spring-security-config\6.1.5\spring-security-config-6.1.5.jar;C:\Users\admin\.m2\repository\org\springframework\security\spring-security-web\6.1.5\spring-security-web-6.1.5.jar;C:\Users\admin\.m2\repository\org\springframework\spring-expression\6.0.13\spring-expression-6.0.13.jar;C:\Users\admin\.m2\repository\org\springframework\boot\spring-boot-starter-web\3.1.5\spring-boot-starter-web-3.1.5.jar;C:\Users\admin\.m2\repository\org\springframework\boot\spring-boot-starter-json\3.1.5\spring-boot-starter-json-3.1.5.jar;C:\Users\admin\.m2\repository\com\fasterxml\jackson\datatype\jackson-datatype-jdk8\2.15.3\jackson-datatype-jdk8-2.15.3.jar;C:\Users\admin\.m2\repository\com\fasterxml\jackson\module\jackson-module-parameter-names\2.15.3\jackson-module-parameter-names-2.15.3.jar;C:\Users\admin\.m2\repository\org\springframework\boot\spring-boot-starter-tomcat\3.1.5\spring-boot-starter-tomcat-3.1.5.jar;C:\Users\admin\.m2\repository\org\apache\tomcat\embed\tomcat-embed-core\10.1.15\tomcat-embed-core-10.1.15.jar;C:\Users\admin\.m2\repository\org\apache\tomcat\embed\tomcat-embed-websocket\10.1.15\tomcat-embed-websocket-10.1.15.jar;C:\Users\admin\.m2\repository\org\springframework\spring-web\6.0.13\spring-web-6.0.13.jar;C:\Users\admin\.m2\repository\io\micrometer\micrometer-observation\1.11.5\micrometer-observation-1.11.5.jar;C:\Users\admin\.m2\repository\io\micrometer\micrometer-commons\1.11.5\micrometer-commons-1.11.5.jar;C:\Users\admin\.m2\repository\org\springframework\spring-webmvc\6.0.13\spring-webmvc-6.0.13.jar;C:\Users\admin\.m2\repository\com\mysql\mysql-connector-j\8.0.33\mysql-connector-j-8.0.33.jar;C:\Users\admin\.m2\repository\jakarta\validation\jakarta.validation-api\3.0.2\jakarta.validation-api-3.0.2.jar;C:\Users\admin\.m2\repository\org\springframework\boot\spring-boot-starter-validation\3.1.5\spring-boot-starter-validation-3.1.5.jar;C:\Users\admin\.m2\repository\org\apache\tomcat\embed\tomcat-embed-el\10.1.15\tomcat-embed-el-10.1.15.jar;C:\Users\admin\.m2\repository\org\hibernate\validator\hibernate-validator\8.0.1.Final\hibernate-validator-8.0.1.Final.jar;C:\Users\admin\.m2\repository\org\springframework\boot\spring-boot-starter-mail\3.1.5\spring-boot-starter-mail-3.1.5.jar;C:\Users\admin\.m2\repository\org\springframework\spring-context-support\6.0.13\spring-context-support-6.0.13.jar;C:\Users\admin\.m2\repository\org\eclipse\angus\jakarta.mail\1.1.0\jakarta.mail-1.1.0.jar;C:\Users\admin\.m2\repository\jakarta\activation\jakarta.activation-api\2.1.2\jakarta.activation-api-2.1.2.jar;C:\Users\admin\.m2\repository\org\eclipse\angus\angus-activation\2.0.1\angus-activation-2.0.1.jar;C:\Users\admin\.m2\repository\org\springdoc\springdoc-openapi-starter-webmvc-ui\2.1.0\springdoc-openapi-starter-webmvc-ui-2.1.0.jar;C:\Users\admin\.m2\repository\org\springdoc\springdoc-openapi-starter-webmvc-api\2.1.0\springdoc-openapi-starter-webmvc-api-2.1.0.jar;C:\Users\admin\.m2\repository\org\springdoc\springdoc-openapi-starter-common\2.1.0\springdoc-openapi-starter-common-2.1.0.jar;C:\Users\admin\.m2\repository\io\swagger\core\v3\swagger-core-jakarta\2.2.9\swagger-core-jakarta-2.2.9.jar;C:\Users\admin\.m2\repository\org\apache\commons\commons-lang3\3.12.0\commons-lang3-3.12.0.jar;C:\Users\admin\.m2\repository\io\swagger\core\v3\swagger-annotations-jakarta\2.2.9\swagger-annotations-jakarta-2.2.9.jar;C:\Users\admin\.m2\repository\io\swagger\core\v3\swagger-models-jakarta\2.2.9\swagger-models-jakarta-2.2.9.jar;C:\Users\admin\.m2\repository\com\fasterxml\jackson\dataformat\jackson-dataformat-yaml\2.15.3\jackson-dataformat-yaml-2.15.3.jar;C:\Users\admin\.m2\repository\org\webjars\swagger-ui\4.18.2\swagger-ui-4.18.2.jar;C:\Users\admin\.m2\repository\com\itextpdf\kernel\7.2.3\kernel-7.2.3.jar;C:\Users\admin\.m2\repository\com\itextpdf\io\7.2.3\io-7.2.3.jar;C:\Users\admin\.m2\repository\com\itextpdf\commons\7.2.3\commons-7.2.3.jar;C:\Users\admin\.m2\repository\org\bouncycastle\bcpkix-jdk15on\1.70\bcpkix-jdk15on-1.70.jar;C:\Users\admin\.m2\repository\org\bouncycastle\bcutil-jdk15on\1.70\bcutil-jdk15on-1.70.jar;C:\Users\admin\.m2\repository\org\bouncycastle\bcprov-jdk15on\1.70\bcprov-jdk15on-1.70.jar;C:\Users\admin\.m2\repository\org\slf4j\slf4j-api\2.0.9\slf4j-api-2.0.9.jar;C:\Users\admin\.m2\repository\com\itextpdf\layout\7.2.3\layout-7.2.3.jar;C:\Users\admin\.m2\repository\io\jsonwebtoken\jjwt-api\0.11.5\jjwt-api-0.11.5.jar;C:\Users\admin\.m2\repository\io\jsonwebtoken\jjwt-impl\0.11.5\jjwt-impl-0.11.5.jar;C:\Users\admin\.m2\repository\io\jsonwebtoken\jjwt-jackson\0.11.5\jjwt-jackson-0.11.5.jar;C:\Users\admin\.m2\repository\com\fasterxml\jackson\core\jackson-databind\2.15.3\jackson-databind-2.15.3.jar;C:\Users\admin\.m2\repository\org\springframework\boot\spring-boot-devtools\3.1.5\spring-boot-devtools-3.1.5.jar;C:\Users\admin\.m2\repository\org\springframework\boot\spring-boot\3.1.5\spring-boot-3.1.5.jar;C:\Users\admin\.m2\repository\org\springframework\boot\spring-boot-autoconfigure\3.1.5\spring-boot-autoconfigure-3.1.5.jar;C:\Users\admin\.m2\repository\jakarta\xml\bind\jakarta.xml.bind-api\4.0.1\jakarta.xml.bind-api-4.0.1.jar;C:\Users\admin\.m2\repository\org\springframework\spring-core\6.0.13\spring-core-6.0.13.jar;C:\Users\admin\.m2\repository\org\springframework\spring-jcl\6.0.13\spring-jcl-6.0.13.jar;C:\Users\admin\.m2\repository\org\springframework\security\spring-security-core\6.1.5\spring-security-core-6.1.5.jar;C:\Users\admin\.m2\repository\org\springframework\security\spring-security-crypto\6.1.5\spring-security-crypto-6.1.5.jar;C:\Users\admin\.m2\repository\org\springframework\boot\spring-boot-starter-logging\3.1.5\spring-boot-starter-logging-3.1.5.jar;C:\Users\admin\.m2\repository\ch\qos\logback\logback-classic\1.4.11\logback-classic-1.4.11.jar;C:\Users\admin\.m2\repository\ch\qos\logback\logback-core\1.4.11\logback-core-1.4.11.jar;C:\Users\admin\.m2\repository\org\apache\logging\log4j\log4j-to-slf4j\2.20.0\log4j-to-slf4j-2.20.0.jar;C:\Users\admin\.m2\repository\org\apache\logging\log4j\log4j-api\2.20.0\log4j-api-2.20.0.jar;C:\Users\admin\.m2\repository\org\slf4j\jul-to-slf4j\2.0.9\jul-to-slf4j-2.0.9.jar;C:\Users\admin\.m2\repository\com\fasterxml\jackson\datatype\jackson-datatype-jsr310\2.15.2\jackson-datatype-jsr310-2.15.2.jar;C:\Users\admin\.m2\repository\com\fasterxml\jackson\core\jackson-annotations\2.15.3\jackson-annotations-2.15.3.jar;C:\Users\admin\.m2\repository\com\fasterxml\jackson\core\jackson-core\2.15.3\jackson-core-2.15.3.jar
Launcher Type: SUN_STANDARD

[Global flags]
     intx CICompilerCount                          = 4                                         {product} {ergonomic}
     uint ConcGCThreads                            = 2                                         {product} {ergonomic}
     uint G1ConcRefinementThreads                  = 8                                         {product} {ergonomic}
   size_t G1HeapRegionSize                         = 1048576                                   {product} {ergonomic}
    uintx GCDrainStackTargetSize                   = 64                                        {product} {ergonomic}
   size_t InitialHeapSize                          = 132120576                                 {product} {ergonomic}
   size_t MarkStackSize                            = 4194304                                   {product} {ergonomic}
   size_t MaxHeapSize                              = 2095054848                                {product} {ergonomic}
   size_t MaxNewSize                               = 1256194048                                {product} {ergonomic}
   size_t MinHeapDeltaBytes                        = 1048576                                   {product} {ergonomic}
   size_t MinHeapSize                              = 8388608                                   {product} {ergonomic}
    uintx NonNMethodCodeHeapSize                   = 5839372                                {pd product} {ergonomic}
    uintx NonProfiledCodeHeapSize                  = 122909434                              {pd product} {ergonomic}
    uintx ProfiledCodeHeapSize                     = 122909434                              {pd product} {ergonomic}
    uintx ReservedCodeCacheSize                    = 251658240                              {pd product} {ergonomic}
     bool SegmentedCodeCache                       = true                                      {product} {ergonomic}
   size_t SoftMaxHeapSize                          = 2095054848                             {manageable} {ergonomic}
     bool UseCompressedOops                        = true                           {product lp64_product} {ergonomic}
     bool UseG1GC                                  = true                                      {product} {ergonomic}
     bool UseLargePagesIndividualAllocation        = false                                  {pd product} {ergonomic}

Logging:
Log output configuration:
 #0: stdout all=warning uptime,level,tags foldmultilines=false
 #1: stderr all=off uptime,level,tags foldmultilines=false

Environment Variables:
JAVA_HOME=C:\java
PATH=C:\Program Files\Common Files\Oracle\Java\javapath;C:\WINDOWS\system32;C:\WINDOWS;C:\WINDOWS\System32\Wbem;C:\WINDOWS\System32\WindowsPowerShell\v1.0\;C:\WINDOWS\System32\OpenSSH\;C:\Program Files\dotnet\;C:\java;C:\Users\admin\Desktop\zouPasTouche\maven\apache-maven-3.9.10\bin;C:\Program Files\Git\cmd;C:\Program Files\nodejs\;C:\flutter\bin;C:\Users\admin\AppData\Local\Android\Sdk\cmdline-tools\latest\bin;C:\Users\admin\AppData\Local\Android\Sdk\platform-tools;C:\Users\admin\AppData\Local\Microsoft\WindowsApps;C:\Users\admin\AppData\Local\Programs\Microsoft VS Code\bin;C:\Program Files\JetBrains\IntelliJ IDEA Community Edition 2025.1.2\bin;;C:\Users\admin\AppData\Roaming\npm
USERNAME=admin
OS=Windows_NT
PROCESSOR_IDENTIFIER=Intel64 Family 6 Model 158 Stepping 10, GenuineIntel
TMP=C:\Users\admin\AppData\Local\Temp
TEMP=C:\Users\admin\AppData\Local\Temp




Periodic native trim disabled

---------------  S Y S T E M  ---------------

OS:
 Windows 11 , 64 bit Build 26100 (10.0.26100.5074)
OS uptime: 1 days 11:16 hours
Hyper-V role detected

CPU: total 8 (initial active 8) (4 cores per cpu, 2 threads per core) family 6 model 158 stepping 10 microcode 0xf8, cx8, cmov, fxsr, ht, mmx, 3dnowpref, sse, sse2, sse3, ssse3, sse4.1, sse4.2, popcnt, lzcnt, tsc, tscinvbit, avx, avx2, aes, erms, clmul, bmi1, bmi2, adx, fma, vzeroupper, clflush, clflushopt, hv, rdtscp, f16c
Processor Information for all 8 processors :
  Max Mhz: 2304, Current Mhz: 2304, Mhz Limit: 2304

Memory: 4k page, system-wide physical 7985M (437M free)
TotalPageFile size 23273M (AvailPageFile size 0M)
current process WorkingSet (physical memory assigned to process): 21M, peak: 333M
current process commit charge ("private bytes"): 390M, peak: 411M

vm_info: Java HotSpot(TM) 64-Bit Server VM (21.0.7+8-LTS-245) for windows-amd64 JRE (21.0.7+8-LTS-245), built on 2025-02-21T05:11:27Z by "mach5one" with MS VC++ 17.6 (VS2022)

END.
