#
# There is insufficient memory for the Java Runtime Environment to continue.
# Native memory allocation (malloc) failed to allocate 337776 bytes for Chunk::new
# Possible reasons:
#   The system is out of physical RAM or swap space
#   The process is running with CompressedOops enabled, and the Java Heap may be blocking the growth of the native heap
# Possible solutions:
#   Reduce memory load on the system
#   Increase physical memory or swap space
#   Check if swap backing store is full
#   Decrease Java heap size (-Xmx/-Xms)
#   Decrease number of Java threads
#   Decrease Java thread stack sizes (-Xss)
#   Set larger code cache with -XX:ReservedCodeCacheSize=
#   JVM is running with Unscaled Compressed Oops mode in which the Java heap is
#     placed in the first 4GB address space. The Java Heap base address is the
#     maximum limit for the native heap growth. Please use -XX:HeapBaseMinAddress
#     to set the Java Heap base and to place the Java Heap above 4GB virtual address.
# This output file may be truncated or incomplete.
#
#  Out of Memory Error (arena.cpp:168), pid=18000, tid=23960
#
# JRE version: Java(TM) SE Runtime Environment (21.0.7+8) (build 21.0.7+8-LTS-245)
# Java VM: Java HotSpot(TM) 64-Bit Server VM (21.0.7+8-LTS-245, mixed mode, sharing, tiered, compressed oops, compressed class ptrs, g1 gc, windows-amd64)
# No core dump will be written. Minidumps are not enabled by default on client versions of Windows
#

---------------  S U M M A R Y ------------

Command Line: -javaagent:C:\Program Files\JetBrains\IntelliJ IDEA Community Edition 2025.1.2\lib\idea_rt.jar=53964 -Dfile.encoding=UTF-8 -Dsun.stdout.encoding=UTF-8 -Dsun.stderr.encoding=UTF-8 com.cwa.GestionDeSalleDeSportV2.GestionDeSalleDeSportV2Application

Host: Intel(R) Core(TM) i5-8300H CPU @ 2.30GHz, 8 cores, 7G,  Windows 11 , 64 bit Build 26100 (10.0.26100.5074)
Time: Sat Oct 11 16:16:31 2025 Greenwich elapsed time: 7.344266 seconds (0d 0h 0m 7s)

---------------  T H R E A D  ---------------

Current thread (0x000002db9d0b5920):  JavaThread "C2 CompilerThread2" daemon [_thread_in_native, id=23960, stack(0x000000fa65a00000,0x000000fa65b00000) (1024K)]


Current CompileTask:
C2:   7345 1773 % !   4       java.util.jar.Attributes::read @ 214 (494 bytes)

Stack: [0x000000fa65a00000,0x000000fa65b00000]
Native frames: (J=compiled Java code, j=interpreted, Vv=VM code, C=native code)
V  [jvm.dll+0x6cae19]
V  [jvm.dll+0x855741]
V  [jvm.dll+0x857c6e]
V  [jvm.dll+0x858343]
V  [jvm.dll+0x27e0b6]
V  [jvm.dll+0xc4ecd]
V  [jvm.dll+0xc5403]
V  [jvm.dll+0x2f145d]
V  [jvm.dll+0x5f5a8a]
V  [jvm.dll+0x24fbc2]
V  [jvm.dll+0x2487a3]
V  [jvm.dll+0x246004]
V  [jvm.dll+0x1c6efe]
V  [jvm.dll+0x255819]
V  [jvm.dll+0x253daa]
V  [jvm.dll+0x3eebb6]
V  [jvm.dll+0x7ffa1b]
V  [jvm.dll+0x6c94fd]
C  [ucrtbase.dll+0x37b0]
C  [KERNEL32.DLL+0x2e8d7]
C  [ntdll.dll+0x8d9c]


---------------  P R O C E S S  ---------------

Threads class SMR info:
_java_thread_list=0x000002db56e8c130, length=17, elements={
0x000002db3847dd10, 0x000002db56e86f00, 0x000002db56e87b50, 0x000002db56e99c70,
0x000002db56e9cf60, 0x000002db56ea00a0, 0x000002db56ea18c0, 0x000002db56ea87f0,
0x000002db56ea9280, 0x000002db9c1edc20, 0x000002db9c4ef290, 0x000002db9c4ecb80,
0x000002db9c8815a0, 0x000002db9c95e930, 0x000002db9ccd5cb0, 0x000002db9d0b5920,
0x000002db9d0cb380
}

Java Threads: ( => current thread )
  0x000002db3847dd10 JavaThread "main"                              [_thread_blocked, id=18248, stack(0x000000fa64000000,0x000000fa64100000) (1024K)]
  0x000002db56e86f00 JavaThread "Reference Handler"          daemon [_thread_blocked, id=24764, stack(0x000000fa64800000,0x000000fa64900000) (1024K)]
  0x000002db56e87b50 JavaThread "Finalizer"                  daemon [_thread_blocked, id=14180, stack(0x000000fa64900000,0x000000fa64a00000) (1024K)]
  0x000002db56e99c70 JavaThread "Signal Dispatcher"          daemon [_thread_blocked, id=22176, stack(0x000000fa64a00000,0x000000fa64b00000) (1024K)]
  0x000002db56e9cf60 JavaThread "Attach Listener"            daemon [_thread_blocked, id=16312, stack(0x000000fa64b00000,0x000000fa64c00000) (1024K)]
  0x000002db56ea00a0 JavaThread "Service Thread"             daemon [_thread_blocked, id=8428, stack(0x000000fa64c00000,0x000000fa64d00000) (1024K)]
  0x000002db56ea18c0 JavaThread "Monitor Deflation Thread"   daemon [_thread_blocked, id=10364, stack(0x000000fa64d00000,0x000000fa64e00000) (1024K)]
  0x000002db56ea87f0 JavaThread "C2 CompilerThread0"         daemon [_thread_blocked, id=17020, stack(0x000000fa64e00000,0x000000fa64f00000) (1024K)]
  0x000002db56ea9280 JavaThread "C1 CompilerThread0"         daemon [_thread_blocked, id=19644, stack(0x000000fa64f00000,0x000000fa65000000) (1024K)]
  0x000002db9c1edc20 JavaThread "Common-Cleaner"             daemon [_thread_blocked, id=10632, stack(0x000000fa65000000,0x000000fa65100000) (1024K)]
  0x000002db9c4ef290 JavaThread "Monitor Ctrl-Break"         daemon [_thread_in_native, id=1372, stack(0x000000fa65100000,0x000000fa65200000) (1024K)]
  0x000002db9c4ecb80 JavaThread "Notification Thread"        daemon [_thread_blocked, id=12604, stack(0x000000fa65200000,0x000000fa65300000) (1024K)]
  0x000002db9c8815a0 JavaThread "C2 CompilerThread1"         daemon [_thread_blocked, id=23332, stack(0x000000fa65300000,0x000000fa65400000) (1024K)]
  0x000002db9c95e930 JavaThread "Thread-0"                          [_thread_blocked, id=1132, stack(0x000000fa65800000,0x000000fa65900000) (1024K)]
  0x000002db9ccd5cb0 JavaThread "restartedMain"                     [_thread_in_vm, id=5932, stack(0x000000fa65900000,0x000000fa65a00000) (1024K)]
=>0x000002db9d0b5920 JavaThread "C2 CompilerThread2"         daemon [_thread_in_native, id=23960, stack(0x000000fa65a00000,0x000000fa65b00000) (1024K)]
  0x000002db9d0cb380 JavaThread "background-preinit"                [_thread_in_vm, id=15376, stack(0x000000fa65b00000,0x000000fa65c00000) (1024K)]
Total: 17

Other Threads:
  0x000002db56e6f360 VMThread "VM Thread"                           [id=25204, stack(0x000000fa64700000,0x000000fa64800000) (1024K)]
  0x000002db56e591f0 WatcherThread "VM Periodic Task Thread"        [id=25588, stack(0x000000fa64600000,0x000000fa64700000) (1024K)]
  0x000002db3882ec50 WorkerThread "GC Thread#0"                     [id=16352, stack(0x000000fa64100000,0x000000fa64200000) (1024K)]
  0x000002db9d0be860 WorkerThread "GC Thread#1"                     [id=24456, stack(0x000000fa65400000,0x000000fa65500000) (1024K)]
  0x000002db9d0bec00 WorkerThread "GC Thread#2"                     [id=16208, stack(0x000000fa65500000,0x000000fa65600000) (1024K)]
  0x000002db9c9a98e0 WorkerThread "GC Thread#3"                     [id=18768, stack(0x000000fa65600000,0x000000fa65700000) (1024K)]
  0x000002db9cb527e0 WorkerThread "GC Thread#4"                     [id=19856, stack(0x000000fa65700000,0x000000fa65800000) (1024K)]
  0x000002db3853de20 ConcurrentGCThread "G1 Main Marker"            [id=19068, stack(0x000000fa64200000,0x000000fa64300000) (1024K)]
  0x000002db3853e920 WorkerThread "G1 Conc#0"                       [id=19448, stack(0x000000fa64300000,0x000000fa64400000) (1024K)]
  0x000002db56d29530 ConcurrentGCThread "G1 Refine#0"               [id=1572, stack(0x000000fa64400000,0x000000fa64500000) (1024K)]
  0x000002db56d29fb0 ConcurrentGCThread "G1 Service"                [id=11096, stack(0x000000fa64500000,0x000000fa64600000) (1024K)]
Total: 11

Threads with active compile tasks:
C2 CompilerThread0     7508 1796       4       java.lang.ClassLoader::checkName (37 bytes)
C2 CompilerThread2     7508 1773 % !   4       java.util.jar.Attributes::read @ 214 (494 bytes)
Total: 2

VM state: not at safepoint (normal execution)

VM Mutex/Monitor currently owned by a thread: None

Heap address: 0x0000000083200000, size: 1998 MB, Compressed Oops mode: 32-bit

CDS archive(s) mapped at: [0x000002db57000000-0x000002db57c90000-0x000002db57c90000), size 13172736, SharedBaseAddress: 0x000002db57000000, ArchiveRelocationMode: 1.
Compressed class space mapped at: 0x000002db58000000-0x000002db98000000, reserved size: 1073741824
Narrow klass base: 0x000002db57000000, Narrow klass shift: 0, Narrow klass range: 0x100000000

GC Precious Log:
 CardTable entry size: 512
 Card Set container configuration: InlinePtr #cards 5 size 8 Array Of Cards #cards 12 size 40 Howl #buckets 4 coarsen threshold 1843 Howl Bitmap #cards 512 size 80 coarsen threshold 460 Card regions per heap region 1 cards per card region 2048
 CPUs: 8 total, 8 available
 Memory: 7985M
 Large Page Support: Disabled
 NUMA Support: Disabled
 Compressed Oops: Enabled (32-bit)
 Heap Region Size: 1M
 Heap Min Capacity: 8M
 Heap Initial Capacity: 126M
 Heap Max Capacity: 1998M
 Pre-touch: Disabled
 Parallel Workers: 8
 Concurrent Workers: 2
 Concurrent Refinement Workers: 8
 Periodic GC: Disabled

Heap:
 garbage-first heap   total 129024K, used 31957K [0x0000000083200000, 0x0000000100000000)
  region size 1024K, 27 young (27648K), 3 survivors (3072K)
 Metaspace       used 10305K, committed 10624K, reserved 1114112K
  class space    used 1262K, committed 1408K, reserved 1048576K

Heap Regions: E=young(eden), S=young(survivor), O=old, HS=humongous(starts), HC=humongous(continues), CS=collection set, F=free, TAMS=top-at-mark-start, PB=parsable bottom
|   0|0x0000000083200000, 0x0000000083300000, 0x0000000083300000|100%|HS|  |TAMS 0x0000000083200000| PB 0x0000000083200000| Complete 
|   1|0x0000000083300000, 0x0000000083400000, 0x0000000083400000|100%|HS|  |TAMS 0x0000000083300000| PB 0x0000000083300000| Complete 
|   2|0x0000000083400000, 0x0000000083500000, 0x0000000083500000|100%| O|  |TAMS 0x0000000083400000| PB 0x0000000083400000| Untracked 
|   3|0x0000000083500000, 0x0000000083600000, 0x0000000083600000|100%| O|  |TAMS 0x0000000083500000| PB 0x0000000083500000| Untracked 
|   4|0x0000000083600000, 0x0000000083700000, 0x0000000083700000|100%| O|  |TAMS 0x0000000083600000| PB 0x0000000083600000| Untracked 
|   5|0x0000000083700000, 0x0000000083800000, 0x0000000083800000|100%| O|  |TAMS 0x0000000083700000| PB 0x0000000083700000| Untracked 
|   6|0x0000000083800000, 0x0000000083835520, 0x0000000083900000| 20%| O|  |TAMS 0x0000000083800000| PB 0x0000000083800000| Untracked 
|   7|0x0000000083900000, 0x0000000083900000, 0x0000000083a00000|  0%| F|  |TAMS 0x0000000083900000| PB 0x0000000083900000| Untracked 
|   8|0x0000000083a00000, 0x0000000083a00000, 0x0000000083b00000|  0%| F|  |TAMS 0x0000000083a00000| PB 0x0000000083a00000| Untracked 
|   9|0x0000000083b00000, 0x0000000083b00000, 0x0000000083c00000|  0%| F|  |TAMS 0x0000000083b00000| PB 0x0000000083b00000| Untracked 
|  10|0x0000000083c00000, 0x0000000083c00000, 0x0000000083d00000|  0%| F|  |TAMS 0x0000000083c00000| PB 0x0000000083c00000| Untracked 
|  11|0x0000000083d00000, 0x0000000083d00000, 0x0000000083e00000|  0%| F|  |TAMS 0x0000000083d00000| PB 0x0000000083d00000| Untracked 
|  12|0x0000000083e00000, 0x0000000083e00000, 0x0000000083f00000|  0%| F|  |TAMS 0x0000000083e00000| PB 0x0000000083e00000| Untracked 
|  13|0x0000000083f00000, 0x0000000083f00000, 0x0000000084000000|  0%| F|  |TAMS 0x0000000083f00000| PB 0x0000000083f00000| Untracked 
|  14|0x0000000084000000, 0x0000000084000000, 0x0000000084100000|  0%| F|  |TAMS 0x0000000084000000| PB 0x0000000084000000| Untracked 
|  15|0x0000000084100000, 0x0000000084100000, 0x0000000084200000|  0%| F|  |TAMS 0x0000000084100000| PB 0x0000000084100000| Untracked 
|  16|0x0000000084200000, 0x0000000084200000, 0x0000000084300000|  0%| F|  |TAMS 0x0000000084200000| PB 0x0000000084200000| Untracked 
|  17|0x0000000084300000, 0x0000000084300000, 0x0000000084400000|  0%| F|  |TAMS 0x0000000084300000| PB 0x0000000084300000| Untracked 
|  18|0x0000000084400000, 0x0000000084400000, 0x0000000084500000|  0%| F|  |TAMS 0x0000000084400000| PB 0x0000000084400000| Untracked 
|  19|0x0000000084500000, 0x0000000084500000, 0x0000000084600000|  0%| F|  |TAMS 0x0000000084500000| PB 0x0000000084500000| Untracked 
|  20|0x0000000084600000, 0x0000000084600000, 0x0000000084700000|  0%| F|  |TAMS 0x0000000084600000| PB 0x0000000084600000| Untracked 
|  21|0x0000000084700000, 0x0000000084700000, 0x0000000084800000|  0%| F|  |TAMS 0x0000000084700000| PB 0x0000000084700000| Untracked 
|  22|0x0000000084800000, 0x0000000084800000, 0x0000000084900000|  0%| F|  |TAMS 0x0000000084800000| PB 0x0000000084800000| Untracked 
|  23|0x0000000084900000, 0x0000000084900000, 0x0000000084a00000|  0%| F|  |TAMS 0x0000000084900000| PB 0x0000000084900000| Untracked 
|  24|0x0000000084a00000, 0x0000000084a00000, 0x0000000084b00000|  0%| F|  |TAMS 0x0000000084a00000| PB 0x0000000084a00000| Untracked 
|  25|0x0000000084b00000, 0x0000000084b00000, 0x0000000084c00000|  0%| F|  |TAMS 0x0000000084b00000| PB 0x0000000084b00000| Untracked 
|  26|0x0000000084c00000, 0x0000000084c00000, 0x0000000084d00000|  0%| F|  |TAMS 0x0000000084c00000| PB 0x0000000084c00000| Untracked 
|  27|0x0000000084d00000, 0x0000000084d00000, 0x0000000084e00000|  0%| F|  |TAMS 0x0000000084d00000| PB 0x0000000084d00000| Untracked 
|  28|0x0000000084e00000, 0x0000000084e00000, 0x0000000084f00000|  0%| F|  |TAMS 0x0000000084e00000| PB 0x0000000084e00000| Untracked 
|  29|0x0000000084f00000, 0x0000000084f00000, 0x0000000085000000|  0%| F|  |TAMS 0x0000000084f00000| PB 0x0000000084f00000| Untracked 
|  30|0x0000000085000000, 0x0000000085000000, 0x0000000085100000|  0%| F|  |TAMS 0x0000000085000000| PB 0x0000000085000000| Untracked 
|  31|0x0000000085100000, 0x0000000085100000, 0x0000000085200000|  0%| F|  |TAMS 0x0000000085100000| PB 0x0000000085100000| Untracked 
|  32|0x0000000085200000, 0x0000000085200000, 0x0000000085300000|  0%| F|  |TAMS 0x0000000085200000| PB 0x0000000085200000| Untracked 
|  33|0x0000000085300000, 0x0000000085300000, 0x0000000085400000|  0%| F|  |TAMS 0x0000000085300000| PB 0x0000000085300000| Untracked 
|  34|0x0000000085400000, 0x0000000085400000, 0x0000000085500000|  0%| F|  |TAMS 0x0000000085400000| PB 0x0000000085400000| Untracked 
|  35|0x0000000085500000, 0x0000000085500000, 0x0000000085600000|  0%| F|  |TAMS 0x0000000085500000| PB 0x0000000085500000| Untracked 
|  36|0x0000000085600000, 0x0000000085600000, 0x0000000085700000|  0%| F|  |TAMS 0x0000000085600000| PB 0x0000000085600000| Untracked 
|  37|0x0000000085700000, 0x0000000085700000, 0x0000000085800000|  0%| F|  |TAMS 0x0000000085700000| PB 0x0000000085700000| Untracked 
|  38|0x0000000085800000, 0x0000000085800000, 0x0000000085900000|  0%| F|  |TAMS 0x0000000085800000| PB 0x0000000085800000| Untracked 
|  39|0x0000000085900000, 0x0000000085900000, 0x0000000085a00000|  0%| F|  |TAMS 0x0000000085900000| PB 0x0000000085900000| Untracked 
|  40|0x0000000085a00000, 0x0000000085a00000, 0x0000000085b00000|  0%| F|  |TAMS 0x0000000085a00000| PB 0x0000000085a00000| Untracked 
|  41|0x0000000085b00000, 0x0000000085b00000, 0x0000000085c00000|  0%| F|  |TAMS 0x0000000085b00000| PB 0x0000000085b00000| Untracked 
|  42|0x0000000085c00000, 0x0000000085c00000, 0x0000000085d00000|  0%| F|  |TAMS 0x0000000085c00000| PB 0x0000000085c00000| Untracked 
|  43|0x0000000085d00000, 0x0000000085d00000, 0x0000000085e00000|  0%| F|  |TAMS 0x0000000085d00000| PB 0x0000000085d00000| Untracked 
|  44|0x0000000085e00000, 0x0000000085e00000, 0x0000000085f00000|  0%| F|  |TAMS 0x0000000085e00000| PB 0x0000000085e00000| Untracked 
|  45|0x0000000085f00000, 0x0000000085f00000, 0x0000000086000000|  0%| F|  |TAMS 0x0000000085f00000| PB 0x0000000085f00000| Untracked 
|  46|0x0000000086000000, 0x0000000086000000, 0x0000000086100000|  0%| F|  |TAMS 0x0000000086000000| PB 0x0000000086000000| Untracked 
|  47|0x0000000086100000, 0x0000000086100000, 0x0000000086200000|  0%| F|  |TAMS 0x0000000086100000| PB 0x0000000086100000| Untracked 
|  48|0x0000000086200000, 0x0000000086200000, 0x0000000086300000|  0%| F|  |TAMS 0x0000000086200000| PB 0x0000000086200000| Untracked 
|  49|0x0000000086300000, 0x0000000086300000, 0x0000000086400000|  0%| F|  |TAMS 0x0000000086300000| PB 0x0000000086300000| Untracked 
|  50|0x0000000086400000, 0x0000000086400000, 0x0000000086500000|  0%| F|  |TAMS 0x0000000086400000| PB 0x0000000086400000| Untracked 
|  51|0x0000000086500000, 0x0000000086500000, 0x0000000086600000|  0%| F|  |TAMS 0x0000000086500000| PB 0x0000000086500000| Untracked 
|  52|0x0000000086600000, 0x0000000086600000, 0x0000000086700000|  0%| F|  |TAMS 0x0000000086600000| PB 0x0000000086600000| Untracked 
|  53|0x0000000086700000, 0x0000000086700000, 0x0000000086800000|  0%| F|  |TAMS 0x0000000086700000| PB 0x0000000086700000| Untracked 
|  54|0x0000000086800000, 0x0000000086800000, 0x0000000086900000|  0%| F|  |TAMS 0x0000000086800000| PB 0x0000000086800000| Untracked 
|  55|0x0000000086900000, 0x0000000086900000, 0x0000000086a00000|  0%| F|  |TAMS 0x0000000086900000| PB 0x0000000086900000| Untracked 
|  56|0x0000000086a00000, 0x0000000086a00000, 0x0000000086b00000|  0%| F|  |TAMS 0x0000000086a00000| PB 0x0000000086a00000| Untracked 
|  57|0x0000000086b00000, 0x0000000086b00000, 0x0000000086c00000|  0%| F|  |TAMS 0x0000000086b00000| PB 0x0000000086b00000| Untracked 
|  58|0x0000000086c00000, 0x0000000086c00000, 0x0000000086d00000|  0%| F|  |TAMS 0x0000000086c00000| PB 0x0000000086c00000| Untracked 
|  59|0x0000000086d00000, 0x0000000086d00000, 0x0000000086e00000|  0%| F|  |TAMS 0x0000000086d00000| PB 0x0000000086d00000| Untracked 
|  60|0x0000000086e00000, 0x0000000086e00000, 0x0000000086f00000|  0%| F|  |TAMS 0x0000000086e00000| PB 0x0000000086e00000| Untracked 
|  61|0x0000000086f00000, 0x0000000086f00000, 0x0000000087000000|  0%| F|  |TAMS 0x0000000086f00000| PB 0x0000000086f00000| Untracked 
|  62|0x0000000087000000, 0x0000000087000000, 0x0000000087100000|  0%| F|  |TAMS 0x0000000087000000| PB 0x0000000087000000| Untracked 
|  63|0x0000000087100000, 0x0000000087100000, 0x0000000087200000|  0%| F|  |TAMS 0x0000000087100000| PB 0x0000000087100000| Untracked 
|  64|0x0000000087200000, 0x0000000087200000, 0x0000000087300000|  0%| F|  |TAMS 0x0000000087200000| PB 0x0000000087200000| Untracked 
|  65|0x0000000087300000, 0x0000000087300000, 0x0000000087400000|  0%| F|  |TAMS 0x0000000087300000| PB 0x0000000087300000| Untracked 
|  66|0x0000000087400000, 0x0000000087400000, 0x0000000087500000|  0%| F|  |TAMS 0x0000000087400000| PB 0x0000000087400000| Untracked 
|  67|0x0000000087500000, 0x0000000087500000, 0x0000000087600000|  0%| F|  |TAMS 0x0000000087500000| PB 0x0000000087500000| Untracked 
|  68|0x0000000087600000, 0x0000000087600000, 0x0000000087700000|  0%| F|  |TAMS 0x0000000087600000| PB 0x0000000087600000| Untracked 
|  69|0x0000000087700000, 0x0000000087700000, 0x0000000087800000|  0%| F|  |TAMS 0x0000000087700000| PB 0x0000000087700000| Untracked 
|  70|0x0000000087800000, 0x0000000087800000, 0x0000000087900000|  0%| F|  |TAMS 0x0000000087800000| PB 0x0000000087800000| Untracked 
|  71|0x0000000087900000, 0x0000000087900000, 0x0000000087a00000|  0%| F|  |TAMS 0x0000000087900000| PB 0x0000000087900000| Untracked 
|  72|0x0000000087a00000, 0x0000000087a00000, 0x0000000087b00000|  0%| F|  |TAMS 0x0000000087a00000| PB 0x0000000087a00000| Untracked 
|  73|0x0000000087b00000, 0x0000000087b00000, 0x0000000087c00000|  0%| F|  |TAMS 0x0000000087b00000| PB 0x0000000087b00000| Untracked 
|  74|0x0000000087c00000, 0x0000000087c00000, 0x0000000087d00000|  0%| F|  |TAMS 0x0000000087c00000| PB 0x0000000087c00000| Untracked 
|  75|0x0000000087d00000, 0x0000000087d00000, 0x0000000087e00000|  0%| F|  |TAMS 0x0000000087d00000| PB 0x0000000087d00000| Untracked 
|  76|0x0000000087e00000, 0x0000000087e00000, 0x0000000087f00000|  0%| F|  |TAMS 0x0000000087e00000| PB 0x0000000087e00000| Untracked 
|  77|0x0000000087f00000, 0x0000000087f00000, 0x0000000088000000|  0%| F|  |TAMS 0x0000000087f00000| PB 0x0000000087f00000| Untracked 
|  78|0x0000000088000000, 0x0000000088000000, 0x0000000088100000|  0%| F|  |TAMS 0x0000000088000000| PB 0x0000000088000000| Untracked 
|  79|0x0000000088100000, 0x0000000088100000, 0x0000000088200000|  0%| F|  |TAMS 0x0000000088100000| PB 0x0000000088100000| Untracked 
|  80|0x0000000088200000, 0x0000000088200000, 0x0000000088300000|  0%| F|  |TAMS 0x0000000088200000| PB 0x0000000088200000| Untracked 
|  81|0x0000000088300000, 0x0000000088300000, 0x0000000088400000|  0%| F|  |TAMS 0x0000000088300000| PB 0x0000000088300000| Untracked 
|  82|0x0000000088400000, 0x0000000088400000, 0x0000000088500000|  0%| F|  |TAMS 0x0000000088400000| PB 0x0000000088400000| Untracked 
|  83|0x0000000088500000, 0x0000000088500000, 0x0000000088600000|  0%| F|  |TAMS 0x0000000088500000| PB 0x0000000088500000| Untracked 
|  84|0x0000000088600000, 0x0000000088600000, 0x0000000088700000|  0%| F|  |TAMS 0x0000000088600000| PB 0x0000000088600000| Untracked 
|  85|0x0000000088700000, 0x0000000088700000, 0x0000000088800000|  0%| F|  |TAMS 0x0000000088700000| PB 0x0000000088700000| Untracked 
|  86|0x0000000088800000, 0x0000000088800000, 0x0000000088900000|  0%| F|  |TAMS 0x0000000088800000| PB 0x0000000088800000| Untracked 
|  87|0x0000000088900000, 0x0000000088900000, 0x0000000088a00000|  0%| F|  |TAMS 0x0000000088900000| PB 0x0000000088900000| Untracked 
|  88|0x0000000088a00000, 0x0000000088a00000, 0x0000000088b00000|  0%| F|  |TAMS 0x0000000088a00000| PB 0x0000000088a00000| Untracked 
|  89|0x0000000088b00000, 0x0000000088b00000, 0x0000000088c00000|  0%| F|  |TAMS 0x0000000088b00000| PB 0x0000000088b00000| Untracked 
|  90|0x0000000088c00000, 0x0000000088c00000, 0x0000000088d00000|  0%| F|  |TAMS 0x0000000088c00000| PB 0x0000000088c00000| Untracked 
|  91|0x0000000088d00000, 0x0000000088d00000, 0x0000000088e00000|  0%| F|  |TAMS 0x0000000088d00000| PB 0x0000000088d00000| Untracked 
|  92|0x0000000088e00000, 0x0000000088e00000, 0x0000000088f00000|  0%| F|  |TAMS 0x0000000088e00000| PB 0x0000000088e00000| Untracked 
|  93|0x0000000088f00000, 0x0000000088f00000, 0x0000000089000000|  0%| F|  |TAMS 0x0000000088f00000| PB 0x0000000088f00000| Untracked 
|  94|0x0000000089000000, 0x0000000089000000, 0x0000000089100000|  0%| F|  |TAMS 0x0000000089000000| PB 0x0000000089000000| Untracked 
|  95|0x0000000089100000, 0x0000000089100000, 0x0000000089200000|  0%| F|  |TAMS 0x0000000089100000| PB 0x0000000089100000| Untracked 
|  96|0x0000000089200000, 0x0000000089200000, 0x0000000089300000|  0%| F|  |TAMS 0x0000000089200000| PB 0x0000000089200000| Untracked 
|  97|0x0000000089300000, 0x0000000089300000, 0x0000000089400000|  0%| F|  |TAMS 0x0000000089300000| PB 0x0000000089300000| Untracked 
|  98|0x0000000089400000, 0x0000000089400000, 0x0000000089500000|  0%| F|  |TAMS 0x0000000089400000| PB 0x0000000089400000| Untracked 
|  99|0x0000000089500000, 0x00000000895d8388, 0x0000000089600000| 84%| E|  |TAMS 0x0000000089500000| PB 0x0000000089500000| Complete 
| 100|0x0000000089600000, 0x0000000089700000, 0x0000000089700000|100%| S|CS|TAMS 0x0000000089600000| PB 0x0000000089600000| Complete 
| 101|0x0000000089700000, 0x0000000089800000, 0x0000000089800000|100%| S|CS|TAMS 0x0000000089700000| PB 0x0000000089700000| Complete 
| 102|0x0000000089800000, 0x0000000089900000, 0x0000000089900000|100%| S|CS|TAMS 0x0000000089800000| PB 0x0000000089800000| Complete 
| 103|0x0000000089900000, 0x0000000089a00000, 0x0000000089a00000|100%| E|  |TAMS 0x0000000089900000| PB 0x0000000089900000| Complete 
| 104|0x0000000089a00000, 0x0000000089b00000, 0x0000000089b00000|100%| E|CS|TAMS 0x0000000089a00000| PB 0x0000000089a00000| Complete 
| 105|0x0000000089b00000, 0x0000000089c00000, 0x0000000089c00000|100%| E|CS|TAMS 0x0000000089b00000| PB 0x0000000089b00000| Complete 
| 106|0x0000000089c00000, 0x0000000089d00000, 0x0000000089d00000|100%| E|CS|TAMS 0x0000000089c00000| PB 0x0000000089c00000| Complete 
| 107|0x0000000089d00000, 0x0000000089e00000, 0x0000000089e00000|100%| E|CS|TAMS 0x0000000089d00000| PB 0x0000000089d00000| Complete 
| 108|0x0000000089e00000, 0x0000000089f00000, 0x0000000089f00000|100%| E|CS|TAMS 0x0000000089e00000| PB 0x0000000089e00000| Complete 
| 109|0x0000000089f00000, 0x000000008a000000, 0x000000008a000000|100%| E|CS|TAMS 0x0000000089f00000| PB 0x0000000089f00000| Complete 
| 110|0x000000008a000000, 0x000000008a100000, 0x000000008a100000|100%| E|CS|TAMS 0x000000008a000000| PB 0x000000008a000000| Complete 
| 111|0x000000008a100000, 0x000000008a200000, 0x000000008a200000|100%| E|CS|TAMS 0x000000008a100000| PB 0x000000008a100000| Complete 
| 112|0x000000008a200000, 0x000000008a300000, 0x000000008a300000|100%| E|CS|TAMS 0x000000008a200000| PB 0x000000008a200000| Complete 
| 113|0x000000008a300000, 0x000000008a400000, 0x000000008a400000|100%| E|CS|TAMS 0x000000008a300000| PB 0x000000008a300000| Complete 
| 114|0x000000008a400000, 0x000000008a500000, 0x000000008a500000|100%| E|CS|TAMS 0x000000008a400000| PB 0x000000008a400000| Complete 
| 115|0x000000008a500000, 0x000000008a600000, 0x000000008a600000|100%| E|CS|TAMS 0x000000008a500000| PB 0x000000008a500000| Complete 
| 116|0x000000008a600000, 0x000000008a700000, 0x000000008a700000|100%| E|CS|TAMS 0x000000008a600000| PB 0x000000008a600000| Complete 
| 117|0x000000008a700000, 0x000000008a800000, 0x000000008a800000|100%| E|CS|TAMS 0x000000008a700000| PB 0x000000008a700000| Complete 
| 118|0x000000008a800000, 0x000000008a900000, 0x000000008a900000|100%| E|CS|TAMS 0x000000008a800000| PB 0x000000008a800000| Complete 
| 119|0x000000008a900000, 0x000000008aa00000, 0x000000008aa00000|100%| E|CS|TAMS 0x000000008a900000| PB 0x000000008a900000| Complete 
| 120|0x000000008aa00000, 0x000000008ab00000, 0x000000008ab00000|100%| E|CS|TAMS 0x000000008aa00000| PB 0x000000008aa00000| Complete 
| 121|0x000000008ab00000, 0x000000008ac00000, 0x000000008ac00000|100%| E|CS|TAMS 0x000000008ab00000| PB 0x000000008ab00000| Complete 
| 122|0x000000008ac00000, 0x000000008ad00000, 0x000000008ad00000|100%| E|CS|TAMS 0x000000008ac00000| PB 0x000000008ac00000| Complete 
| 123|0x000000008ad00000, 0x000000008ae00000, 0x000000008ae00000|100%| E|CS|TAMS 0x000000008ad00000| PB 0x000000008ad00000| Complete 
| 124|0x000000008ae00000, 0x000000008af00000, 0x000000008af00000|100%| E|CS|TAMS 0x000000008ae00000| PB 0x000000008ae00000| Complete 
| 125|0x000000008af00000, 0x000000008b000000, 0x000000008b000000|100%| E|CS|TAMS 0x000000008af00000| PB 0x000000008af00000| Complete 

Card table byte_map: [0x000002db520a0000,0x000002db52490000] _byte_map_base: 0x000002db51c87000

Marking Bits: (CMBitMap*) 0x000002db3882fb60
 Bits: [0x000002db52490000, 0x000002db543c8000)

Polling page: 0x000002db38890000

Metaspace:

Usage:
  Non-class:      8.90 MB used.
      Class:      1.24 MB used.
       Both:     10.14 MB used.

Virtual space:
  Non-class space:       64.00 MB reserved,       9.06 MB ( 14%) committed,  1 nodes.
      Class space:        1.00 GB reserved,       1.38 MB ( <1%) committed,  1 nodes.
             Both:        1.06 GB reserved,      10.44 MB ( <1%) committed. 

Chunk freelists:
   Non-Class:  6.62 MB
       Class:  14.55 MB
        Both:  21.17 MB

MaxMetaspaceSize: unlimited
CompressedClassSpaceSize: 1.00 GB
Initial GC threshold: 21.00 MB
Current GC threshold: 21.00 MB
CDS: on
 - commit_granule_bytes: 65536.
 - commit_granule_words: 8192.
 - virtual_space_node_default_size: 8388608.
 - enlarge_chunks_in_place: 1.
 - use_allocation_guard: 0.


Internal statistics:

num_allocs_failed_limit: 0.
num_arena_births: 252.
num_arena_deaths: 0.
num_vsnodes_births: 2.
num_vsnodes_deaths: 0.
num_space_committed: 167.
num_space_uncommitted: 0.
num_chunks_returned_to_freelist: 0.
num_chunks_taken_from_freelist: 608.
num_chunk_merges: 0.
num_chunk_splits: 360.
num_chunks_enlarged: 224.
num_inconsistent_stats: 0.

CodeHeap 'non-profiled nmethods': size=120000Kb used=799Kb max_used=799Kb free=119200Kb
 bounds [0x000002db49d20000, 0x000002db49f90000, 0x000002db51250000]
CodeHeap 'profiled nmethods': size=120000Kb used=3150Kb max_used=3150Kb free=116849Kb
 bounds [0x000002db42250000, 0x000002db42570000, 0x000002db49780000]
CodeHeap 'non-nmethods': size=5760Kb used=1395Kb max_used=1433Kb free=4364Kb
 bounds [0x000002db49780000, 0x000002db499f0000, 0x000002db49d20000]
 total_blobs=2285 nmethods=1796 adapters=393
 compilation: enabled
              stopped_count=0, restarted_count=0
 full_count=0

Compilation events (20 events):
Event: 5.277 Thread 0x000002db56ea9280 1774       3       java.lang.invoke.MethodHandles$Lookup::resolveOrFail (44 bytes)
Event: 5.280 Thread 0x000002db56ea9280 nmethod 1774 0x000002db4255b690 code [0x000002db4255b940, 0x000002db4255c538]
Event: 5.281 Thread 0x000002db56ea9280 1775       3       java.lang.invoke.MethodHandles$Lookup::getDirectMethodForConstant (72 bytes)
Event: 5.282 Thread 0x000002db9d0b5920 nmethod 1768 0x000002db49de2990 code [0x000002db49de2b40, 0x000002db49de2e30]
Event: 5.282 Thread 0x000002db9d0b5920 1773 % !   4       java.util.jar.Attributes::read @ 214 (494 bytes)
Event: 5.284 Thread 0x000002db56ea9280 nmethod 1775 0x000002db4255c990 code [0x000002db4255cce0, 0x000002db4255de18]
Event: 5.285 Thread 0x000002db56ea9280 1777       3       java.lang.invoke.InvokerBytecodeGenerator::emitReferenceCast (188 bytes)
Event: 5.285 Thread 0x000002db56ea87f0 nmethod 1764 0x000002db49de3010 code [0x000002db49de3200, 0x000002db49de3ac0]
Event: 5.286 Thread 0x000002db56ea9280 nmethod 1777 0x000002db4255e410 code [0x000002db4255e6e0, 0x000002db4255f3a0]
Event: 5.287 Thread 0x000002db56ea87f0 1769       4       jdk.internal.misc.InternalLock::unlock (8 bytes)
Event: 5.287 Thread 0x000002db56ea9280 1778       1       java.security.PermissionCollection::isReadOnly (5 bytes)
Event: 5.287 Thread 0x000002db56ea9280 nmethod 1778 0x000002db49de3f10 code [0x000002db49de40a0, 0x000002db49de4170]
Event: 5.288 Thread 0x000002db9c8815a0 nmethod 1767 0x000002db49de4210 code [0x000002db49de43a0, 0x000002db49de45d0]
Event: 5.290 Thread 0x000002db56ea9280 1779       3       jdk.internal.misc.Unsafe::shouldBeInitialized (18 bytes)
Event: 5.290 Thread 0x000002db56ea9280 nmethod 1779 0x000002db4255f710 code [0x000002db4255f8e0, 0x000002db4255fb28]
Event: 5.292 Thread 0x000002db56ea87f0 nmethod 1769 0x000002db49de4710 code [0x000002db49de48c0, 0x000002db49de4ac8]
Event: 5.302 Thread 0x000002db56ea87f0 1780       4       java.io.WinNTFileSystem::normalize (143 bytes)
Event: 5.307 Thread 0x000002db56ea87f0 nmethod 1780 0x000002db49de4c90 code [0x000002db49de4e60, 0x000002db49de5160]
Event: 5.312 Thread 0x000002db56ea9280 1781       3       java.lang.invoke.LambdaFormEditor$TransformKey::packedBytes (30 bytes)
Event: 5.313 Thread 0x000002db56ea9280 nmethod 1781 0x000002db4255fc10 code [0x000002db4255fda0, 0x000002db4255fea8]

GC Heap History (2 events):
Event: 4.003 GC heap before
{Heap before GC invocations=0 (full 0):
 garbage-first heap   total 129024K, used 24576K [0x0000000083200000, 0x0000000100000000)
  region size 1024K, 23 young (23552K), 0 survivors (0K)
 Metaspace       used 4902K, committed 5056K, reserved 1114112K
  class space    used 532K, committed 576K, reserved 1048576K
}
Event: 4.014 GC heap after
{Heap after GC invocations=1 (full 0):
 garbage-first heap   total 129024K, used 8405K [0x0000000083200000, 0x0000000100000000)
  region size 1024K, 3 young (3072K), 3 survivors (3072K)
 Metaspace       used 4902K, committed 5056K, reserved 1114112K
  class space    used 532K, committed 576K, reserved 1048576K
}

Dll operation events (11 events):
Event: 0.029 Loaded shared library C:\Java\bin\java.dll
Event: 0.251 Loaded shared library C:\Java\bin\jsvml.dll
Event: 0.485 Loaded shared library C:\Java\bin\zip.dll
Event: 0.494 Loaded shared library C:\java\bin\instrument.dll
Event: 0.507 Loaded shared library C:\java\bin\net.dll
Event: 0.511 Loaded shared library C:\java\bin\nio.dll
Event: 0.517 Loaded shared library C:\java\bin\zip.dll
Event: 2.152 Loaded shared library C:\java\bin\extnet.dll
Event: 2.760 Loaded shared library C:\java\bin\jimage.dll
Event: 3.839 Loaded shared library C:\java\bin\management.dll
Event: 3.845 Loaded shared library C:\java\bin\management_ext.dll

Deoptimization events (20 events):
Event: 4.783 Thread 0x000002db9ccd5cb0 DEOPT PACKING pc=0x000002db49d793f4 sp=0x000000fa659fdd60
Event: 4.783 Thread 0x000002db9ccd5cb0 DEOPT UNPACKING pc=0x000002db497d46a2 sp=0x000000fa659fdd28 mode 2
Event: 4.966 Thread 0x000002db9ccd5cb0 Uncommon trap: trap_request=0xffffffc6 fr.pc=0x000002db49d9cf08 relative=0x0000000000000388
Event: 4.966 Thread 0x000002db9ccd5cb0 Uncommon trap: reason=bimorphic_or_optimized_type_check action=maybe_recompile pc=0x000002db49d9cf08 method=java.util.HashMap.getNode(Ljava/lang/Object;)Ljava/util/HashMap$Node; @ 63 c2
Event: 4.966 Thread 0x000002db9ccd5cb0 DEOPT PACKING pc=0x000002db49d9cf08 sp=0x000000fa659fe690
Event: 4.966 Thread 0x000002db9ccd5cb0 DEOPT UNPACKING pc=0x000002db497d46a2 sp=0x000000fa659fe608 mode 2
Event: 4.966 Thread 0x000002db9ccd5cb0 Uncommon trap: trap_request=0xffffffc6 fr.pc=0x000002db49d9cf08 relative=0x0000000000000388
Event: 4.966 Thread 0x000002db9ccd5cb0 Uncommon trap: reason=bimorphic_or_optimized_type_check action=maybe_recompile pc=0x000002db49d9cf08 method=java.util.HashMap.getNode(Ljava/lang/Object;)Ljava/util/HashMap$Node; @ 63 c2
Event: 4.966 Thread 0x000002db9ccd5cb0 DEOPT PACKING pc=0x000002db49d9cf08 sp=0x000000fa659fe690
Event: 4.966 Thread 0x000002db9ccd5cb0 DEOPT UNPACKING pc=0x000002db497d46a2 sp=0x000000fa659fe608 mode 2
Event: 4.979 Thread 0x000002db9ccd5cb0 Uncommon trap: trap_request=0xffffffc6 fr.pc=0x000002db49d9cf08 relative=0x0000000000000388
Event: 4.979 Thread 0x000002db9ccd5cb0 Uncommon trap: reason=bimorphic_or_optimized_type_check action=maybe_recompile pc=0x000002db49d9cf08 method=java.util.HashMap.getNode(Ljava/lang/Object;)Ljava/util/HashMap$Node; @ 63 c2
Event: 4.980 Thread 0x000002db9ccd5cb0 DEOPT PACKING pc=0x000002db49d9cf08 sp=0x000000fa659fe690
Event: 4.980 Thread 0x000002db9ccd5cb0 DEOPT UNPACKING pc=0x000002db497d46a2 sp=0x000000fa659fe608 mode 2
Event: 5.193 Thread 0x000002db9ccd5cb0 Uncommon trap: trap_request=0xffffffc6 fr.pc=0x000002db49d9cf08 relative=0x0000000000000388
Event: 5.193 Thread 0x000002db9ccd5cb0 Uncommon trap: reason=bimorphic_or_optimized_type_check action=maybe_recompile pc=0x000002db49d9cf08 method=java.util.HashMap.getNode(Ljava/lang/Object;)Ljava/util/HashMap$Node; @ 63 c2
Event: 5.193 Thread 0x000002db9ccd5cb0 DEOPT PACKING pc=0x000002db49d9cf08 sp=0x000000fa659fe1a0
Event: 5.193 Thread 0x000002db9ccd5cb0 DEOPT UNPACKING pc=0x000002db497d46a2 sp=0x000000fa659fe128 mode 2
Event: 5.302 Thread 0x000002db9ccd5cb0 DEOPT PACKING pc=0x000002db4244a7df sp=0x000000fa659fa770
Event: 5.302 Thread 0x000002db9ccd5cb0 DEOPT UNPACKING pc=0x000002db497d4e42 sp=0x000000fa659f9c48 mode 0

Classes loaded (20 events):
Event: 5.276 Loading class jdk/internal/io/JdkConsoleProvider
Event: 5.276 Loading class jdk/internal/io/JdkConsoleProvider done
Event: 5.276 Loading class java/util/ServiceLoader$LayerLookupIterator
Event: 5.277 Loading class java/util/ServiceLoader$LayerLookupIterator done
Event: 5.277 Loading class java/util/ServiceLoader$ProviderSpliterator
Event: 5.277 Loading class java/util/ServiceLoader$ProviderSpliterator done
Event: 5.279 Loading class jdk/internal/io/JdkConsole
Event: 5.279 Loading class jdk/internal/io/JdkConsole done
Event: 5.284 Loading class jdk/internal/module/ModulePatcher$PatchedModuleReader
Event: 5.284 Loading class jdk/internal/module/ModulePatcher$PatchedModuleReader done
Event: 5.290 Loading class java/util/AbstractMap$2
Event: 5.290 Loading class java/util/AbstractMap$2 done
Event: 5.290 Loading class java/util/AbstractMap$2$1
Event: 5.290 Loading class java/util/AbstractMap$2$1 done
Event: 5.291 Loading class java/io/Console$1
Event: 5.291 Loading class jdk/internal/access/JavaIOAccess
Event: 5.291 Loading class jdk/internal/access/JavaIOAccess done
Event: 5.291 Loading class java/io/Console$1 done
Event: 5.292 Loading class java/lang/AssertionError
Event: 5.292 Loading class java/lang/AssertionError done

Classes unloaded (0 events):
No events

Classes redefined (0 events):
No events

Internal exceptions (20 events):
Event: 4.660 Thread 0x000002db9ccd5cb0 Exception <a 'java/lang/NoSuchMethodError'{0x000000008a3a56a8}: 'java.lang.Object java.lang.invoke.DirectMethodHandle$Holder.newInvokeSpecial(java.lang.Object, java.lang.Object, java.lang.Object, java.lang.Object, java.lang.Object, java.lang.Object, int)'> (0x000000008a3a56a8) 
thrown [s\open\src\hotspot\share\interpreter\linkResolver.cpp, line 773]
Event: 4.661 Thread 0x000002db9ccd5cb0 Exception <a 'java/lang/NoSuchMethodError'{0x000000008a3a9c68}: 'java.lang.Object java.lang.invoke.DirectMethodHandle$Holder.invokeSpecial(java.lang.Object, java.lang.Object, java.lang.Object, java.lang.Object, java.lang.Object, java.lang.Object, java.lang.Object, int)'> (0x000000008a3a9c68) 
thrown [s\open\src\hotspot\share\interpreter\linkResolver.cpp, line 773]
Event: 4.735 Thread 0x000002db9ccd5cb0 Exception <a 'java/lang/NoSuchMethodError'{0x000000008a2c65d8}: 'int java.lang.invoke.DirectMethodHandle$Holder.invokeInterface(java.lang.Object, java.lang.Object)'> (0x000000008a2c65d8) 
thrown [s\open\src\hotspot\share\interpreter\linkResolver.cpp, line 773]
Event: 4.859 Thread 0x000002db9ccd5cb0 Exception <a 'java/lang/NoSuchMethodError'{0x000000008a1d2db0}: 'java.lang.Object java.lang.invoke.DirectMethodHandle$Holder.invokeSpecial(java.lang.Object, java.lang.Object, java.lang.Object, int, java.lang.Object)'> (0x000000008a1d2db0) 
thrown [s\open\src\hotspot\share\interpreter\linkResolver.cpp, line 773]
Event: 4.861 Thread 0x000002db9ccd5cb0 Exception <a 'java/lang/NoSuchMethodError'{0x000000008a1da6c0}: 'java.lang.Object java.lang.invoke.DirectMethodHandle$Holder.newInvokeSpecial(java.lang.Object, java.lang.Object, java.lang.Object, int, java.lang.Object)'> (0x000000008a1da6c0) 
thrown [s\open\src\hotspot\share\interpreter\linkResolver.cpp, line 773]
Event: 4.862 Thread 0x000002db9ccd5cb0 Exception <a 'java/lang/NoSuchMethodError'{0x000000008a1e1b98}: 'java.lang.Object java.lang.invoke.Invokers$Holder.linkToTargetMethod(java.lang.Object, java.lang.Object, int, java.lang.Object, java.lang.Object)'> (0x000000008a1e1b98) 
thrown [s\open\src\hotspot\share\interpreter\linkResolver.cpp, line 773]
Event: 4.864 Thread 0x000002db9ccd5cb0 Exception <a 'java/lang/NoSuchMethodError'{0x000000008a1efb30}: 'java.lang.Object java.lang.invoke.DirectMethodHandle$Holder.newInvokeSpecial(java.lang.Object, int, java.lang.Object)'> (0x000000008a1efb30) 
thrown [s\open\src\hotspot\share\interpreter\linkResolver.cpp, line 773]
Event: 4.865 Thread 0x000002db9ccd5cb0 Exception <a 'java/lang/NoSuchMethodError'{0x000000008a1f44f0}: 'int java.lang.invoke.DirectMethodHandle$Holder.invokeSpecialIFC(java.lang.Object, java.lang.Object, java.lang.Object, java.lang.Object)'> (0x000000008a1f44f0) 
thrown [s\open\src\hotspot\share\interpreter\linkResolver.cpp, line 773]
Event: 4.940 Thread 0x000002db9ccd5cb0 Exception <a 'java/lang/NoSuchMethodError'{0x000000008a0bfd90}: 'void java.lang.invoke.DirectMethodHandle$Holder.invokeInterface(java.lang.Object, java.lang.Object, java.lang.Object)'> (0x000000008a0bfd90) 
thrown [s\open\src\hotspot\share\interpreter\linkResolver.cpp, line 773]
Event: 4.994 Thread 0x000002db9ccd5cb0 Exception <a 'java/lang/NoSuchMethodError'{0x0000000089f4e050}: 'void java.lang.invoke.DirectMethodHandle$Holder.invokeStaticInit(java.lang.Object, java.lang.Object)'> (0x0000000089f4e050) 
thrown [s\open\src\hotspot\share\interpreter\linkResolver.cpp, line 773]
Event: 4.998 Thread 0x000002db9ccd5cb0 Exception <a 'java/lang/NoSuchMethodError'{0x0000000089f59dd8}: 'void java.lang.invoke.DirectMethodHandle$Holder.invokeStaticInit(java.lang.Object, java.lang.Object, java.lang.Object)'> (0x0000000089f59dd8) 
thrown [s\open\src\hotspot\share\interpreter\linkResolver.cpp, line 773]
Event: 5.010 Thread 0x000002db9ccd5cb0 Exception <a 'java/lang/NoSuchMethodError'{0x0000000089f94e58}: 'java.lang.Object java.lang.invoke.DirectMethodHandle$Holder.invokeStatic(java.lang.Object, long, java.lang.Object)'> (0x0000000089f94e58) 
thrown [s\open\src\hotspot\share\interpreter\linkResolver.cpp, line 773]
Event: 5.011 Thread 0x000002db9ccd5cb0 Exception <a 'java/lang/NoSuchMethodError'{0x0000000089f98708}: 'java.lang.Object java.lang.invoke.DirectMethodHandle$Holder.invokeStaticInit(java.lang.Object, long, java.lang.Object)'> (0x0000000089f98708) 
thrown [s\open\src\hotspot\share\interpreter\linkResolver.cpp, line 773]
Event: 5.012 Thread 0x000002db9ccd5cb0 Exception <a 'java/lang/NoSuchMethodError'{0x0000000089f9de90}: 'java.lang.Object java.lang.invoke.DirectMethodHandle$Holder.newInvokeSpecial(java.lang.Object, long)'> (0x0000000089f9de90) 
thrown [s\open\src\hotspot\share\interpreter\linkResolver.cpp, line 773]
Event: 5.055 Thread 0x000002db9ccd5cb0 Exception <a 'java/lang/NoSuchMethodError'{0x0000000089feb500}: 'void java.lang.invoke.DirectMethodHandle$Holder.invokeVirtual(java.lang.Object, java.lang.Object, java.lang.Object, java.lang.Object)'> (0x0000000089feb500) 
thrown [s\open\src\hotspot\share\interpreter\linkResolver.cpp, line 773]
Event: 5.190 Thread 0x000002db9ccd5cb0 Exception <a 'java/lang/NoSuchMethodError'{0x0000000089d3d870}: 'void java.lang.invoke.DirectMethodHandle$Holder.invokeSpecial(java.lang.Object, java.lang.Object, java.lang.Object, java.lang.Object, java.lang.Object)'> (0x0000000089d3d870) 
thrown [s\open\src\hotspot\share\interpreter\linkResolver.cpp, line 773]
Event: 5.266 Thread 0x000002db9ccd5cb0 Exception <a 'java/lang/IncompatibleClassChangeError'{0x0000000089c59418}: Found class java.lang.Object, but interface was expected> (0x0000000089c59418) 
thrown [s\open\src\hotspot\share\interpreter\linkResolver.cpp, line 840]
Event: 5.274 Thread 0x000002db9ccd5cb0 Exception <a 'java/lang/NoSuchMethodError'{0x0000000089c91018}: 'java.lang.Object java.lang.invoke.DirectMethodHandle$Holder.invokeStaticInit(java.lang.Object, int)'> (0x0000000089c91018) 
thrown [s\open\src\hotspot\share\interpreter\linkResolver.cpp, line 773]
Event: 5.280 Thread 0x000002db9ccd5cb0 Exception <a 'java/lang/NoSuchMethodError'{0x0000000089c9b1d8}: 'java.lang.Object java.lang.invoke.DirectMethodHandle$Holder.invokeStatic(java.lang.Object, int, java.lang.Object)'> (0x0000000089c9b1d8) 
thrown [s\open\src\hotspot\share\interpreter\linkResolver.cpp, line 773]
Event: 5.281 Thread 0x000002db9ccd5cb0 Exception <a 'java/lang/NoSuchMethodError'{0x0000000089c9e838}: 'java.lang.Object java.lang.invoke.DirectMethodHandle$Holder.invokeStaticInit(java.lang.Object, int, java.lang.Object)'> (0x0000000089c9e838) 
thrown [s\open\src\hotspot\share\interpreter\linkResolver.cpp, line 773]

ZGC Phase Switch (0 events):
No events

VM Operations (20 events):
Event: 3.764 Executing VM operation: HandshakeAllThreads (Deoptimize)
Event: 3.764 Executing VM operation: HandshakeAllThreads (Deoptimize) done
Event: 3.764 Executing VM operation: HandshakeAllThreads (Deoptimize)
Event: 3.764 Executing VM operation: HandshakeAllThreads (Deoptimize) done
Event: 4.003 Executing VM operation: G1CollectForAllocation (G1 Evacuation Pause)
Event: 4.014 Executing VM operation: G1CollectForAllocation (G1 Evacuation Pause) done
Event: 4.250 Executing VM operation: HandshakeAllThreads (Deoptimize)
Event: 4.250 Executing VM operation: HandshakeAllThreads (Deoptimize) done
Event: 4.769 Executing VM operation: HandshakeAllThreads (Deoptimize)
Event: 4.769 Executing VM operation: HandshakeAllThreads (Deoptimize) done
Event: 5.171 Executing VM operation: HandshakeAllThreads (Deoptimize)
Event: 5.171 Executing VM operation: HandshakeAllThreads (Deoptimize) done
Event: 5.171 Executing VM operation: Cleanup
Event: 5.172 Executing VM operation: Cleanup done
Event: 5.182 Executing VM operation: HandshakeAllThreads (Deoptimize)
Event: 5.182 Executing VM operation: HandshakeAllThreads (Deoptimize) done
Event: 5.182 Executing VM operation: HandshakeAllThreads (Deoptimize)
Event: 5.182 Executing VM operation: HandshakeAllThreads (Deoptimize) done
Event: 6.189 Executing VM operation: Cleanup
Event: 6.332 Executing VM operation: Cleanup done

Events (20 events):
Event: 0.247 Thread 0x000002db56e99c70 Thread added: 0x000002db56e99c70
Event: 0.247 Thread 0x000002db56e9cf60 Thread added: 0x000002db56e9cf60
Event: 0.247 Thread 0x000002db56ea00a0 Thread added: 0x000002db56ea00a0
Event: 0.248 Thread 0x000002db56ea18c0 Thread added: 0x000002db56ea18c0
Event: 0.248 Thread 0x000002db56ea87f0 Thread added: 0x000002db56ea87f0
Event: 0.248 Thread 0x000002db56ea9280 Thread added: 0x000002db56ea9280
Event: 0.446 Thread 0x000002db9c1edc20 Thread added: 0x000002db9c1edc20
Event: 0.545 Thread 0x000002db9c362020 Thread added: 0x000002db9c362020
Event: 0.779 Thread 0x000002db9c362020 Thread exited: 0x000002db9c362020
Event: 1.411 Thread 0x000002db9c377410 Thread added: 0x000002db9c377410
Event: 1.759 Thread 0x000002db9c377410 Thread exited: 0x000002db9c377410
Event: 1.797 Thread 0x000002db9c377410 Thread added: 0x000002db9c377410
Event: 2.014 Thread 0x000002db9c377410 Thread exited: 0x000002db9c377410
Event: 2.128 Thread 0x000002db9c4ef290 Thread added: 0x000002db9c4ef290
Event: 2.128 Thread 0x000002db9c4ecb80 Thread added: 0x000002db9c4ecb80
Event: 2.888 Thread 0x000002db9c8815a0 Thread added: 0x000002db9c8815a0
Event: 4.077 Thread 0x000002db9c95e930 Thread added: 0x000002db9c95e930
Event: 4.083 Thread 0x000002db9ccd5cb0 Thread added: 0x000002db9ccd5cb0
Event: 4.099 Thread 0x000002db9d0b5920 Thread added: 0x000002db9d0b5920
Event: 5.262 Thread 0x000002db9d0cb380 Thread added: 0x000002db9d0cb380


Dynamic libraries:
0x00007ff6a41a0000 - 0x00007ff6a41b0000 	C:\Java\bin\java.exe
0x00007ff910c60000 - 0x00007ff910ec9000 	C:\WINDOWS\SYSTEM32\ntdll.dll
0x00007ff90f6a0000 - 0x00007ff90f769000 	C:\WINDOWS\System32\KERNEL32.DLL
0x00007ff90e290000 - 0x00007ff90e683000 	C:\WINDOWS\System32\KERNELBASE.dll
0x00007ff90e690000 - 0x00007ff90e7db000 	C:\WINDOWS\System32\ucrtbase.dll
0x00007ff8cd130000 - 0x00007ff8cd14b000 	C:\Java\bin\VCRUNTIME140.dll
0x00007ff8cd6f0000 - 0x00007ff8cd709000 	C:\Java\bin\jli.dll
0x00007ff90eae0000 - 0x00007ff90eb94000 	C:\WINDOWS\System32\ADVAPI32.dll
0x00007ff90f900000 - 0x00007ff90f9a9000 	C:\WINDOWS\System32\msvcrt.dll
0x00007ff90edd0000 - 0x00007ff90ee76000 	C:\WINDOWS\System32\sechost.dll
0x00007ff90f2a0000 - 0x00007ff90f3b8000 	C:\WINDOWS\System32\RPCRT4.dll
0x00007ff90f3c0000 - 0x00007ff90f584000 	C:\WINDOWS\System32\USER32.dll
0x00007ff8f3830000 - 0x00007ff8f3ac3000 	C:\WINDOWS\WinSxS\amd64_microsoft.windows.common-controls_6595b64144ccf1df_6.0.26100.5074_none_3e0d6f78e32fd63f\COMCTL32.dll
0x00007ff90e1d0000 - 0x00007ff90e1f7000 	C:\WINDOWS\System32\win32u.dll
0x00007ff90ee80000 - 0x00007ff90eeab000 	C:\WINDOWS\System32\GDI32.dll
0x00007ff90df30000 - 0x00007ff90e05d000 	C:\WINDOWS\System32\gdi32full.dll
0x00007ff90e060000 - 0x00007ff90e103000 	C:\WINDOWS\System32\msvcp_win.dll
0x00007ff8fe1f0000 - 0x00007ff8fe1fb000 	C:\WINDOWS\SYSTEM32\VERSION.dll
0x00007ff90ea00000 - 0x00007ff90ea2f000 	C:\WINDOWS\System32\IMM32.DLL
0x00007ff8cd6e0000 - 0x00007ff8cd6ec000 	C:\Java\bin\vcruntime140_1.dll
0x00007ff8c5bb0000 - 0x00007ff8c5c3e000 	C:\Java\bin\msvcp140.dll
0x00007ff85f2b0000 - 0x00007ff85ffca000 	C:\Java\bin\server\jvm.dll
0x00007ff90f220000 - 0x00007ff90f294000 	C:\WINDOWS\System32\WS2_32.dll
0x00007ff90dc20000 - 0x00007ff90dc7e000 	C:\WINDOWS\SYSTEM32\POWRPROF.dll
0x00007ff8ef480000 - 0x00007ff8ef4b5000 	C:\WINDOWS\SYSTEM32\WINMM.dll
0x00007ff90dc00000 - 0x00007ff90dc14000 	C:\WINDOWS\SYSTEM32\UMPDC.dll
0x00007ff90cb60000 - 0x00007ff90cb7b000 	C:\WINDOWS\SYSTEM32\kernel.appcore.dll
0x00007ff8cc650000 - 0x00007ff8cc65a000 	C:\Java\bin\jimage.dll
0x00007ff90b620000 - 0x00007ff90b862000 	C:\WINDOWS\SYSTEM32\DBGHELP.DLL
0x00007ff910190000 - 0x00007ff91050b000 	C:\WINDOWS\System32\combase.dll
0x00007ff910670000 - 0x00007ff910747000 	C:\WINDOWS\System32\OLEAUT32.dll
0x00007ff8f5ea0000 - 0x00007ff8f5edd000 	C:\WINDOWS\SYSTEM32\dbgcore.DLL
0x00007ff90e960000 - 0x00007ff90e9f9000 	C:\WINDOWS\System32\bcryptPrimitives.dll
0x00007ff8cb240000 - 0x00007ff8cb24f000 	C:\Java\bin\instrument.dll
0x00007ff8cbc30000 - 0x00007ff8cbc4f000 	C:\Java\bin\java.dll
0x00007ff90fa40000 - 0x00007ff91018d000 	C:\WINDOWS\System32\SHELL32.dll
0x00007ff90ddc0000 - 0x00007ff90df2c000 	C:\WINDOWS\System32\wintypes.dll
0x00007ff90ba00000 - 0x00007ff90c259000 	C:\WINDOWS\SYSTEM32\windows.storage.dll
0x00007ff90ef70000 - 0x00007ff90f060000 	C:\WINDOWS\System32\SHCORE.dll
0x00007ff90ea50000 - 0x00007ff90eab2000 	C:\WINDOWS\System32\shlwapi.dll
0x00007ff90dce0000 - 0x00007ff90dd09000 	C:\WINDOWS\SYSTEM32\profapi.dll
0x00007ff8c4db0000 - 0x00007ff8c4e87000 	C:\Java\bin\jsvml.dll
0x00007ff8cb170000 - 0x00007ff8cb188000 	C:\Java\bin\zip.dll
0x00007ff8cbc20000 - 0x00007ff8cbc30000 	C:\java\bin\net.dll
0x00007ff9029b0000 - 0x00007ff902acf000 	C:\WINDOWS\SYSTEM32\WINHTTP.dll
0x00007ff90d0c0000 - 0x00007ff90d12b000 	C:\WINDOWS\system32\mswsock.dll
0x00007ff8cbc00000 - 0x00007ff8cbc16000 	C:\java\bin\nio.dll
0x00007ff8cac70000 - 0x00007ff8cac79000 	C:\java\bin\extnet.dll
0x00007ff8cac60000 - 0x00007ff8cac6a000 	C:\java\bin\management.dll
0x00007ff8caa00000 - 0x00007ff8caa0b000 	C:\java\bin\management_ext.dll
0x00007ff90f070000 - 0x00007ff90f078000 	C:\WINDOWS\System32\PSAPI.DLL

dbghelp: loaded successfully - version: 4.0.5 - missing functions: none
symbol engine: initialized successfully - sym options: 0x614 - pdb path: .;C:\Java\bin;C:\WINDOWS\SYSTEM32;C:\WINDOWS\WinSxS\amd64_microsoft.windows.common-controls_6595b64144ccf1df_6.0.26100.5074_none_3e0d6f78e32fd63f;C:\Java\bin\server

VM Arguments:
jvm_args: -javaagent:C:\Program Files\JetBrains\IntelliJ IDEA Community Edition 2025.1.2\lib\idea_rt.jar=53964 -Dfile.encoding=UTF-8 -Dsun.stdout.encoding=UTF-8 -Dsun.stderr.encoding=UTF-8 
java_command: com.cwa.GestionDeSalleDeSportV2.GestionDeSalleDeSportV2Application
java_class_path (initial): C:\Users\admin\Desktop\zouPasTouche\app\poject2.0\Soutenance\Backend\v2.0\GestionDeSalleDeSportV2\target\classes;C:\Users\admin\.m2\repository\org\springframework\boot\spring-boot-starter-data-jpa\3.1.5\spring-boot-starter-data-jpa-3.1.5.jar;C:\Users\admin\.m2\repository\org\springframework\boot\spring-boot-starter-aop\3.1.5\spring-boot-starter-aop-3.1.5.jar;C:\Users\admin\.m2\repository\org\aspectj\aspectjweaver\1.9.20\aspectjweaver-1.9.20.jar;C:\Users\admin\.m2\repository\org\springframework\boot\spring-boot-starter-jdbc\3.1.5\spring-boot-starter-jdbc-3.1.5.jar;C:\Users\admin\.m2\repository\com\zaxxer\HikariCP\5.0.1\HikariCP-5.0.1.jar;C:\Users\admin\.m2\repository\org\springframework\spring-jdbc\6.0.13\spring-jdbc-6.0.13.jar;C:\Users\admin\.m2\repository\org\hibernate\orm\hibernate-core\6.2.13.Final\hibernate-core-6.2.13.Final.jar;C:\Users\admin\.m2\repository\jakarta\persistence\jakarta.persistence-api\3.1.0\jakarta.persistence-api-3.1.0.jar;C:\Users\admin\.m2\repository\jakarta\transaction\jakarta.transaction-api\2.0.1\jakarta.transaction-api-2.0.1.jar;C:\Users\admin\.m2\repository\org\jboss\logging\jboss-logging\3.5.3.Final\jboss-logging-3.5.3.Final.jar;C:\Users\admin\.m2\repository\org\hibernate\common\hibernate-commons-annotations\6.0.6.Final\hibernate-commons-annotations-6.0.6.Final.jar;C:\Users\admin\.m2\repository\io\smallrye\jandex\3.0.5\jandex-3.0.5.jar;C:\Users\admin\.m2\repository\com\fasterxml\classmate\1.5.1\classmate-1.5.1.jar;C:\Users\admin\.m2\repository\net\bytebuddy\byte-buddy\1.14.9\byte-buddy-1.14.9.jar;C:\Users\admin\.m2\repository\org\glassfish\jaxb\jaxb-runtime\4.0.3\jaxb-runtime-4.0.3.jar;C:\Users\admin\.m2\repository\org\glassfish\jaxb\jaxb-core\4.0.3\jaxb-core-4.0.3.jar;C:\Users\admin\.m2\repository\org\glassfish\jaxb\txw2\4.0.3\txw2-4.0.3.jar;C:\Users\admin\.m2\repository\com\sun\istack\istack-commons-runtime\4.1.2\istack-commons-runtime-4.1.2.jar;C:\Users\admin\.m2\repository\jakarta\inject\jakarta.inject-api\2.0.1\jakarta.inject-api-2.0.1.jar;C:\Users\admin\.m2\repository\org\antlr\antlr4-runtime\4.10.1\antlr4-runtime-4.10.1.jar;C:\Users\admin\.m2\repository\org\springframework\data\spring-data-jpa\3.1.5\spring-data-jpa-3.1.5.jar;C:\Users\admin\.m2\repository\org\springframework\data\spring-data-commons\3.1.5\spring-data-commons-3.1.5.jar;C:\Users\admin\.m2\repository\org\springframework\spring-orm\6.0.13\spring-orm-6.0.13.jar;C:\Users\admin\.m2\repository\org\springframework\spring-context\6.0.13\spring-context-6.0.13.jar;C:\Users\admin\.m2\repository\org\springframework\spring-tx\6.0.13\spring-tx-6.0.13.jar;C:\Users\admin\.m2\repository\org\springframework\spring-beans\6.0.13\spring-beans-6.0.13.jar;C:\Users\admin\.m2\repository\jakarta\annotation\jakarta.annotation-api\2.1.1\jakarta.annotation-api-2.1.1.jar;C:\Users\admin\.m2\repository\org\springframework\spring-aspects\6.0.13\spring-aspects-6.0.13.jar;C:\Users\admin\.m2\repository\org\springframework\boot\spring-boot-starter-security\3.1.5\spring-boot-starter-security-3.1.5.jar;C:\Users\admin\.m2\repository\org\springframework\boot\spring-boot-starter\3.1.5\spring-boot-starter-3.1.5.jar;C:\Users\admin\.m2\repository\org\yaml\snakeyaml\1.33\snakeyaml-1.33.jar;C:\Users\admin\.m2\repository\org\springframework\spring-aop\6.0.13\spring-aop-6.0.13.jar;C:\Users\admin\.m2\repository\org\springframework\security\spring-security-config\6.1.5\spring-security-config-6.1.5.jar;C:\Users\admin\.m2\repository\org\springframework\security\spring-security-web\6.1.5\spring-security-web-6.1.5.jar;C:\Users\admin\.m2\repository\org\springframework\spring-expression\6.0.13\spring-expression-6.0.13.jar;C:\Users\admin\.m2\repository\org\springframework\boot\spring-boot-starter-web\3.1.5\spring-boot-starter-web-3.1.5.jar;C:\Users\admin\.m2\repository\org\springframework\boot\spring-boot-starter-json\3.1.5\spring-boot-starter-json-3.1.5.jar;C:\Users\admin\.m2\repository\com\fasterxml\jackson\datatype\jackson-datatype-jdk8\2.15.3\jackson-datatype-jdk8-2.15.3.jar;C:\Users\admin\.m2\repository\com\fasterxml\jackson\module\jackson-module-parameter-names\2.15.3\jackson-module-parameter-names-2.15.3.jar;C:\Users\admin\.m2\repository\org\springframework\boot\spring-boot-starter-tomcat\3.1.5\spring-boot-starter-tomcat-3.1.5.jar;C:\Users\admin\.m2\repository\org\apache\tomcat\embed\tomcat-embed-core\10.1.15\tomcat-embed-core-10.1.15.jar;C:\Users\admin\.m2\repository\org\apache\tomcat\embed\tomcat-embed-websocket\10.1.15\tomcat-embed-websocket-10.1.15.jar;C:\Users\admin\.m2\repository\org\springframework\spring-web\6.0.13\spring-web-6.0.13.jar;C:\Users\admin\.m2\repository\io\micrometer\micrometer-observation\1.11.5\micrometer-observation-1.11.5.jar;C:\Users\admin\.m2\repository\io\micrometer\micrometer-commons\1.11.5\micrometer-commons-1.11.5.jar;C:\Users\admin\.m2\repository\org\springframework\spring-webmvc\6.0.13\spring-webmvc-6.0.13.jar;C:\Users\admin\.m2\repository\com\mysql\mysql-connector-j\8.0.33\mysql-connector-j-8.0.33.jar;C:\Users\admin\.m2\repository\jakarta\validation\jakarta.validation-api\3.0.2\jakarta.validation-api-3.0.2.jar;C:\Users\admin\.m2\repository\org\springframework\boot\spring-boot-starter-validation\3.1.5\spring-boot-starter-validation-3.1.5.jar;C:\Users\admin\.m2\repository\org\apache\tomcat\embed\tomcat-embed-el\10.1.15\tomcat-embed-el-10.1.15.jar;C:\Users\admin\.m2\repository\org\hibernate\validator\hibernate-validator\8.0.1.Final\hibernate-validator-8.0.1.Final.jar;C:\Users\admin\.m2\repository\org\springframework\boot\spring-boot-starter-mail\3.1.5\spring-boot-starter-mail-3.1.5.jar;C:\Users\admin\.m2\repository\org\springframework\spring-context-support\6.0.13\spring-context-support-6.0.13.jar;C:\Users\admin\.m2\repository\org\eclipse\angus\jakarta.mail\1.1.0\jakarta.mail-1.1.0.jar;C:\Users\admin\.m2\repository\jakarta\activation\jakarta.activation-api\2.1.2\jakarta.activation-api-2.1.2.jar;C:\Users\admin\.m2\repository\org\eclipse\angus\angus-activation\2.0.1\angus-activation-2.0.1.jar;C:\Users\admin\.m2\repository\org\springdoc\springdoc-openapi-starter-webmvc-ui\2.1.0\springdoc-openapi-starter-webmvc-ui-2.1.0.jar;C:\Users\admin\.m2\repository\org\springdoc\springdoc-openapi-starter-webmvc-api\2.1.0\springdoc-openapi-starter-webmvc-api-2.1.0.jar;C:\Users\admin\.m2\repository\org\springdoc\springdoc-openapi-starter-common\2.1.0\springdoc-openapi-starter-common-2.1.0.jar;C:\Users\admin\.m2\repository\io\swagger\core\v3\swagger-core-jakarta\2.2.9\swagger-core-jakarta-2.2.9.jar;C:\Users\admin\.m2\repository\org\apache\commons\commons-lang3\3.12.0\commons-lang3-3.12.0.jar;C:\Users\admin\.m2\repository\io\swagger\core\v3\swagger-annotations-jakarta\2.2.9\swagger-annotations-jakarta-2.2.9.jar;C:\Users\admin\.m2\repository\io\swagger\core\v3\swagger-models-jakarta\2.2.9\swagger-models-jakarta-2.2.9.jar;C:\Users\admin\.m2\repository\com\fasterxml\jackson\dataformat\jackson-dataformat-yaml\2.15.3\jackson-dataformat-yaml-2.15.3.jar;C:\Users\admin\.m2\repository\org\webjars\swagger-ui\4.18.2\swagger-ui-4.18.2.jar;C:\Users\admin\.m2\repository\com\itextpdf\kernel\7.2.3\kernel-7.2.3.jar;C:\Users\admin\.m2\repository\com\itextpdf\io\7.2.3\io-7.2.3.jar;C:\Users\admin\.m2\repository\com\itextpdf\commons\7.2.3\commons-7.2.3.jar;C:\Users\admin\.m2\repository\org\bouncycastle\bcpkix-jdk15on\1.70\bcpkix-jdk15on-1.70.jar;C:\Users\admin\.m2\repository\org\bouncycastle\bcutil-jdk15on\1.70\bcutil-jdk15on-1.70.jar;C:\Users\admin\.m2\repository\org\bouncycastle\bcprov-jdk15on\1.70\bcprov-jdk15on-1.70.jar;C:\Users\admin\.m2\repository\org\slf4j\slf4j-api\2.0.9\slf4j-api-2.0.9.jar;C:\Users\admin\.m2\repository\com\itextpdf\layout\7.2.3\layout-7.2.3.jar;C:\Users\admin\.m2\repository\io\jsonwebtoken\jjwt-api\0.11.5\jjwt-api-0.11.5.jar;C:\Users\admin\.m2\repository\io\jsonwebtoken\jjwt-impl\0.11.5\jjwt-impl-0.11.5.jar;C:\Users\admin\.m2\repository\io\jsonwebtoken\jjwt-jackson\0.11.5\jjwt-jackson-0.11.5.jar;C:\Users\admin\.m2\repository\com\fasterxml\jackson\core\jackson-databind\2.15.3\jackson-databind-2.15.3.jar;C:\Users\admin\.m2\repository\org\springframework\boot\spring-boot-devtools\3.1.5\spring-boot-devtools-3.1.5.jar;C:\Users\admin\.m2\repository\org\springframework\boot\spring-boot\3.1.5\spring-boot-3.1.5.jar;C:\Users\admin\.m2\repository\org\springframework\boot\spring-boot-autoconfigure\3.1.5\spring-boot-autoconfigure-3.1.5.jar;C:\Users\admin\.m2\repository\jakarta\xml\bind\jakarta.xml.bind-api\4.0.1\jakarta.xml.bind-api-4.0.1.jar;C:\Users\admin\.m2\repository\org\springframework\spring-core\6.0.13\spring-core-6.0.13.jar;C:\Users\admin\.m2\repository\org\springframework\spring-jcl\6.0.13\spring-jcl-6.0.13.jar;C:\Users\admin\.m2\repository\org\springframework\security\spring-security-core\6.1.5\spring-security-core-6.1.5.jar;C:\Users\admin\.m2\repository\org\springframework\security\spring-security-crypto\6.1.5\spring-security-crypto-6.1.5.jar;C:\Users\admin\.m2\repository\org\springframework\boot\spring-boot-starter-logging\3.1.5\spring-boot-starter-logging-3.1.5.jar;C:\Users\admin\.m2\repository\ch\qos\logback\logback-classic\1.4.11\logback-classic-1.4.11.jar;C:\Users\admin\.m2\repository\ch\qos\logback\logback-core\1.4.11\logback-core-1.4.11.jar;C:\Users\admin\.m2\repository\org\apache\logging\log4j\log4j-to-slf4j\2.20.0\log4j-to-slf4j-2.20.0.jar;C:\Users\admin\.m2\repository\org\apache\logging\log4j\log4j-api\2.20.0\log4j-api-2.20.0.jar;C:\Users\admin\.m2\repository\org\slf4j\jul-to-slf4j\2.0.9\jul-to-slf4j-2.0.9.jar;C:\Users\admin\.m2\repository\com\fasterxml\jackson\datatype\jackson-datatype-jsr310\2.15.2\jackson-datatype-jsr310-2.15.2.jar;C:\Users\admin\.m2\repository\com\fasterxml\jackson\core\jackson-annotations\2.15.3\jackson-annotations-2.15.3.jar;C:\Users\admin\.m2\repository\com\fasterxml\jackson\core\jackson-core\2.15.3\jackson-core-2.15.3.jar
Launcher Type: SUN_STANDARD

[Global flags]
     intx CICompilerCount                          = 4                                         {product} {ergonomic}
     uint ConcGCThreads                            = 2                                         {product} {ergonomic}
     uint G1ConcRefinementThreads                  = 8                                         {product} {ergonomic}
   size_t G1HeapRegionSize                         = 1048576                                   {product} {ergonomic}
    uintx GCDrainStackTargetSize                   = 64                                        {product} {ergonomic}
   size_t InitialHeapSize                          = 132120576                                 {product} {ergonomic}
   size_t MarkStackSize                            = 4194304                                   {product} {ergonomic}
   size_t MaxHeapSize                              = 2095054848                                {product} {ergonomic}
   size_t MaxNewSize                               = 1256194048                                {product} {ergonomic}
   size_t MinHeapDeltaBytes                        = 1048576                                   {product} {ergonomic}
   size_t MinHeapSize                              = 8388608                                   {product} {ergonomic}
    uintx NonNMethodCodeHeapSize                   = 5839372                                {pd product} {ergonomic}
    uintx NonProfiledCodeHeapSize                  = 122909434                              {pd product} {ergonomic}
    uintx ProfiledCodeHeapSize                     = 122909434                              {pd product} {ergonomic}
    uintx ReservedCodeCacheSize                    = 251658240                              {pd product} {ergonomic}
     bool SegmentedCodeCache                       = true                                      {product} {ergonomic}
   size_t SoftMaxHeapSize                          = 2095054848                             {manageable} {ergonomic}
     bool UseCompressedOops                        = true                           {product lp64_product} {ergonomic}
     bool UseG1GC                                  = true                                      {product} {ergonomic}
     bool UseLargePagesIndividualAllocation        = false                                  {pd product} {ergonomic}

Logging:
Log output configuration:
 #0: stdout all=warning uptime,level,tags foldmultilines=false
 #1: stderr all=off uptime,level,tags foldmultilines=false

Environment Variables:
JAVA_HOME=C:\java
PATH=C:\Program Files\Common Files\Oracle\Java\javapath;C:\WINDOWS\system32;C:\WINDOWS;C:\WINDOWS\System32\Wbem;C:\WINDOWS\System32\WindowsPowerShell\v1.0\;C:\WINDOWS\System32\OpenSSH\;C:\Program Files\dotnet\;C:\java;C:\Users\admin\Desktop\zouPasTouche\maven\apache-maven-3.9.10\bin;C:\Program Files\Git\cmd;C:\Program Files\nodejs\;C:\flutter\bin;C:\Users\admin\AppData\Local\Android\Sdk\cmdline-tools\latest\bin;C:\Users\admin\AppData\Local\Android\Sdk\platform-tools;C:\Users\admin\AppData\Local\Microsoft\WindowsApps;C:\Users\admin\AppData\Local\Programs\Microsoft VS Code\bin;C:\Program Files\JetBrains\IntelliJ IDEA Community Edition 2025.1.2\bin;;C:\Users\admin\AppData\Roaming\npm
USERNAME=admin
OS=Windows_NT
PROCESSOR_IDENTIFIER=Intel64 Family 6 Model 158 Stepping 10, GenuineIntel
TMP=C:\Users\admin\AppData\Local\Temp
TEMP=C:\Users\admin\AppData\Local\Temp




Periodic native trim disabled

---------------  S Y S T E M  ---------------

OS:
 Windows 11 , 64 bit Build 26100 (10.0.26100.5074)
OS uptime: 10 days 0:22 hours
Hyper-V role detected

CPU: total 8 (initial active 8) (4 cores per cpu, 2 threads per core) family 6 model 158 stepping 10 microcode 0xf8, cx8, cmov, fxsr, ht, mmx, 3dnowpref, sse, sse2, sse3, ssse3, sse4.1, sse4.2, popcnt, lzcnt, tsc, tscinvbit, avx, avx2, aes, erms, clmul, bmi1, bmi2, adx, fma, vzeroupper, clflush, clflushopt, hv, rdtscp, f16c
Processor Information for all 8 processors :
  Max Mhz: 2304, Current Mhz: 2304, Mhz Limit: 2304

Memory: 4k page, system-wide physical 7985M (919M free)
TotalPageFile size 23273M (AvailPageFile size 4M)
current process WorkingSet (physical memory assigned to process): 99M, peak: 100M
current process commit charge ("private bytes"): 233M, peak: 236M

vm_info: Java HotSpot(TM) 64-Bit Server VM (21.0.7+8-LTS-245) for windows-amd64 JRE (21.0.7+8-LTS-245), built on 2025-02-21T05:11:27Z by "mach5one" with MS VC++ 17.6 (VS2022)

END.
